FAULT 0:30.6 S120 | craft-gui jump @191,65,68 child=CraftInTableTask | see T2Codes / paste faults.log
FAULT 0:31.2 E109 | mine/collect with no pick child=CollectIronIngotTask | see T2Codes / paste faults.log
FAULT 0:32.1 E112 | ph IRON->BOOTSTRAP in 986ms | see T2Codes / paste faults.log
FAULT 0:35.8 S130 | START trigger=flips=3 ph=IRON prev=CollectIronIngotTask cycle=1 pos=190,63,68 walls=4/4/4 sky=12 place=5 boxed=true hold=false cool=0 ban=0 startY=63 step=0 | pillar state machine: check ban column vs actual shaft column
FAULT 0:37.6 E100 | jumps=11 @190,66,68 ph=IRON child=HolePillarTask | jump-in-place: release jump, turn 90, walk. check cobble reserve
FAULT 0:37.8 S130 | tick y=66 slot=3 air=false pos=190,66,68 walls=2/2/2 sky=14 place=3 boxed=false hold=true cool=0 ban=0 startY=63 step=41 | pillar state machine: check ban column vs actual shaft column
FAULT 0:38.3 S133 | cool arm ticks=240 reason=stuck-low step=50 y=66 startY=63 ban=190,68 pos=190,66,68 walls=2/2/2 sky=14 place=3 boxed=false hold=true cool=240 ban=240 startY=63 step=50 | pillar state machine: check ban column vs actual shaft column
FAULT 0:38.3 S136 | END reason=stuck-low step=50 y=66 startY=63 roseReal=false giveUp=true pos=190,66,68 walls=2/2/2 sky=14 place=3 boxed=false hold=true cool=240 ban=240 startY=63 step=50 | pillar state machine: check ban column vs actual shaft column
FAULT 0:38.9 S138 | shaft ban clear left-xz ban=190,68 now=192,68 manh=2 left=229 | pillar state machine: check ban column vs actual shaft column
FAULT 0:39.2 S109 | equip pick for mining (was holding empty) | mining with a block in hand: force-equip the pick (S109 does this)
FAULT 0:42.3 S135 | S130 suppressed why=would-S130 but busy cool=160 flips=3 sameXz=29 child=CollectIronIngotTask cool=160 ban=0 hold=false pos=191,63,69 walls=4/4/4 sky=12 place=4 boxed=true hold=false cool=160 ban=0 startY=- step=0 | pillar state machine: check ban column vs actual shaft column
FAULT 0:44.1 S100 | stop jump-walk @191,69 ph=IRON child=CollectIronIngotTask esc=0 | jump-in-place: release jump, turn 90, walk. check cobble reserve
FAULT 0:44.3 S135 | S130 suppressed why=would-S130 but busy cool=120 flips=0 sameXz=69 child=CollectIronIngotTask cool=120 ban=0 hold=false pos=191,62,69 walls=4/4/4 sky=11 place=5 boxed=true hold=false cool=120 ban=0 startY=- step=0 | pillar state machine: check ban column vs actual shaft column
FAULT 0:44.9 E100 | jumps=6 @191,62,69 ph=IRON child=CollectIronIngotTask | jump-in-place: release jump, turn 90, walk. check cobble reserve
FAULT 0:46.3 S135 | S130 suppressed why=would-S130 but busy cool=80 flips=2 sameXz=109 child=CollectIronIngotTask cool=80 ban=0 hold=false pos=191,61,69 walls=4/4/4 sky=10 place=7 boxed=true hold=false cool=80 ban=0 startY=- step=0 | pillar state machine: check ban column vs actual shaft column
FAULT 0:48.4 S109 | equip pick for mining (was holding dirt) | mining with a block in hand: force-equip the pick (S109 does this)
FAULT 0:48.5 S120 | craft-gui jump @191,61,69 child=CollectIronIngotTask | see T2Codes / paste faults.log
FAULT 0:50.3 S134 | pillar cool expire after flips=3 end=stuck-low step=50 y=66 startY=63 | pillar state machine: check ban column vs actual shaft column
FAULT 0:50.4 S138 | shaft ban clear left-xz ban=190,68 now=191,69 manh=2 left=60 | pillar state machine: check ban column vs actual shaft column
FAULT 0:56.3 E70 | iron stall 6s @191,68 — clear blacklist + re-pick ore | see T2Codes / paste faults.log
FAULT 1:02.6 E70 | iron stall 6s @190,67 — clear blacklist + re-pick ore | see T2Codes / paste faults.log
FAULT 1:08.6 E70 | iron stall 6s @189,67 — clear blacklist + re-pick ore | see T2Codes / paste faults.log
FAULT 1:24.4 E70 | iron stall 6s @186,64 — clear blacklist + re-pick ore | see T2Codes / paste faults.log
FAULT 1:30.4 E70 | iron stall 6s @185,64 — clear blacklist + re-pick ore | see T2Codes / paste faults.log
FAULT 1:37.3 E70 | iron stall 6s @185,67 — clear blacklist + re-pick ore | see T2Codes / paste faults.log
FAULT 1:44.8 E70 | iron stall 6s @185,68 — clear blacklist + re-pick ore | see T2Codes / paste faults.log
FAULT 1:50.5 S130 | START trigger=flips=4 ph=IRON prev=CollectIronIngotTask cycle=1 pos=191,60,69 walls=4/4/3 sky=9 place=42 boxed=true hold=false cool=0 ban=0 startY=60 step=0 | pillar state machine: check ban column vs actual shaft column
FAULT 1:52.5 S139 | rise confirmed +4y y=64 startY=60 pos=191,64,69 walls=4/2/4 sky=13 place=38 boxed=false hold=true cool=0 ban=0 startY=60 step=40 | rise confirmed: real escape, cool armed
FAULT 1:52.5 S133 | cool arm ticks=80 reason=risen y=64 startY=60 ban=191,69 pos=191,64,69 walls=4/2/4 sky=13 place=38 boxed=false hold=true cool=80 ban=80 startY=60 step=40 | pillar state machine: check ban column vs actual shaft column
FAULT 1:52.5 S136 | END reason=risen y=64 startY=60 roseReal=true giveUp=true pos=191,64,69 walls=4/2/4 sky=13 place=38 boxed=false hold=true cool=80 ban=80 startY=60 step=40 | pillar state machine: check ban column vs actual shaft column
FAULT 1:52.8 S109 | equip pick for mining (was holding cobblestone) | mining with a block in hand: force-equip the pick (S109 does this)
FAULT 1:53.7 E100 | jumps=13 @191,63,69 ph=IRON child=CollectIronIngotTask | jump-in-place: release jump, turn 90, walk. check cobble reserve
FAULT 1:54.7 S138 | shaft ban clear left-xz ban=191,69 now=192,70 manh=2 left=36 | pillar state machine: check ban column vs actual shaft column
FAULT 1:56.5 S134 | pillar cool expire after flips=4 end=risen y=64 startY=60 | pillar state machine: check ban column vs actual shaft column
FAULT 1:56.5 S138 | shaft ban clear left-xz ban=191,69 now=198,73 manh=11 left=60 | pillar state machine: check ban column vs actual shaft column
FAULT 1:58.3 S130 | START trigger=flips=3 ph=IRON prev=CollectIronIngotTask cycle=1 pos=198,63,73 walls=4/4/4 sky=15 place=40 boxed=true hold=false cool=0 ban=0 startY=63 step=0 | pillar state machine: check ban column vs actual shaft column
FAULT 2:00.1 E100 | jumps=11 @198,66,73 ph=IRON child=HolePillarTask | jump-in-place: release jump, turn 90, walk. check cobble reserve
FAULT 2:00.1 S139 | rise confirmed +4y y=67 startY=63 pos=198,67,73 walls=0/0/0 sky=15 place=38 boxed=false hold=true cool=0 ban=0 startY=63 step=37 | rise confirmed: real escape, cool armed
FAULT 2:00.1 S133 | cool arm ticks=80 reason=risen y=67 startY=63 ban=198,73 pos=198,67,73 walls=0/0/0 sky=15 place=38 boxed=false hold=true cool=80 ban=80 startY=63 step=37 | pillar state machine: check ban column vs actual shaft column
FAULT 2:00.1 S136 | END reason=risen y=67 startY=63 roseReal=true giveUp=true pos=198,67,73 walls=0/0/0 sky=15 place=38 boxed=false hold=true cool=80 ban=80 startY=63 step=37 | pillar state machine: check ban column vs actual shaft column
FAULT 2:03.4 S135 | S130 suppressed why=would-S130 but busy cool=14 flips=6 sameXz=66 child=CollectIronIngotTask cool=14 ban=14 hold=false pos=198,63,73 walls=4/4/4 sky=15 place=40 boxed=true hold=false cool=14 ban=14 startY=- step=0 | pillar state machine: check ban column vs actual shaft column
FAULT 2:03.4 S100 | stop jump-walk @198,73 ph=IRON child=CollectIronIngotTask esc=1 | jump-in-place: release jump, turn 90, walk. check cobble reserve
FAULT 2:03.4 S144 | jump-stuck collector — replace CollectIronIngotTask with wander (esc=2) | S100 nudge ineffective on a collector: child replaced with TimeoutWanderTask to break the re-path loop
FAULT 2:04.1 S134 | pillar cool expire after flips=3 end=risen y=67 startY=63 | pillar state machine: check ban column vs actual shaft column
FAULT 2:04.1 S137 | re-cool still-boxed@198,73 n=1 ticks=160 end=risen y=67 startY=63 pos=198,63,73 walls=4/4/4 sky=15 place=41 boxed=true hold=false cool=160 ban=160 startY=- step=0 | pillar state machine: check ban column vs actual shaft column
FAULT 2:06.0 S138 | shaft ban clear left-xz ban=198,73 now=198,75 manh=2 left=123 | pillar state machine: check ban column vs actual shaft column
FAULT 2:12.1 S134 | pillar cool expire after flips=3 end=risen y=67 startY=63 | pillar state machine: check ban column vs actual shaft column
FAULT 2:12.2 S138 | shaft ban clear left-xz ban=198,73 now=208,86 manh=23 left=60 | pillar state machine: check ban column vs actual shaft column
FAULT 2:14.5 S130 | START trigger=flips=3 ph=IRON prev=CollectIronIngotTask cycle=1 pos=207,63,86 walls=4/4/4 sky=15 place=43 boxed=true hold=false cool=0 ban=0 startY=63 step=0 | pillar state machine: check ban column vs actual shaft column
FAULT 2:16.3 E100 | jumps=11 @207,67,86 ph=IRON child=HolePillarTask | jump-in-place: release jump, turn 90, walk. check cobble reserve
FAULT 2:16.3 S139 | rise confirmed +4y y=67 startY=63 pos=207,67,86 walls=0/0/0 sky=15 place=41 boxed=false hold=true cool=0 ban=0 startY=63 step=37 | rise confirmed: real escape, cool armed
FAULT 2:16.3 S133 | cool arm ticks=80 reason=risen y=67 startY=63 ban=207,86 pos=207,67,86 walls=0/0/0 sky=15 place=41 boxed=false hold=true cool=80 ban=80 startY=63 step=37 | pillar state machine: check ban column vs actual shaft column
FAULT 2:16.3 S136 | END reason=risen y=67 startY=63 roseReal=true giveUp=true pos=207,67,86 walls=0/0/0 sky=15 place=41 boxed=false hold=true cool=80 ban=80 startY=63 step=37 | pillar state machine: check ban column vs actual shaft column
FAULT 2:19.6 S135 | S130 suppressed why=would-S130 but busy cool=14 flips=6 sameXz=66 child=CollectIronIngotTask cool=14 ban=14 hold=false pos=207,63,86 walls=4/4/4 sky=15 place=43 boxed=true hold=false cool=14 ban=14 startY=- step=0 | pillar state machine: check ban column vs actual shaft column
FAULT 2:19.6 S100 | stop jump-walk @207,86 ph=IRON child=CollectIronIngotTask esc=0 | jump-in-place: release jump, turn 90, walk. check cobble reserve
FAULT 2:20.0 S109 | equip pick for mining (was holding cobblestone) | mining with a block in hand: force-equip the pick (S109 does this)
FAULT 2:20.3 S134 | pillar cool expire after flips=3 end=risen y=67 startY=63 | pillar state machine: check ban column vs actual shaft column
FAULT 2:20.3 S137 | re-cool still-boxed@207,86 n=1 ticks=160 end=risen y=67 startY=63 pos=207,63,86 walls=4/4/4 sky=15 place=44 boxed=true hold=false cool=160 ban=160 startY=- step=0 | pillar state machine: check ban column vs actual shaft column
FAULT 2:21.7 S135 | S130 suppressed why=would-S130 but busy cool=132 flips=3 sameXz=29 child=CollectIronIngotTask cool=132 ban=132 hold=false pos=207,61,86 walls=4/4/4 sky=15 place=45 boxed=true hold=false cool=132 ban=132 startY=- step=0 | pillar state machine: check ban column vs actual shaft column
FAULT 2:23.3 E100 | jumps=6 @207,60,86 ph=IRON child=CollectIronIngotTask | jump-in-place: release jump, turn 90, walk. check cobble reserve
FAULT 2:23.5 S144 | jump-stuck collector — replace CollectIronIngotTask with wander (esc=2) | S100 nudge ineffective on a collector: child replaced with TimeoutWanderTask to break the re-path loop
FAULT 2:28.0 S138 | shaft ban clear left-xz ban=207,86 now=209,86 manh=2 left=7 | pillar state machine: check ban column vs actual shaft column
FAULT 2:28.3 S134 | pillar cool expire after flips=3 end=risen y=67 startY=63 | pillar state machine: check ban column vs actual shaft column
FAULT 2:28.4 S138 | shaft ban clear left-xz ban=207,86 now=210,87 manh=4 left=60 | pillar state machine: check ban column vs actual shaft column
FAULT 2:34.4 S130 | START trigger=flips=3 ph=IRON prev=CollectIronIngotTask cycle=1 pos=207,62,98 walls=4/4/4 sky=15 place=47 boxed=true hold=false cool=0 ban=0 startY=62 step=0 | pillar state machine: check ban column vs actual shaft column
FAULT 2:36.2 E100 | jumps=11 @207,66,98 ph=IRON child=HolePillarTask | jump-in-place: release jump, turn 90, walk. check cobble reserve
FAULT 2:36.2 S139 | rise confirmed +4y y=66 startY=62 pos=207,66,98 walls=0/0/0 sky=15 place=45 boxed=false hold=true cool=0 ban=0 startY=62 step=37 | rise confirmed: real escape, cool armed
FAULT 2:36.2 S133 | cool arm ticks=80 reason=risen y=66 startY=62 ban=207,98 pos=207,66,98 walls=0/0/0 sky=15 place=45 boxed=false hold=true cool=80 ban=80 startY=62 step=37 | pillar state machine: check ban column vs actual shaft column
FAULT 2:36.2 S136 | END reason=risen y=66 startY=62 roseReal=true giveUp=true pos=207,66,98 walls=0/0/0 sky=15 place=45 boxed=false hold=true cool=80 ban=80 startY=62 step=37 | pillar state machine: check ban column vs actual shaft column
FAULT 2:36.9 S138 | shaft ban clear left-xz ban=207,98 now=207,96 manh=2 left=67 | pillar state machine: check ban column vs actual shaft column
FAULT 2:37.8 S109 | equip pick for mining (was holding cobblestone) | mining with a block in hand: force-equip the pick (S109 does this)
FAULT 2:39.8 S135 | S130 suppressed why=would-S130 but busy cool=9 flips=3 sameXz=45 child=CollectIronIngotTask cool=9 ban=0 hold=false pos=205,62,94 walls=4/4/4 sky=15 place=46 boxed=true hold=false cool=9 ban=0 startY=- step=0 | pillar state machine: check ban column vs actual shaft column
FAULT 2:40.2 S134 | pillar cool expire after flips=3 end=risen y=66 startY=62 | pillar state machine: check ban column vs actual shaft column
FAULT 2:40.3 S138 | shaft ban clear left-xz ban=207,98 now=205,94 manh=6 left=60 | pillar state machine: check ban column vs actual shaft column
FAULT 2:41.6 E100 | jumps=6 @205,61,94 ph=IRON child=CollectIronIngotTask | jump-in-place: release jump, turn 90, walk. check cobble reserve
FAULT 2:41.9 S130 | START trigger=flips=3 ph=IRON prev=CollectIronIngotTask cycle=1 pos=205,60,94 walls=4/4/4 sky=15 place=48 boxed=true hold=false cool=0 ban=0 startY=60 step=0 | pillar state machine: check ban column vs actual shaft column
FAULT 2:43.7 S139 | rise confirmed +4y y=64 startY=60 pos=205,64,94 walls=0/0/4 sky=15 place=46 boxed=false hold=true cool=0 ban=0 startY=60 step=37 | rise confirmed: real escape, cool armed
FAULT 2:43.7 S133 | cool arm ticks=80 reason=risen y=64 startY=60 ban=205,94 pos=205,64,94 walls=0/0/4 sky=15 place=46 boxed=false hold=true cool=80 ban=80 startY=60 step=37 | pillar state machine: check ban column vs actual shaft column
FAULT 2:43.7 S136 | END reason=risen y=64 startY=60 roseReal=true giveUp=true pos=205,64,94 walls=0/0/4 sky=15 place=46 boxed=false hold=true cool=80 ban=80 startY=60 step=37 | pillar state machine: check ban column vs actual shaft column
FAULT 2:45.1 S135 | S130 suppressed why=would-S130 but busy cool=52 flips=3 sameXz=28 child=CollectIronIngotTask cool=52 ban=52 hold=false pos=205,62,94 walls=4/4/4 sky=15 place=46 boxed=true hold=false cool=52 ban=52 startY=- step=0 | pillar state machine: check ban column vs actual shaft column
FAULT 2:47.0 S100 | stop jump-walk @205,94 ph=IRON child=CollectIronIngotTask esc=0 | jump-in-place: release jump, turn 90, walk. check cobble reserve
FAULT 2:47.2 S135 | S130 suppressed why=would-S130 but busy cool=11 flips=0 sameXz=69 child=CollectIronIngotTask cool=11 ban=11 hold=false pos=205,60,94 walls=4/4/4 sky=15 place=48 boxed=true hold=false cool=11 ban=11 startY=- step=0 | pillar state machine: check ban column vs actual shaft column
FAULT 2:47.7 S134 | pillar cool expire after flips=3 end=risen y=64 startY=60 | pillar state machine: check ban column vs actual shaft column
FAULT 2:47.7 S137 | re-cool still-boxed@205,94 n=1 ticks=160 end=risen y=64 startY=60 pos=205,60,94 walls=4/4/4 sky=15 place=49 boxed=true hold=false cool=160 ban=160 startY=- step=0 | pillar state machine: check ban column vs actual shaft column
FAULT 2:48.1 E100 | jumps=6 @205,59,94 ph=IRON child=CollectIronIngotTask | jump-in-place: release jump, turn 90, walk. check cobble reserve
FAULT 2:49.2 S135 | S130 suppressed why=would-S130 but busy cool=130 flips=4 sameXz=31 child=CollectIronIngotTask cool=130 ban=130 hold=false pos=205,58,94 walls=4/4/4 sky=15 place=50 boxed=true hold=false cool=130 ban=130 startY=- step=0 | pillar state machine: check ban column vs actual shaft column
FAULT 2:49.9 S144 | jump-stuck collector — replace CollectIronIngotTask with wander (esc=2) | S100 nudge ineffective on a collector: child replaced with TimeoutWanderTask to break the re-path loop
FAULT 2:54.6 S138 | shaft ban clear left-xz ban=205,94 now=207,94 manh=2 left=24 | pillar state machine: check ban column vs actual shaft column
FAULT 2:55.7 S134 | pillar cool expire after flips=3 end=risen y=64 startY=60 | pillar state machine: check ban column vs actual shaft column
FAULT 2:55.8 S138 | shaft ban clear left-xz ban=205,94 now=213,95 manh=9 left=60 | pillar state machine: check ban column vs actual shaft column
FAULT 3:00.8 S130 | START trigger=flips=3 ph=IRON prev=CollectIronIngotTask cycle=1 pos=222,62,95 walls=4/4/4 sky=15 place=49 boxed=true hold=false cool=0 ban=0 startY=62 step=0 | pillar state machine: check ban column vs actual shaft column
FAULT 3:02.6 E100 | jumps=11 @222,65,95 ph=IRON child=HolePillarTask | jump-in-place: release jump, turn 90, walk. check cobble reserve
FAULT 3:02.7 S139 | rise confirmed +4y y=66 startY=62 pos=222,66,95 walls=0/0/0 sky=15 place=47 boxed=false hold=true cool=0 ban=0 startY=62 step=37 | rise confirmed: real escape, cool armed
FAULT 3:02.7 S133 | cool arm ticks=80 reason=risen y=66 startY=62 ban=222,95 pos=222,66,95 walls=0/0/0 sky=15 place=47 boxed=false hold=true cool=80 ban=80 startY=62 step=37 | pillar state machine: check ban column vs actual shaft column
FAULT 3:02.7 S136 | END reason=risen y=66 startY=62 roseReal=true giveUp=true pos=222,66,95 walls=0/0/0 sky=15 place=47 boxed=false hold=true cool=80 ban=80 startY=62 step=37 | pillar state machine: check ban column vs actual shaft column
FAULT 3:06.0 S135 | S130 suppressed why=would-S130 but busy cool=14 flips=6 sameXz=66 child=CollectIronIngotTask cool=14 ban=14 hold=false pos=222,62,95 walls=4/4/4 sky=15 place=49 boxed=true hold=false cool=14 ban=14 startY=- step=0 | pillar state machine: check ban column vs actual shaft column
FAULT 3:06.0 S100 | stop jump-walk @222,95 ph=IRON child=CollectIronIngotTask esc=0 | jump-in-place: release jump, turn 90, walk. check cobble reserve
FAULT 3:06.3 S109 | equip pick for mining (was holding cobblestone) | mining with a block in hand: force-equip the pick (S109 does this)
FAULT 3:06.7 S134 | pillar cool expire after flips=3 end=risen y=66 startY=62 | pillar state machine: check ban column vs actual shaft column
FAULT 3:06.7 S137 | re-cool still-boxed@222,95 n=1 ticks=160 end=risen y=66 startY=62 pos=222,62,95 walls=4/4/4 sky=15 place=50 boxed=true hold=false cool=160 ban=160 startY=- step=0 | pillar state machine: check ban column vs actual shaft column
FAULT 3:08.1 S135 | S130 suppressed why=would-S130 but busy cool=132 flips=3 sameXz=29 child=CollectIronIngotTask cool=132 ban=132 hold=false pos=222,60,95 walls=4/4/4 sky=15 place=51 boxed=true hold=false cool=132 ban=132 startY=- step=0 | pillar state machine: check ban column vs actual shaft column
FAULT 3:09.0 E100 | jumps=6 @222,59,95 ph=IRON child=CollectIronIngotTask | jump-in-place: release jump, turn 90, walk. check cobble reserve
FAULT 3:09.2 S144 | jump-stuck collector — replace CollectIronIngotTask with wander (esc=2) | S100 nudge ineffective on a collector: child replaced with TimeoutWanderTask to break the re-path loop
FAULT 3:12.7 S138 | shaft ban clear left-xz ban=222,95 now=224,95 manh=2 left=40 | pillar state machine: check ban column vs actual shaft column
FAULT 3:14.7 S134 | pillar cool expire after flips=3 end=risen y=66 startY=62 | pillar state machine: check ban column vs actual shaft column
FAULT 3:14.7 S138 | shaft ban clear left-xz ban=222,95 now=233,98 manh=14 left=60 | pillar state machine: check ban column vs actual shaft column
FAULT 3:20.3 S130 | START trigger=flips=3 ph=IRON prev=CollectIronIngotTask cycle=1 pos=241,62,100 walls=4/4/4 sky=15 place=52 boxed=true hold=false cool=0 ban=0 startY=62 step=0 | pillar state machine: check ban column vs actual shaft column
FAULT 3:22.1 S139 | rise confirmed +4y y=66 startY=62 pos=241,66,100 walls=0/0/0 sky=15 place=50 boxed=false hold=true cool=0 ban=0 startY=62 step=37 | rise confirmed: real escape, cool armed
FAULT 3:22.1 S133 | cool arm ticks=80 reason=risen y=66 startY=62 ban=241,100 pos=241,66,100 walls=0/0/0 sky=15 place=50 boxed=false hold=true cool=80 ban=80 startY=62 step=37 | pillar state machine: check ban column vs actual shaft column
FAULT 3:22.1 S136 | END reason=risen y=66 startY=62 roseReal=true giveUp=true pos=241,66,100 walls=0/0/0 sky=15 place=50 boxed=false hold=true cool=80 ban=80 startY=62 step=37 | pillar state machine: check ban column vs actual shaft column
FAULT 3:23.0 E100 | jumps=12 @241,65,100 ph=IRON child=CollectIronIngotTask | jump-in-place: release jump, turn 90, walk. check cobble reserve
FAULT 3:25.4 S135 | S130 suppressed why=would-S130 but busy cool=14 flips=6 sameXz=66 child=CollectIronIngotTask cool=14 ban=14 hold=false pos=241,62,100 walls=4/4/4 sky=15 place=52 boxed=true hold=false cool=14 ban=14 startY=- step=0 | pillar state machine: check ban column vs actual shaft column
FAULT 3:25.4 S100 | stop jump-walk @241,100 ph=IRON child=CollectIronIngotTask esc=0 | jump-in-place: release jump, turn 90, walk. check cobble reserve
FAULT 3:25.8 S109 | equip pick for mining (was holding cobblestone) | mining with a block in hand: force-equip the pick (S109 does this)
FAULT 3:26.1 S134 | pillar cool expire after flips=3 end=risen y=66 startY=62 | pillar state machine: check ban column vs actual shaft column
FAULT 3:26.1 S137 | re-cool still-boxed@241,100 n=1 ticks=160 end=risen y=66 startY=62 pos=241,62,100 walls=4/4/4 sky=15 place=53 boxed=true hold=false cool=160 ban=160 startY=- step=0 | pillar state machine: check ban column vs actual shaft column
FAULT 3:28.1 S135 | S130 suppressed why=would-S130 but busy cool=121 flips=3 sameXz=40 child=CollectIronIngotTask cool=121 ban=121 hold=false pos=241,60,100 walls=4/4/4 sky=15 place=54 boxed=true hold=false cool=121 ban=121 startY=- step=0 | pillar state machine: check ban column vs actual shaft column
FAULT 3:29.6 E100 | jumps=6 @241,59,100 ph=IRON child=CollectIronIngotTask | jump-in-place: release jump, turn 90, walk. check cobble reserve
FAULT 3:29.6 S144 | jump-stuck collector — replace CollectIronIngotTask with wander (esc=2) | S100 nudge ineffective on a collector: child replaced with TimeoutWanderTask to break the re-path loop
FAULT 3:33.3 S138 | shaft ban clear left-xz ban=241,100 now=241,102 manh=2 left=18 | pillar state machine: check ban column vs actual shaft column
FAULT 3:34.1 S134 | pillar cool expire after flips=3 end=risen y=66 startY=62 | pillar state machine: check ban column vs actual shaft column
FAULT 3:34.2 S138 | shaft ban clear left-xz ban=241,100 now=242,106 manh=7 left=60 | pillar state machine: check ban column vs actual shaft column
FAULT 3:41.0 S130 | START trigger=flips=3 ph=IRON prev=CollectIronIngotTask cycle=1 pos=246,62,112 walls=4/4/4 sky=15 place=54 boxed=true hold=false cool=0 ban=0 startY=62 step=0 | pillar state machine: check ban column vs actual shaft column
FAULT 3:42.9 E100 | jumps=11 @246,66,112 ph=IRON child=HolePillarTask | jump-in-place: release jump, turn 90, walk. check cobble reserve
FAULT 3:42.9 S139 | rise confirmed +4y y=66 startY=62 pos=246,66,112 walls=0/0/0 sky=15 place=52 boxed=false hold=true cool=0 ban=0 startY=62 step=37 | rise confirmed: real escape, cool armed
FAULT 3:42.9 S133 | cool arm ticks=80 reason=risen y=66 startY=62 ban=246,112 pos=246,66,112 walls=0/0/0 sky=15 place=52 boxed=false hold=true cool=80 ban=80 startY=62 step=37 | pillar state machine: check ban column vs actual shaft column
FAULT 3:42.9 S136 | END reason=risen y=66 startY=62 roseReal=true giveUp=true pos=246,66,112 walls=0/0/0 sky=15 place=52 boxed=false hold=true cool=80 ban=80 startY=62 step=37 | pillar state machine: check ban column vs actual shaft column
FAULT 3:46.2 S135 | S130 suppressed why=would-S130 but busy cool=14 flips=6 sameXz=66 child=CollectIronIngotTask cool=14 ban=14 hold=false pos=246,62,112 walls=4/4/4 sky=15 place=54 boxed=true hold=false cool=14 ban=14 startY=- step=0 | pillar state machine: check ban column vs actual shaft column
FAULT 3:46.2 S100 | stop jump-walk @246,112 ph=IRON child=CollectIronIngotTask esc=0 | jump-in-place: release jump, turn 90, walk. check cobble reserve
FAULT 3:46.5 S109 | equip pick for mining (was holding cobblestone) | mining with a block in hand: force-equip the pick (S109 does this)
FAULT 3:46.9 S134 | pillar cool expire after flips=3 end=risen y=66 startY=62 | pillar state machine: check ban column vs actual shaft column
FAULT 3:46.9 S137 | re-cool still-boxed@246,112 n=1 ticks=160 end=risen y=66 startY=62 pos=246,62,112 walls=4/4/4 sky=15 place=55 boxed=true hold=false cool=160 ban=160 startY=- step=0 | pillar state machine: check ban column vs actual shaft column
FAULT 3:48.8 S135 | S130 suppressed why=would-S130 but busy cool=121 flips=3 sameXz=40 child=CollectIronIngotTask cool=121 ban=121 hold=false pos=246,60,112 walls=4/4/4 sky=15 place=56 boxed=true hold=false cool=121 ban=121 startY=- step=0 | pillar state machine: check ban column vs actual shaft column
FAULT 3:53.7 S109 | equip pick for mining (was holding cobblestone) | mining with a block in hand: force-equip the pick (S109 does this)
FAULT 3:54.0 E100 | jumps=6 @246,60,112 ph=IRON child=CollectIronIngotTask | jump-in-place: release jump, turn 90, walk. check cobble reserve
FAULT 3:54.4 S135 | S130 suppressed why=jump-pit-busy child=CollectIronIngotTask cool=10 ban=10 hold=false pos=246,61,112 walls=4/4/2 sky=15 place=55 boxed=false hold=false cool=10 ban=10 startY=- step=0 | pillar state machine: check ban column vs actual shaft column
FAULT 3:54.4 S100 | stop jump-walk @246,112 ph=IRON child=CollectIronIngotTask esc=1 | jump-in-place: release jump, turn 90, walk. check cobble reserve
FAULT 3:54.4 S144 | jump-stuck collector — replace CollectIronIngotTask with wander (esc=2) | S100 nudge ineffective on a collector: child replaced with TimeoutWanderTask to break the re-path loop
FAULT 3:54.9 S134 | pillar cool expire after flips=3 end=risen y=66 startY=62 | pillar state machine: check ban column vs actual shaft column
FAULT 3:57.1 S138 | shaft ban clear left-xz ban=246,112 now=246,114 manh=2 left=16 | pillar state machine: check ban column vs actual shaft column
FAULT 4:05.4 S130 | START trigger=flips=3 ph=IRON prev=CollectIronIngotTask cycle=1 pos=261,62,127 walls=4/4/4 sky=15 place=56 boxed=true hold=false cool=0 ban=0 startY=62 step=0 | pillar state machine: check ban column vs actual shaft column
FAULT 4:07.1 E100 | jumps=10 @261,65,127 ph=IRON child=HolePillarTask | jump-in-place: release jump, turn 90, walk. check cobble reserve
FAULT 4:07.2 S139 | rise confirmed +4y y=66 startY=62 pos=261,66,127 walls=0/0/0 sky=15 place=54 boxed=false hold=true cool=0 ban=0 startY=62 step=37 | rise confirmed: real escape, cool armed
FAULT 4:07.2 S133 | cool arm ticks=80 reason=risen y=66 startY=62 ban=261,127 pos=261,66,127 walls=0/0/0 sky=15 place=54 boxed=false hold=true cool=80 ban=80 startY=62 step=37 | pillar state machine: check ban column vs actual shaft column
FAULT 4:07.2 S136 | END reason=risen y=66 startY=62 roseReal=true giveUp=true pos=261,66,127 walls=0/0/0 sky=15 place=54 boxed=false hold=true cool=80 ban=80 startY=62 step=37 | pillar state machine: check ban column vs actual shaft column
FAULT 4:10.5 S135 | S130 suppressed why=would-S130 but busy cool=14 flips=6 sameXz=66 child=CollectIronIngotTask cool=14 ban=14 hold=false pos=261,62,127 walls=4/4/4 sky=15 place=56 boxed=true hold=false cool=14 ban=14 startY=- step=0 | pillar state machine: check ban column vs actual shaft column
FAULT 4:10.5 S100 | stop jump-walk @261,127 ph=IRON child=CollectIronIngotTask esc=0 | jump-in-place: release jump, turn 90, walk. check cobble reserve
FAULT 4:10.9 S109 | equip pick for mining (was holding cobblestone) | mining with a block in hand: force-equip the pick (S109 does this)
FAULT 4:11.2 S134 | pillar cool expire after flips=3 end=risen y=66 startY=62 | pillar state machine: check ban column vs actual shaft column
FAULT 4:11.2 S137 | re-cool still-boxed@261,127 n=1 ticks=160 end=risen y=66 startY=62 pos=261,62,127 walls=4/4/4 sky=15 place=57 boxed=true hold=false cool=160 ban=160 startY=- step=0 | pillar state machine: check ban column vs actual shaft column
FAULT 4:12.6 S135 | S130 suppressed why=would-S130 but busy cool=132 flips=3 sameXz=29 child=CollectIronIngotTask cool=132 ban=132 hold=false pos=261,60,127 walls=4/4/4 sky=15 place=58 boxed=true hold=false cool=132 ban=132 startY=- step=0 | pillar state machine: check ban column vs actual shaft column
FAULT 4:12.8 E100 | jumps=6 @261,60,127 ph=IRON child=CollectIronIngotTask | jump-in-place: release jump, turn 90, walk. check cobble reserve
FAULT 4:14.4 S144 | jump-stuck collector — replace CollectIronIngotTask with wander (esc=2) | S100 nudge ineffective on a collector: child replaced with TimeoutWanderTask to break the re-path loop
FAULT 4:18.6 S138 | shaft ban clear left-xz ban=261,127 now=262,128 manh=2 left=14 | pillar state machine: check ban column vs actual shaft column
FAULT 4:19.2 S134 | pillar cool expire after flips=3 end=risen y=66 startY=62 | pillar state machine: check ban column vs actual shaft column
FAULT 4:19.3 S138 | shaft ban clear left-xz ban=261,127 now=265,127 manh=4 left=60 | pillar state machine: check ban column vs actual shaft column
FAULT 4:25.2 S130 | START trigger=flips=3 ph=IRON prev=CollectIronIngotTask cycle=1 pos=278,62,124 walls=4/4/4 sky=15 place=58 boxed=true hold=false cool=0 ban=0 startY=62 step=0 | pillar state machine: check ban column vs actual shaft column
FAULT 4:27.0 E100 | jumps=11 @278,65,124 ph=IRON child=HolePillarTask | jump-in-place: release jump, turn 90, walk. check cobble reserve
FAULT 4:27.1 S139 | rise confirmed +4y y=66 startY=62 pos=278,66,124 walls=0/0/0 sky=15 place=56 boxed=false hold=true cool=0 ban=0 startY=62 step=37 | rise confirmed: real escape, cool armed
FAULT 4:27.1 S133 | cool arm ticks=80 reason=risen y=66 startY=62 ban=278,124 pos=278,66,124 walls=0/0/0 sky=15 place=56 boxed=false hold=true cool=80 ban=80 startY=62 step=37 | pillar state machine: check ban column vs actual shaft column
FAULT 4:27.1 S136 | END reason=risen y=66 startY=62 roseReal=true giveUp=true pos=278,66,124 walls=0/0/0 sky=15 place=56 boxed=false hold=true cool=80 ban=80 startY=62 step=37 | pillar state machine: check ban column vs actual shaft column
FAULT 4:30.4 S135 | S130 suppressed why=would-S130 but busy cool=14 flips=6 sameXz=66 child=CollectIronIngotTask cool=14 ban=14 hold=false pos=278,62,124 walls=4/4/4 sky=15 place=58 boxed=true hold=false cool=14 ban=14 startY=- step=0 | pillar state machine: check ban column vs actual shaft column
FAULT 4:30.4 S100 | stop jump-walk @278,124 ph=IRON child=CollectIronIngotTask esc=0 | jump-in-place: release jump, turn 90, walk. check cobble reserve
FAULT 4:30.7 S109 | equip pick for mining (was holding cobblestone) | mining with a block in hand: force-equip the pick (S109 does this)
FAULT 4:31.1 S134 | pillar cool expire after flips=3 end=risen y=66 startY=62 | pillar state machine: check ban column vs actual shaft column
FAULT 4:31.1 S137 | re-cool still-boxed@278,124 n=1 ticks=160 end=risen y=66 startY=62 pos=278,62,124 walls=4/4/4 sky=15 place=59 boxed=true hold=false cool=160 ban=160 startY=- step=0 | pillar state machine: check ban column vs actual shaft column
FAULT 4:32.5 S135 | S130 suppressed why=would-S130 but busy cool=132 flips=3 sameXz=29 child=CollectIronIngotTask cool=132 ban=132 hold=false pos=278,60,124 walls=4/4/4 sky=15 place=60 boxed=true hold=false cool=132 ban=132 startY=- step=0 | pillar state machine: check ban column vs actual shaft column
FAULT 4:34.1 E100 | jumps=6 @278,59,124 ph=IRON child=CollectIronIngotTask | jump-in-place: release jump, turn 90, walk. check cobble reserve
FAULT 4:34.3 S144 | jump-stuck collector — replace CollectIronIngotTask with wander (esc=2) | S100 nudge ineffective on a collector: child replaced with TimeoutWanderTask to break the re-path loop
FAULT 4:38.2 S138 | shaft ban clear left-xz ban=278,124 now=280,124 manh=2 left=19 | pillar state machine: check ban column vs actual shaft column
FAULT 4:39.1 S134 | pillar cool expire after flips=3 end=risen y=66 startY=62 | pillar state machine: check ban column vs actual shaft column
FAULT 4:39.1 S138 | shaft ban clear left-xz ban=278,124 now=283,121 manh=8 left=60 | pillar state machine: check ban column vs actual shaft column
FAULT 4:45.7 S130 | START trigger=flips=3 ph=IRON prev=CollectIronIngotTask cycle=1 pos=298,62,114 walls=4/4/4 sky=15 place=60 boxed=true hold=false cool=0 ban=0 startY=62 step=0 | pillar state machine: check ban column vs actual shaft column
FAULT 4:47.3 E100 | jumps=10 @298,65,114 ph=IRON child=HolePillarTask | jump-in-place: release jump, turn 90, walk. check cobble reserve
FAULT 4:47.5 S139 | rise confirmed +4y y=66 startY=62 pos=298,66,114 walls=0/1/0 sky=15 place=58 boxed=false hold=true cool=0 ban=0 startY=62 step=37 | rise confirmed: real escape, cool armed
FAULT 4:47.5 S133 | cool arm ticks=80 reason=risen y=66 startY=62 ban=298,114 pos=298,66,114 walls=0/1/0 sky=15 place=58 boxed=false hold=true cool=80 ban=80 startY=62 step=37 | pillar state machine: check ban column vs actual shaft column
FAULT 4:47.5 S136 | END reason=risen y=66 startY=62 roseReal=true giveUp=true pos=298,66,114 walls=0/1/0 sky=15 place=58 boxed=false hold=true cool=80 ban=80 startY=62 step=37 | pillar state machine: check ban column vs actual shaft column
FAULT 4:50.8 S135 | S130 suppressed why=would-S130 but busy cool=14 flips=6 sameXz=66 child=CollectIronIngotTask cool=14 ban=14 hold=false pos=298,62,114 walls=4/4/4 sky=15 place=60 boxed=true hold=false cool=14 ban=14 startY=- step=0 | pillar state machine: check ban column vs actual shaft column
FAULT 4:50.8 S100 | stop jump-walk @298,114 ph=IRON child=CollectIronIngotTask esc=0 | jump-in-place: release jump, turn 90, walk. check cobble reserve
FAULT 4:51.2 S109 | equip pick for mining (was holding cobblestone) | mining with a block in hand: force-equip the pick (S109 does this)
FAULT 4:51.5 S134 | pillar cool expire after flips=3 end=risen y=66 startY=62 | pillar state machine: check ban column vs actual shaft column
FAULT 4:51.5 S137 | re-cool still-boxed@298,114 n=1 ticks=160 end=risen y=66 startY=62 pos=298,62,114 walls=4/4/4 sky=15 place=61 boxed=true hold=false cool=160 ban=160 startY=- step=0 | pillar state machine: check ban column vs actual shaft column
FAULT 4:52.9 S135 | S130 suppressed why=would-S130 but busy cool=132 flips=3 sameXz=29 child=CollectIronIngotTask cool=132 ban=132 hold=false pos=298,60,114 walls=4/4/4 sky=15 place=62 boxed=true hold=false cool=132 ban=132 startY=- step=0 | pillar state machine: check ban column vs actual shaft column
FAULT 4:53.1 E100 | jumps=6 @298,60,114 ph=IRON child=CollectIronIngotTask | jump-in-place: release jump, turn 90, walk. check cobble reserve
FAULT 4:54.7 S144 | jump-stuck collector — replace CollectIronIngotTask with wander (esc=2) | S100 nudge ineffective on a collector: child replaced with TimeoutWanderTask to break the re-path loop
FAULT 4:58.7 S138 | shaft ban clear left-xz ban=298,114 now=300,114 manh=2 left=18 | pillar state machine: check ban column vs actual shaft column
FAULT 4:59.5 S134 | pillar cool expire after flips=3 end=risen y=66 startY=62 | pillar state machine: check ban column vs actual shaft column
FAULT 4:59.6 S138 | shaft ban clear left-xz ban=298,114 now=304,114 manh=6 left=60 | pillar state machine: check ban column vs actual shaft column
FAULT 5:08.2 S130 | START trigger=flips=3 ph=IRON prev=CollectIronIngotTask cycle=1 pos=304,63,120 walls=4/4/4 sky=15 place=62 boxed=true hold=false cool=0 ban=0 startY=63 step=0 | pillar state machine: check ban column vs actual shaft column
FAULT 5:10.1 S139 | rise confirmed +4y y=67 startY=63 pos=304,67,120 walls=0/0/0 sky=15 place=60 boxed=false hold=true cool=0 ban=0 startY=63 step=37 | rise confirmed: real escape, cool armed
FAULT 5:10.1 S133 | cool arm ticks=80 reason=risen y=67 startY=63 ban=304,120 pos=304,67,120 walls=0/0/0 sky=15 place=60 boxed=false hold=true cool=80 ban=80 startY=63 step=37 | pillar state machine: check ban column vs actual shaft column
FAULT 5:10.1 S136 | END reason=risen y=67 startY=63 roseReal=true giveUp=true pos=304,67,120 walls=0/0/0 sky=15 place=60 boxed=false hold=true cool=80 ban=80 startY=63 step=37 | pillar state machine: check ban column vs actual shaft column
FAULT 5:10.2 E100 | jumps=11 @304,67,120 ph=IRON child=CollectIronIngotTask | jump-in-place: release jump, turn 90, walk. check cobble reserve
FAULT 5:13.4 S135 | S130 suppressed why=would-S130 but busy cool=14 flips=6 sameXz=66 child=CollectIronIngotTask cool=14 ban=14 hold=false pos=304,63,120 walls=4/4/4 sky=15 place=62 boxed=true hold=false cool=14 ban=14 startY=- step=0 | pillar state machine: check ban column vs actual shaft column
FAULT 5:13.4 S100 | stop jump-walk @304,120 ph=IRON child=CollectIronIngotTask esc=0 | jump-in-place: release jump, turn 90, walk. check cobble reserve
FAULT 5:13.7 S109 | equip pick for mining (was holding cobblestone) | mining with a block in hand: force-equip the pick (S109 does this)
FAULT 5:14.1 S134 | pillar cool expire after flips=3 end=risen y=67 startY=63 | pillar state machine: check ban column vs actual shaft column
FAULT 5:14.1 S137 | re-cool still-boxed@304,120 n=1 ticks=160 end=risen y=67 startY=63 pos=304,63,120 walls=4/4/4 sky=15 place=63 boxed=true hold=false cool=160 ban=160 startY=- step=0 | pillar state machine: check ban column vs actual shaft column
FAULT 5:15.5 S135 | S130 suppressed why=would-S130 but busy cool=132 flips=3 sameXz=29 child=CollectIronIngotTask cool=132 ban=132 hold=false pos=304,61,120 walls=4/4/4 sky=15 place=64 boxed=true hold=false cool=132 ban=132 startY=- step=0 | pillar state machine: check ban column vs actual shaft column
FAULT 5:16.4 E100 | jumps=6 @304,60,120 ph=IRON child=CollectIronIngotTask | jump-in-place: release jump, turn 90, walk. check cobble reserve
FAULT 5:16.6 S144 | jump-stuck collector — replace CollectIronIngotTask with wander (esc=2) | S100 nudge ineffective on a collector: child replaced with TimeoutWanderTask to break the re-path loop
FAULT 5:20.2 S138 | shaft ban clear left-xz ban=304,120 now=305,119 manh=2 left=39 | pillar state machine: check ban column vs actual shaft column
FAULT 5:22.1 S134 | pillar cool expire after flips=3 end=risen y=67 startY=63 | pillar state machine: check ban column vs actual shaft column
FAULT 5:22.1 S138 | shaft ban clear left-xz ban=304,120 now=311,113 manh=14 left=60 | pillar state machine: check ban column vs actual shaft column
FAULT 5:28.0 S130 | START trigger=flips=3 ph=IRON prev=CollectIronIngotTask cycle=1 pos=323,62,110 walls=4/4/4 sky=15 place=65 boxed=true hold=false cool=0 ban=0 startY=62 step=0 | pillar state machine: check ban column vs actual shaft column
FAULT 5:29.6 E100 | jumps=10 @323,65,110 ph=IRON child=HolePillarTask | jump-in-place: release jump, turn 90, walk. check cobble reserve
FAULT 5:29.8 S139 | rise confirmed +4y y=66 startY=62 pos=323,66,110 walls=0/0/0 sky=15 place=63 boxed=false hold=true cool=0 ban=0 startY=62 step=37 | rise confirmed: real escape, cool armed
FAULT 5:29.8 S133 | cool arm ticks=80 reason=risen y=66 startY=62 ban=323,110 pos=323,66,110 walls=0/0/0 sky=15 place=63 boxed=false hold=true cool=80 ban=80 startY=62 step=37 | pillar state machine: check ban column vs actual shaft column
FAULT 5:29.8 S136 | END reason=risen y=66 startY=62 roseReal=true giveUp=true pos=323,66,110 walls=0/0/0 sky=15 place=63 boxed=false hold=true cool=80 ban=80 startY=62 step=37 | pillar state machine: check ban column vs actual shaft column
FAULT 5:33.1 S135 | S130 suppressed why=would-S130 but busy cool=14 flips=6 sameXz=66 child=CollectIronIngotTask cool=14 ban=14 hold=false pos=323,62,110 walls=4/4/4 sky=15 place=65 boxed=true hold=false cool=14 ban=14 startY=- step=0 | pillar state machine: check ban column vs actual shaft column
FAULT 5:33.1 S100 | stop jump-walk @323,110 ph=IRON child=CollectIronIngotTask esc=0 | jump-in-place: release jump, turn 90, walk. check cobble reserve
FAULT 5:33.5 S109 | equip pick for mining (was holding cobblestone) | mining with a block in hand: force-equip the pick (S109 does this)
FAULT 5:33.8 S134 | pillar cool expire after flips=3 end=risen y=66 startY=62 | pillar state machine: check ban column vs actual shaft column
FAULT 5:33.8 S137 | re-cool still-boxed@323,110 n=1 ticks=160 end=risen y=66 startY=62 pos=323,62,110 walls=4/4/4 sky=15 place=66 boxed=true hold=false cool=160 ban=160 startY=- step=0 | pillar state machine: check ban column vs actual shaft column
FAULT 5:35.2 S135 | S130 suppressed why=would-S130 but busy cool=132 flips=3 sameXz=29 child=CollectIronIngotTask cool=132 ban=132 hold=false pos=323,60,110 walls=4/4/4 sky=15 place=67 boxed=true hold=false cool=132 ban=132 startY=- step=0 | pillar state machine: check ban column vs actual shaft column
FAULT 5:35.4 E100 | jumps=6 @323,60,110 ph=IRON child=CollectIronIngotTask | jump-in-place: release jump, turn 90, walk. check cobble reserve
FAULT 5:36.3 S144 | jump-stuck collector — replace CollectIronIngotTask with wander (esc=2) | S100 nudge ineffective on a collector: child replaced with TimeoutWanderTask to break the re-path loop
FAULT 5:40.1 S138 | shaft ban clear left-xz ban=323,110 now=325,110 manh=2 left=35 | pillar state machine: check ban column vs actual shaft column
FAULT 5:41.8 S134 | pillar cool expire after flips=3 end=risen y=66 startY=62 | pillar state machine: check ban column vs actual shaft column
FAULT 5:41.9 S138 | shaft ban clear left-xz ban=323,110 now=333,110 manh=10 left=60 | pillar state machine: check ban column vs actual shaft column
FAULT 5:46.9 S130 | START trigger=flips=3 ph=IRON prev=CollectIronIngotTask cycle=1 pos=344,62,109 walls=4/4/4 sky=15 place=68 boxed=true hold=false cool=0 ban=0 startY=62 step=0 | pillar state machine: check ban column vs actual shaft column
