FAULT 0:07.9 E97 | wood jump-lock — retarget nearest any-type log | see T2Codes / paste faults.log
FAULT 0:24.9 E109 | mine/collect with no pick child=CollectIronIngotTask | see T2Codes / paste faults.log
FAULT 0:25.7 E112 | ph IRON->BOOTSTRAP in 981ms | see T2Codes / paste faults.log
FAULT 0:30.8 S130 | START trigger=flips=3 ph=IRON prev=CollectIronIngotTask cycle=1 pos=-107,66,16 walls=4/4/4 sky=15 place=5 boxed=true hold=false cool=0 ban=0 startY=66 step=0 | pillar state machine: check ban column vs actual shaft column
FAULT 0:32.7 S139 | rise confirmed +4y y=70 startY=66 pos=-107,70,16 walls=0/1/0 sky=15 place=3 boxed=false hold=true cool=0 ban=0 startY=66 step=37 | rise confirmed: real escape, cool armed
FAULT 0:32.7 S133 | cool arm ticks=80 reason=risen y=70 startY=66 ban=-107,16 pos=-107,70,16 walls=0/1/0 sky=15 place=3 boxed=false hold=true cool=80 ban=80 startY=66 step=37 | pillar state machine: check ban column vs actual shaft column
FAULT 0:32.7 S136 | END reason=risen y=70 startY=66 roseReal=true giveUp=true pos=-107,70,16 walls=0/1/0 sky=15 place=3 boxed=false hold=true cool=80 ban=80 startY=66 step=37 | pillar state machine: check ban column vs actual shaft column
FAULT 0:34.0 S109 | equip pick for mining (was holding empty) | mining with a block in hand: force-equip the pick (S109 does this)
FAULT 0:36.1 S138 | shaft ban clear left-xz ban=-107,16 now=-106,17 manh=2 left=12 | pillar state machine: check ban column vs actual shaft column
FAULT 0:36.7 S134 | pillar cool expire after flips=3 end=risen y=70 startY=66 | pillar state machine: check ban column vs actual shaft column
FAULT 0:36.7 S138 | shaft ban clear left-xz ban=-107,16 now=-105,18 manh=4 left=60 | pillar state machine: check ban column vs actual shaft column
FAULT 0:41.8 S130 | START trigger=flips=3 ph=IRON prev=CollectIronIngotTask cycle=1 pos=-104,66,17 walls=4/4/4 sky=10 place=8 boxed=true hold=false cool=0 ban=0 startY=66 step=0 | pillar state machine: check ban column vs actual shaft column
FAULT 0:44.3 S133 | cool arm ticks=240 reason=stuck-low step=50 y=68 startY=66 ban=-104,17 pos=-104,68,17 walls=3/2/4 sky=12 place=7 boxed=false hold=true cool=240 ban=240 startY=66 step=50 | pillar state machine: check ban column vs actual shaft column
FAULT 0:44.3 S136 | END reason=stuck-low step=50 y=68 startY=66 roseReal=false giveUp=true pos=-104,68,17 walls=3/2/4 sky=12 place=7 boxed=false hold=true cool=240 ban=240 startY=66 step=50 | pillar state machine: check ban column vs actual shaft column
FAULT 0:44.6 E100 | jumps=14 @-104,68,17 ph=IRON child=CollectIronIngotTask | jump-in-place: release jump, turn 90, walk. check cobble reserve
FAULT 0:44.7 S109 | equip pick for mining (was holding empty) | mining with a block in hand: force-equip the pick (S109 does this)
FAULT 0:46.5 S135 | S130 suppressed why=would-S130 but busy cool=197 flips=3 sameXz=43 child=CollectIronIngotTask cool=197 ban=197 hold=false pos=-104,66,17 walls=4/4/4 sky=10 place=8 boxed=true hold=false cool=197 ban=197 startY=- step=0 | pillar state machine: check ban column vs actual shaft column
FAULT 0:47.7 S100 | stop jump-walk @-104,17 ph=IRON child=CollectIronIngotTask | jump-in-place: release jump, turn 90, walk. check cobble reserve
FAULT 0:48.5 S135 | S130 suppressed why=would-S130 but busy cool=157 flips=0 sameXz=83 child=CollectIronIngotTask cool=157 ban=157 hold=false pos=-104,65,17 walls=4/4/4 sky=9 place=10 boxed=true hold=false cool=157 ban=157 startY=- step=0 | pillar state machine: check ban column vs actual shaft column
FAULT 0:52.5 S135 | S130 suppressed why=would-S130 but busy cool=76 flips=4 sameXz=164 child=CollectIronIngotTask cool=76 ban=76 hold=false pos=-104,63,17 walls=4/4/4 sky=7 place=12 boxed=true hold=false cool=76 ban=76 startY=- step=0 | pillar state machine: check ban column vs actual shaft column
FAULT 0:53.1 E100 | jumps=6 @-104,62,17 ph=IRON child=CollectIronIngotTask | jump-in-place: release jump, turn 90, walk. check cobble reserve
FAULT 0:53.8 S109 | equip pick for mining (was holding dirt) | mining with a block in hand: force-equip the pick (S109 does this)
FAULT 0:54.5 S135 | S130 suppressed why=would-S130 but busy cool=36 flips=3 sameXz=204 child=CollectIronIngotTask cool=36 ban=36 hold=false pos=-104,64,17 walls=4/4/4 sky=8 place=11 boxed=true hold=false cool=36 ban=36 startY=- step=0 | pillar state machine: check ban column vs actual shaft column
FAULT 0:55.1 S100 | stop jump-walk @-104,17 ph=IRON child=CollectIronIngotTask | jump-in-place: release jump, turn 90, walk. check cobble reserve
FAULT 0:56.3 S134 | pillar cool expire after flips=3 end=stuck-low step=50 y=68 startY=66 | pillar state machine: check ban column vs actual shaft column
FAULT 1:04.0 S130 | START trigger=flips=3 ph=IRON prev=CollectIronIngotTask cycle=1 pos=-100,64,24 walls=4/4/4 sky=12 place=11 boxed=true hold=false cool=0 ban=0 startY=64 step=0 | pillar state machine: check ban column vs actual shaft column
FAULT 1:05.7 E100 | jumps=10 @-100,67,24 ph=IRON child=HolePillarTask | jump-in-place: release jump, turn 90, walk. check cobble reserve
FAULT 1:06.0 S130 | tick y=67 slot=3 air=false pos=-100,67,24 walls=0/0/0 sky=14 place=9 boxed=false hold=true cool=0 ban=0 startY=64 step=41 | pillar state machine: check ban column vs actual shaft column
FAULT 1:06.5 S133 | cool arm ticks=240 reason=stuck-low step=50 y=67 startY=64 ban=-100,24 pos=-100,67,24 walls=0/0/0 sky=14 place=9 boxed=false hold=true cool=240 ban=240 startY=64 step=50 | pillar state machine: check ban column vs actual shaft column
FAULT 1:06.5 S136 | END reason=stuck-low step=50 y=67 startY=64 roseReal=false giveUp=true pos=-100,67,24 walls=0/0/0 sky=14 place=9 boxed=false hold=true cool=240 ban=240 startY=64 step=50 | pillar state machine: check ban column vs actual shaft column
FAULT 1:06.9 S109 | equip pick for mining (was holding empty) | mining with a block in hand: force-equip the pick (S109 does this)
FAULT 1:09.7 S135 | S130 suppressed why=would-S130 but busy cool=176 flips=5 sameXz=64 child=CollectIronIngotTask cool=176 ban=176 hold=false pos=-100,64,24 walls=4/4/4 sky=12 place=11 boxed=true hold=false cool=176 ban=176 startY=- step=0 | pillar state machine: check ban column vs actual shaft column
FAULT 1:09.9 S100 | stop jump-walk @-100,24 ph=IRON child=CollectIronIngotTask | jump-in-place: release jump, turn 90, walk. check cobble reserve
FAULT 1:11.0 E100 | jumps=6 @-100,63,24 ph=IRON child=CollectIronIngotTask | jump-in-place: release jump, turn 90, walk. check cobble reserve
FAULT 1:11.7 S135 | S130 suppressed why=would-S130 but busy cool=136 flips=2 sameXz=104 child=CollectIronIngotTask cool=136 ban=136 hold=false pos=-100,63,24 walls=4/4/4 sky=11 place=13 boxed=true hold=false cool=136 ban=136 startY=- step=0 | pillar state machine: check ban column vs actual shaft column
FAULT 1:15.7 S135 | S130 suppressed why=would-S130 but busy cool=56 flips=2 sameXz=184 child=CollectIronIngotTask cool=56 ban=56 hold=false pos=-100,60,24 walls=4/4/4 sky=8 place=14 boxed=true hold=false cool=56 ban=56 startY=- step=0 | pillar state machine: check ban column vs actual shaft column
FAULT 1:18.5 S134 | pillar cool expire after flips=3 end=stuck-low step=50 y=67 startY=64 | pillar state machine: check ban column vs actual shaft column
FAULT 1:27.5 E70 | iron stall 6s @-100,24 — clear blacklist + re-pick ore | see T2Codes / paste faults.log
FAULT 1:32.0 S130 | START trigger=flips=3 ph=IRON prev=CollectIronIngotTask cycle=2 pos=-100,57,24 walls=4/4/4 sky=5 place=19 boxed=true hold=false cool=0 ban=0 startY=57 step=0 | pillar state machine: check ban column vs actual shaft column
FAULT 1:33.9 S139 | rise confirmed +4y y=61 startY=57 pos=-100,61,24 walls=1/4/2 sky=9 place=17 boxed=false hold=true cool=0 ban=0 startY=57 step=37 | rise confirmed: real escape, cool armed
FAULT 1:33.9 S133 | cool arm ticks=80 reason=risen y=61 startY=57 ban=-100,24 pos=-100,61,24 walls=1/4/2 sky=9 place=17 boxed=false hold=true cool=80 ban=80 startY=57 step=37 | pillar state machine: check ban column vs actual shaft column
FAULT 1:33.9 S136 | END reason=risen y=61 startY=57 roseReal=true giveUp=true pos=-100,61,24 walls=1/4/2 sky=9 place=17 boxed=false hold=true cool=80 ban=80 startY=57 step=37 | pillar state machine: check ban column vs actual shaft column
FAULT 1:37.9 S134 | pillar cool expire after flips=3 end=risen y=61 startY=57 | pillar state machine: check ban column vs actual shaft column
FAULT 1:38.5 S138 | shaft ban clear left-xz ban=-100,24 now=-100,22 manh=2 left=49 | pillar state machine: check ban column vs actual shaft column
FAULT 1:49.3 E70 | iron stall 6s @-99,17 — clear blacklist + re-pick ore | see T2Codes / paste faults.log
FAULT 2:00.6 E70 | iron stall 6s @-97,15 — clear blacklist + re-pick ore | see T2Codes / paste faults.log
FAULT 2:13.2 S130 | START trigger=flips=3 ph=IRON prev=CollectIronIngotTask cycle=1 pos=-95,57,14 walls=4/4/4 sky=0 place=40 boxed=true hold=false cool=0 ban=0 startY=57 step=0 | pillar state machine: check ban column vs actual shaft column
FAULT 2:14.7 E100 | jumps=10 @-95,59,14 ph=IRON child=HolePillarTask | jump-in-place: release jump, turn 90, walk. check cobble reserve
FAULT 2:15.2 S130 | tick y=59 slot=1 air=false pos=-95,59,14 walls=2/2/4 sky=0 place=38 boxed=false hold=true cool=0 ban=0 startY=57 step=41 | pillar state machine: check ban column vs actual shaft column
FAULT 2:15.7 S133 | cool arm ticks=240 reason=stuck-low step=50 y=59 startY=57 ban=-95,14 pos=-95,59,14 walls=2/2/4 sky=0 place=38 boxed=false hold=true cool=240 ban=240 startY=57 step=50 | pillar state machine: check ban column vs actual shaft column
FAULT 2:15.7 S136 | END reason=stuck-low step=50 y=59 startY=57 roseReal=false giveUp=true pos=-95,59,14 walls=2/2/4 sky=0 place=38 boxed=false hold=true cool=240 ban=240 startY=57 step=50 | pillar state machine: check ban column vs actual shaft column
FAULT 2:16.2 S138 | shaft ban clear left-xz ban=-95,14 now=-97,14 manh=2 left=231 | pillar state machine: check ban column vs actual shaft column
FAULT 2:27.7 S134 | pillar cool expire after flips=3 end=stuck-low step=50 y=59 startY=57 | pillar state machine: check ban column vs actual shaft column
FAULT 2:27.7 S138 | shaft ban clear left-xz ban=-95,14 now=-100,13 manh=6 left=60 | pillar state machine: check ban column vs actual shaft column
FAULT 2:41.8 E70 | iron stall 6s @-102,11 — clear blacklist + re-pick ore | see T2Codes / paste faults.log
FAULT 2:47.8 E70 | iron stall 6s @-102,10 — clear blacklist + re-pick ore | see T2Codes / paste faults.log
FAULT 2:53.8 E70 | iron stall 6s @-103,10 — clear blacklist + re-pick ore | see T2Codes / paste faults.log
FAULT 3:06.8 E70 | iron stall 6s @-95,13 — clear blacklist + re-pick ore | see T2Codes / paste faults.log
FAULT 3:11.4 S130 | START trigger=flips=5 ph=IRON prev=CollectIronIngotTask cycle=1 pos=-100,63,24 walls=4/4/4 sky=11 place=67 boxed=true hold=false cool=0 ban=0 startY=63 step=0 | pillar state machine: check ban column vs actual shaft column
FAULT 3:13.4 S139 | rise confirmed +4y y=67 startY=63 pos=-100,67,24 walls=0/0/0 sky=14 place=63 boxed=false hold=true cool=0 ban=0 startY=63 step=40 | rise confirmed: real escape, cool armed
FAULT 3:13.4 S133 | cool arm ticks=80 reason=risen y=67 startY=63 ban=-100,24 pos=-100,67,24 walls=0/0/0 sky=14 place=63 boxed=false hold=true cool=80 ban=80 startY=63 step=40 | pillar state machine: check ban column vs actual shaft column
FAULT 3:13.4 S136 | END reason=risen y=67 startY=63 roseReal=true giveUp=true pos=-100,67,24 walls=0/0/0 sky=14 place=63 boxed=false hold=true cool=80 ban=80 startY=63 step=40 | pillar state machine: check ban column vs actual shaft column
FAULT 3:13.7 S109 | equip pick for mining (was holding cobblestone) | mining with a block in hand: force-equip the pick (S109 does this)
FAULT 3:14.1 S138 | shaft ban clear left-xz ban=-100,24 now=-102,24 manh=2 left=67 | pillar state machine: check ban column vs actual shaft column
FAULT 3:17.4 S134 | pillar cool expire after flips=5 end=risen y=67 startY=63 | pillar state machine: check ban column vs actual shaft column
FAULT 3:17.4 S138 | shaft ban clear left-xz ban=-100,24 now=-103,24 manh=3 left=60 | pillar state machine: check ban column vs actual shaft column
FAULT 3:21.4 S120 | craft-gui jump @-103,66,24 child=CollectIronIngotTask | see T2Codes / paste faults.log
FAULT 3:28.8 S120 | craft-gui jump @-100,66,25 child=CollectIronIngotTask | see T2Codes / paste faults.log
FAULT 3:29.4 E70 | iron stall 6s @-100,24 — clear blacklist + re-pick ore | see T2Codes / paste faults.log
FAULT 3:34.8 S120 | craft-gui jump @-100,66,24 child=CollectIronIngotTask | see T2Codes / paste faults.log
FAULT 3:35.4 E70 | iron stall 6s @-100,24 — clear blacklist + re-pick ore | see T2Codes / paste faults.log
FAULT 3:42.6 E70 | iron stall 6s @-98,23 — clear blacklist + re-pick ore | see T2Codes / paste faults.log
FAULT 3:44.6 E104 | FurnaceScreen open 8s ph=IRON | GUI open: close screen before pathing
FAULT 3:45.0 S120 | craft-gui jump @-98,66,23 child=CollectIronIngotTask | see T2Codes / paste faults.log
FAULT 3:48.6 E70 | iron stall 6s @-98,23 — clear blacklist + re-pick ore | see T2Codes / paste faults.log
FAULT 3:51.0 S120 | craft-gui jump @-98,66,23 child=CollectIronIngotTask | see T2Codes / paste faults.log
FAULT 3:52.7 E104 | FurnaceScreen open 8s ph=IRON | GUI open: close screen before pathing
FAULT 3:54.6 E70 | iron stall 6s @-98,23 — clear blacklist + re-pick ore | see T2Codes / paste faults.log
FAULT 3:57.0 S120 | craft-gui jump @-98,66,23 child=CollectIronIngotTask | see T2Codes / paste faults.log
FAULT 4:00.6 E70 | iron stall 6s @-98,23 — clear blacklist + re-pick ore | see T2Codes / paste faults.log
FAULT 4:00.8 E104 | FurnaceScreen open 8s ph=IRON | GUI open: close screen before pathing
FAULT 4:03.0 S120 | craft-gui jump @-98,66,23 child=CollectIronIngotTask | see T2Codes / paste faults.log
FAULT 4:06.6 E70 | iron stall 6s @-98,23 — clear blacklist + re-pick ore | see T2Codes / paste faults.log
FAULT 4:08.9 E104 | FurnaceScreen open 8s ph=IRON | GUI open: close screen before pathing
FAULT 4:09.0 S120 | craft-gui jump @-98,66,23 child=CollectIronIngotTask | see T2Codes / paste faults.log
FAULT 4:12.6 E70 | iron stall 6s @-98,23 — clear blacklist + re-pick ore | see T2Codes / paste faults.log
FAULT 4:15.0 S120 | craft-gui jump @-98,66,23 child=CollectIronIngotTask | see T2Codes / paste faults.log
FAULT 4:17.0 E104 | FurnaceScreen open 8s ph=IRON | GUI open: close screen before pathing
FAULT 4:18.6 E70 | iron stall 6s @-98,23 — clear blacklist + re-pick ore | see T2Codes / paste faults.log
