[21:02:09] [main/INFO] (FabricLoader/GameProvider) Loading Minecraft 1.16.1 with Fabric Loader 0.16.7
[21:02:09] [ForkJoinPool-1-worker-4/WARN] (FabricLoader/Metadata) Mod tungsten uses the version ALPHA-1.6.0-1.16.1-SNAPSHOT which isn't compatible with Loader's extended semantic version format (Could not parse version number component 'ALPHA'!), SemVer is recommended for reliably evaluating dependencies and prioritizing newer version
[21:02:09] [main/INFO] (FabricLoader) Loading 46 mods:
	- altoclef 1.16.1-0.19
	- baritone 1.16.1-ostinato
	- fabric 0.18.0+build.387-1.16.1
	- fabric-api-base 0.1.3+12a8474c02
	- fabric-biomes-v1 0.2.7+059ea86602
	- fabric-blockrenderlayer-v1 1.1.4+c6a8ea8902
	- fabric-command-api-v1 1.0.8+5ce5339802
	- fabric-commands-v0 0.2.0+52d3083602
	- fabric-containers-v0 0.1.8+045df74f02
	- fabric-content-registries-v0 0.1.9+059ea86602
	- fabric-crash-report-info-v1 0.1.2+b7f9825d02
	- fabric-dimensions-v1 1.0.0+a71b305302
	- fabric-events-interaction-v0 0.4.0+e540c58402
	- fabric-events-lifecycle-v0 0.2.0+16acbe5b02
	- fabric-game-rule-api-v1 1.0.0+fe81e12502
	- fabric-item-api-v1 1.0.0+16acbe5b02
	- fabric-item-groups-v0 0.2.0+438f963602
	- fabric-key-binding-api-v1 1.0.1+f404f3be02
	- fabric-keybindings-v0 0.2.0+3fa9f7c502
	- fabric-lifecycle-events-v1 1.2.0+e83e061c02
	- fabric-loot-tables-v1 1.0.0+386eb69e02
	- fabric-mining-levels-v0 0.1.2+b764ce9902
	- fabric-models-v0 0.1.0+dfdb52d602
	- fabric-networking-blockentity-v0 0.2.5+b50ffc7b02
	- fabric-networking-v0 0.1.10+e00ecb5f02
	- fabric-object-builder-api-v1 1.5.7+2242e77202
	- fabric-object-builders-v0 0.6.1+a2d21ddd02
	- fabric-particles-v1 0.2.1+0a6f2a7002
	- fabric-registry-sync-v0 0.3.8+7dba2d6c02
	- fabric-renderer-api-v1 0.2.13+eae12eb802
	- fabric-renderer-indigo 0.3.4+34d6c87102
	- fabric-renderer-registries-v1 2.1.0+be551d3c02
	- fabric-rendering-data-attachment-v1 0.1.3+b7f9825d02
	- fabric-rendering-fluids-v1 0.1.8+b7084faa02
	- fabric-rendering-v0 1.1.0+5341049002
	- fabric-rendering-v1 1.1.2+346247d702
	- fabric-resource-loader-v0 0.2.6+f41e209802
	- fabric-screen-handler-api-v1 1.1.0+97324d1102
	- fabric-tag-extensions-v0 0.2.7+a4c57d8e02
	- fabric-textures-v0 1.0.4+eae12eb802
	- fabric-tool-attribute-api-v1 1.2.1+91fca5cd02
	- fabricloader 0.16.7
	- java 21
	- minecraft 1.16.1
	- mixinextras 0.4.1
	- tungsten ALPHA-1.6.0-1.16.1-SNAPSHOT
[21:02:09] [main/INFO] (FabricLoader/Mixin) SpongePowered MIXIN Subsystem Version=0.8.7 Source=file:/C:/Users/redfa/.gradle/caches/modules-2/files-2.1/net.fabricmc/sponge-mixin/0.15.3+mixin.0.8.7/51ee0a44ab05f6fddd66b09e66b3a16904f9c55d/sponge-mixin-0.15.3+mixin.0.8.7.jar Service=Knot/Fabric Env=CLIENT
[21:02:09] [main/INFO] (FabricLoader/Mixin) Loaded Fabric development mappings for mixin remapper!
[21:02:09] [main/INFO] (FabricLoader/Mixin) Compatibility level set to JAVA_21
[21:02:10] [main/WARN] (FabricLoader/Mixin) Error loading class: me/jellysquid/mods/sodium/client/world/SodiumChunkManager (java.lang.ClassNotFoundException: me/jellysquid/mods/sodium/client/world/SodiumChunkManager)
[21:02:10] [main/WARN] (FabricLoader/Mixin) Error loading class: me/jellysquid/mods/sodium/client/util/collections/FixedLongHashTable (java.lang.ClassNotFoundException: me/jellysquid/mods/sodium/client/util/collections/FixedLongHashTable)
[21:02:10] [main/INFO] (FabricLoader/MixinExtras|Service) Initializing MixinExtras via com.llamalad7.mixinextras.service.MixinExtrasServiceImpl(version=0.4.1).
[21:02:13] [main/INFO] (FabricLoader/Mixin) altoclef.mixins.json:AxeItemAccessor from mod altoclef->@Accessor[FIELD_GETTER]::getEffectiveMaterials()Ljava/util/Set; should be static as its target is
[21:02:15] [main/INFO] (Minecraft) Environment: authHost='https://authserver.mojang.com', accountsHost='https://api.mojang.com', sessionHost='https://sessionserver.mojang.com', name='PROD'
[21:02:15] [main/INFO] (Minecraft) Setting user: Player809
[21:02:15] [main/INFO] (Indigo) [Indigo] Registering Indigo renderer!
[21:02:16] [main/INFO] (Minecraft) [STDERR]: [LWJGL] [ThreadLocalUtil] Unsupported JNI version detected, this may result in a crash. Please inform LWJGL developers.
[21:02:16] [main/INFO] (Minecraft) Backend library: LWJGL version 3.3.2-snapshot
[21:02:18] [main/INFO] (Minecraft) Narrator library for x64 successfully loaded
[21:02:19] [main/INFO] (Minecraft) [STDOUT]: TENORCLEF: Global Init
[21:02:19] [main/INFO] (Minecraft) [CHAT] [Baritone] Baritone settings file not found, resetting.
[21:02:21] [main/INFO] (Minecraft) Reloading ResourceManager: Default, Fabric Containers (v0), Fabric Registry Sync (v0), Fabric Rendering Data Attachment (v1), Fabric Events Interaction (v0), Fabric Renderer - Indigo, Fabric Object Builder API (v1), Fabric Content Registries (v0), Fabric Key Bindings (v0), Fabric Networking Block Entity (v0), Fabric BlockRenderLayer Registration (v1), Alto Clef, Fabric Rendering (v0), Fabric Lifecycle Events (v1), Fabric API, Fabric Game Rule API (v1), Fabric Mining Levels (v0), Fabric Resource Loader (v0), Fabric Rendering (v1), Fabric Key Binding API (v1), Fabric Networking (v0), Fabric Events Lifecycle (v0), Fabric Object Builders (v0), Fabric Tool Attribute API (v1), Tungsten, Fabric Renderer API (v1), Fabric Item Groups (v0), Fabric Models (v0), Fabric Crash Report Info (v1), Fabric Textures (v0), Fabric Renderer Registries (v1), Fabric Rendering Fluids (v1), Fabric Loot Tables (v1), Fabric Loader, Fabric Item API (v1), Fabric Biomes (v1), Fabric Tag Extensions (v0), Fabric API Base, Fabric Screen Handler API (v1)
[21:02:21] [main/INFO] (Minecraft) [STDOUT]: TENORCLEF: MIXIN OK ClientTickMixin injected into MinecraftClient.tick()
[21:02:21] [main/INFO] (Minecraft) [STDOUT]: TENORCLEF: HARNESS: AUTOWORLD: fresh-world create armed (firing in 3s)
[21:02:23] [main/INFO] (Minecraft) [STDOUT]: TENORCLEF: HARNESS: AUTOWORLD: creating fresh world 'AutoRun_20260924_210223' mode=survival difficulty=easy hardcore=false
[21:02:24] [main/WARN] (Minecraft) Ambiguity between arguments [teleport, destination] and [teleport, targets] with inputs: [Player, 0123, @e, dd12be42-52a9-4a91-a8a1-11c01849e498]
[21:02:24] [main/WARN] (Minecraft) Ambiguity between arguments [teleport, location] and [teleport, destination] with inputs: [0.1 -0.5 .9, 0 0 0]
[21:02:24] [main/WARN] (Minecraft) Ambiguity between arguments [teleport, location] and [teleport, targets] with inputs: [0.1 -0.5 .9, 0 0 0]
[21:02:24] [main/WARN] (Minecraft) Ambiguity between arguments [teleport, targets] and [teleport, destination] with inputs: [Player, 0123, dd12be42-52a9-4a91-a8a1-11c01849e498]
[21:02:24] [main/WARN] (Minecraft) Ambiguity between arguments [teleport, targets, location] and [teleport, targets, destination] with inputs: [0.1 -0.5 .9, 0 0 0]
[21:02:24] [main/INFO] (Minecraft) Reloading ResourceManager: Default, Fabric Containers (v0), Fabric Registry Sync (v0), Fabric Rendering Data Attachment (v1), Fabric Events Interaction (v0), Fabric Renderer - Indigo, Fabric Object Builder API (v1), Fabric Content Registries (v0), Fabric Key Bindings (v0), Fabric Networking Block Entity (v0), Fabric BlockRenderLayer Registration (v1), Alto Clef, Fabric Rendering (v0), Fabric Lifecycle Events (v1), Fabric API, Fabric Game Rule API (v1), Fabric Mining Levels (v0), Fabric Resource Loader (v0), Fabric Rendering (v1), Fabric Key Binding API (v1), Fabric Networking (v0), Fabric Events Lifecycle (v0), Fabric Object Builders (v0), Fabric Tool Attribute API (v1), Tungsten, Fabric Renderer API (v1), Fabric Item Groups (v0), Fabric Models (v0), Fabric Crash Report Info (v1), Fabric Textures (v0), Fabric Renderer Registries (v1), Fabric Rendering Fluids (v1), Fabric Loot Tables (v1), Fabric Loader, Fabric Item API (v1), Fabric Biomes (v1), Fabric Tag Extensions (v0), Fabric API Base, Fabric Screen Handler API (v1), Fabric Tool Attribute API (v1)
[21:02:27] [main/INFO] (Minecraft) Loaded 7 recipes
[21:02:27] [main/INFO] (Minecraft) Loaded 927 advancements
[21:02:28] [main/INFO] (Minecraft) Environment: authHost='https://authserver.mojang.com', accountsHost='https://api.mojang.com', sessionHost='https://sessionserver.mojang.com', name='PROD'
[21:02:28] [Server thread/INFO] (Minecraft) Starting integrated minecraft server version 1.16.1
[21:02:28] [Server thread/INFO] (Minecraft) Generating keypair
[21:02:29] [Server thread/WARN] (Minecraft) Unable to find spawn biome
[21:02:50] [Server thread/INFO] (Minecraft) Preparing start region for dimension minecraft:overworld
[21:02:50] [main/INFO] (Minecraft) Preparing spawn area: 100%
[21:02:51] [main/INFO] (Minecraft) Preparing spawn area: 100%
[21:02:51] [main/INFO] (Minecraft) Preparing spawn area: 100%
[21:02:52] [main/INFO] (Minecraft) Preparing spawn area: 100%
[21:02:52] [main/INFO] (Minecraft) Preparing spawn area: 100%
[21:02:53] [main/INFO] (Minecraft) Preparing spawn area: 100%
[21:02:53] [main/INFO] (Minecraft) Preparing spawn area: 100%
[21:02:54] [main/INFO] (Minecraft) Preparing spawn area: 100%
[21:02:54] [main/INFO] (Minecraft) Preparing spawn area: 100%
[21:02:54] [main/INFO] (Minecraft) Time elapsed: 4306 ms
[21:02:55] [Server thread/INFO] (Minecraft) Changing view distance to 11, from 10
[21:02:55] [main/INFO] (Minecraft) [STDOUT]: TENORCLEF: HARNESS: AUTOWORLD: create call returned — waiting for join
[21:02:56] [main/INFO] (Minecraft) OpenAL initialized.
[21:02:56] [main/INFO] (Minecraft) Sound engine started
[21:02:56] [Server thread/INFO] (Minecraft) Player809[local:E:f01dc941] logged in with entity id 231 at (188.5, 64.0, 218.5)
[21:02:56] [Server thread/INFO] (Minecraft) Player809 joined the game
[21:02:56] [main/INFO] (Minecraft) Created: 1024x1024x4 minecraft:textures/atlas/blocks.png-atlas
[21:02:56] [main/INFO] (Minecraft) Created: 256x128x4 minecraft:textures/atlas/signs.png-atlas
[21:02:56] [main/INFO] (Minecraft) Created: 1024x512x4 minecraft:textures/atlas/banner_patterns.png-atlas
[21:02:56] [main/INFO] (Minecraft) Created: 1024x512x4 minecraft:textures/atlas/shield_patterns.png-atlas
[21:02:56] [main/INFO] (Minecraft) Created: 256x256x4 minecraft:textures/atlas/chest.png-atlas
[21:02:56] [main/INFO] (Minecraft) Created: 512x256x4 minecraft:textures/atlas/beds.png-atlas
[21:02:56] [main/INFO] (Minecraft) Created: 512x256x4 minecraft:textures/atlas/shulker_boxes.png-atlas
[21:02:57] [main/INFO] (Minecraft) Created: 256x256x0 minecraft:textures/atlas/particles.png-atlas
[21:02:57] [main/INFO] (Minecraft) Created: 256x256x0 minecraft:textures/atlas/paintings.png-atlas
[21:02:57] [main/INFO] (Minecraft) Created: 256x128x0 minecraft:textures/atlas/mob_effects.png-atlas
[21:02:57] [main/INFO] (Minecraft) [STDOUT]: Baritone world data dir: C:\Users\redfa\Documents\MinecraftDev\altoclef\versions\1.16.1\run\saves\AutoRun_20260924_210223\.\baritone
[21:02:57] [main/INFO] (Minecraft) [STDOUT]: Cached world directory: C:\Users\redfa\Documents\MinecraftDev\altoclef\versions\1.16.1\run\saves\AutoRun_20260924_210223\.\baritone\cache
[21:02:57] [main/INFO] (Minecraft) [STDOUT]: Would save waypoints to C:\Users\redfa\Documents\MinecraftDev\altoclef\versions\1.16.1\run\saves\AutoRun_20260924_210223\.\baritone\waypoints
[21:02:57] [Server thread/INFO] (Minecraft) Saving and pausing game...
[21:02:57] [Server thread/INFO] (Minecraft) Saving chunks for level 'ServerLevel[AutoRun_20260924_210223]'/minecraft:overworld
[21:02:58] [main/INFO] (Minecraft) Loaded 0 advancements
[21:02:58] [main/INFO] (Minecraft) [STDOUT]: TENORCLEF: HARNESS: AUTORUN: armed 'testrun2' (firing in 5s)
[21:02:59] [Server thread/INFO] (Minecraft) Saving chunks for level 'ServerLevel[AutoRun_20260924_210223]'/minecraft:the_nether
[21:02:59] [Server thread/INFO] (Minecraft) Saving chunks for level 'ServerLevel[AutoRun_20260924_210223]'/minecraft:the_end
[21:02:59] [Server thread/WARN] (Minecraft) Can't keep up! Is the server overloaded? Running 2938ms or 58 ticks behind
[21:03:02] [main/INFO] (Minecraft) [STDOUT]: TENORCLEF: HARNESS: AUTORUN: executing 'testrun2'
[21:03:02] [main/INFO] (Minecraft) [CHAT] §2§l§o[TenorClef] §rAUTORUN: executing 'testrun2'
[21:03:02] [main/INFO] (Minecraft) [CHAT] §2§l§o[TenorClef] §rTESRUN2 start — @stop to cancel
[21:03:02] [main/INFO] (Minecraft) [CHAT] §2§l§o[TenorClef] §rUser Task Set: <testrun2/BOOTSTRAP> 
[21:03:03] [main/INFO] (Minecraft) [CHAT] §2§l§o[TenorClef] §rTESRUN2 clock 0:00.0
[21:03:03] [main/INFO] (Minecraft) [CHAT] §2§l§o[TenorClef] §rTungstenBridge: kaptainwutax.tungsten bound
[21:03:03] [main/INFO] (Minecraft) [CHAT] §2§l§o[TenorClef] §rTESRUN2 start Tungsten backend: AVAILABLE (kaptainwutax.tungsten bound; mover=BARITONE) eyes=12 rods=6 skipDiamond=true
[21:03:03] [main/INFO] (Minecraft) [CHAT] §2§l§o[TenorClef] §rT2 [HIST] 0:00.0 PHASE  -> BOOTSTRAP
[21:03:03] [main/INFO] (Minecraft) [CHAT] §2§l§o[TenorClef] §rT2 [HIST] 0:00.0 DIM  -> OVERWORLD at 188,64,218
[21:03:03] [main/INFO] (Minecraft) [CHAT] §2§l§o[TenorClef] §rT2 [HIST] 0:00.0 CHILD  -> - ph=BOOTSTRAP @188,64,218 sky=15 wet=false ground=true pick=0 buck=0 iron=0 ore=0 rods=0 pearls=0 eyes=0
[21:03:03] [main/INFO] (Minecraft) [CHAT] §2§l§o[TenorClef] §rT2 [HIST] 0:00.0 WHY E95: trees~=0, walk until a log exists
[21:03:03] [main/INFO] (Minecraft) [CHAT] §2§l§o[TenorClef] §rT2 [HIST] 0:00.0 CHILD - -> TimeoutWanderTask ph=BOOTSTRAP @188,64,218 sky=15 wet=false ground=true pick=0 buck=0 iron=0 ore=0 rods=0 pearls=0 eyes=0
[21:03:03] [main/INFO] (Minecraft) [STDOUT]: ALTO CLEF: WARNING: T2 [S176] one client tick took 41654ms (limit 8000ms) — BOOTSTRAP @188,64,218 child=TimeoutWanderTask
[21:03:03] [main/INFO] (Minecraft) [CHAT] §2§l§o[TenorClef] §cT2 [S176] one client tick took 41654ms (limit 8000ms) — BOOTSTRAP @188,64,218 child=TimeoutWanderTask§r
[21:03:03] [main/INFO] (Minecraft) [CHAT] §2§l§o[TenorClef] §rT2 [HIST] 0:00.0 FORCE S176 one client tick took 41654ms (limit 8000ms) — BOOTSTRAP @188,64,218 child=TimeoutWanderTask
[21:03:03] [main/INFO] (Minecraft) [STDOUT]: TENORCLEF: HARNESS: DEADMAN: watchdog started (warn 30s, fatal 120s, worst-tick limit 8s)
[21:03:03] [pool-5-thread-4/INFO] (Minecraft) [STDOUT]: 137984 movements considered
[21:03:03] [pool-5-thread-4/INFO] (Minecraft) [STDOUT]: Open set size: 6044
[21:03:03] [pool-5-thread-4/INFO] (Minecraft) [STDOUT]: PathNode map size: 12316
[21:03:03] [pool-5-thread-4/INFO] (Minecraft) [STDOUT]: 12444 nodes per second
[21:03:03] [pool-5-thread-4/INFO] (Minecraft) [STDOUT]: Path goes for 44.04543109109048 blocks
[21:03:03] [main/INFO] (Minecraft) [CHAT] §2§l§o[TenorClef] §rT2 [NOW] t=0:00.9 ph=BOOTSTRAP @189,64,218 do=<Wander for Infinity blocks>  eq=air woodpick=0 stonepick=0 pick=0 iron=0 buck=0
[21:03:04] [main/INFO] (Minecraft) [CHAT] §2§l§o[TenorClef] §rT2 [NOW] t=0:01.9 ph=BOOTSTRAP @194,64,218 do=<Wander for Infinity blocks>  eq=air woodpick=0 stonepick=0 pick=0 iron=0 buck=0
[21:03:05] [pool-5-thread-4/INFO] (Minecraft) [STDOUT]: 617264 movements considered
[21:03:05] [pool-5-thread-4/INFO] (Minecraft) [STDOUT]: Open set size: 21790
[21:03:05] [pool-5-thread-4/INFO] (Minecraft) [STDOUT]: PathNode map size: 49852
[21:03:05] [pool-5-thread-4/INFO] (Minecraft) [STDOUT]: 24005 nodes per second
[21:03:05] [pool-5-thread-4/INFO] (Minecraft) [STDOUT]: Path goes for 138.06520198804623 blocks
[21:03:05] [main/INFO] (Minecraft) [CHAT] §2§l§o[TenorClef] §rT2 [HIST] 0:02.6 SNAP ph=BOOTSTRAP @197,64,218 sky=15 wet=false ground=true pick=0 buck=0 iron=0 ore=0 rods=0 pearls=0 eyes=0 child=TimeoutWanderTask dbg=<Wander for Infinity blocks>  mobs=none
[21:03:05] [pool-5-thread-4/INFO] (Minecraft) [STDOUT]: 321024 movements considered
[21:03:05] [pool-5-thread-4/INFO] (Minecraft) [STDOUT]: Open set size: 8718
[21:03:05] [pool-5-thread-4/INFO] (Minecraft) [STDOUT]: PathNode map size: 23310
[21:03:05] [pool-5-thread-4/INFO] (Minecraft) [STDOUT]: 28724 nodes per second
[21:03:05] [pool-5-thread-4/INFO] (Minecraft) [STDOUT]: Path goes for 61.07372593840988 blocks
[21:03:05] [main/INFO] (Minecraft) [CHAT] §2§l§o[TenorClef] §rT2 [NOW] t=0:02.9 ph=BOOTSTRAP @197,64,218 do=<Wander for Infinity blocks>  eq=air woodpick=0 stonepick=0 pick=0 iron=0 buck=0
[21:03:06] [main/INFO] (Minecraft) [CHAT] §2§l§o[TenorClef] §rT2 [HIST] 0:03.8 WHY wood: mine 1.16 logs only (no air)
[21:03:06] [main/INFO] (Minecraft) [CHAT] §2§l§o[TenorClef] §rT2 [HIST] 0:03.8 CHILD TimeoutWanderTask -> MineAndCollectTask ph=BOOTSTRAP @197,66,224 sky=15 wet=false ground=false pick=0 buck=0 iron=0 ore=0 rods=0 pearls=0 eyes=0
[21:03:06] [main/INFO] (Minecraft) [CHAT] §2§l§o[TenorClef] §rT2 [NOW] t=0:03.8 ph=BOOTSTRAP @197,66,224 do=<Mine And Collect: [[oak_log,birch_log,spruce_log,jungle_log,acacia_log,dark_oak_log] x 2]>  eq=air woodpick=0 stonepick=0 pick=0 iron=0 buck=0
[21:03:07] [pool-5-thread-4/INFO] (Minecraft) [STDOUT]: 405504 movements considered
[21:03:07] [pool-5-thread-4/INFO] (Minecraft) [STDOUT]: Open set size: 12185
[21:03:07] [pool-5-thread-4/INFO] (Minecraft) [STDOUT]: PathNode map size: 30617
[21:03:07] [pool-5-thread-4/INFO] (Minecraft) [STDOUT]: 36717 nodes per second
[21:03:07] [pool-5-thread-4/INFO] (Minecraft) [STDOUT]: Path goes for 102.20078277586722 blocks
[21:03:07] [main/INFO] (Minecraft) [CHAT] §2§l§o[TenorClef] §rT2 [NOW] t=0:04.9 ph=BOOTSTRAP @197,66,225 do=<Mine And Collect: [[oak_log,birch_log,spruce_log,jungle_log,acacia_log,dark_oak_log] x 2]>  eq=air woodpick=0 stonepick=0 pick=0 iron=0 buck=0
[21:03:07] [main/INFO] (Minecraft) [CHAT] §2§l§o[TenorClef] §rT2 [HIST] 0:04.9 SNAP ph=BOOTSTRAP @197,66,225 sky=15 wet=false ground=true pick=0 buck=0 iron=0 ore=0 rods=0 pearls=0 eyes=0 child=MineAndCollectTask dbg=<Mine And Collect: [[oak_log,birch_log,spruce_log,jungle_log,acacia_log,dark_oak_log] x 2]>  mobs=none
[21:03:07] [pool-5-thread-4/INFO] (Minecraft) [STDOUT]: 413952 movements considered
[21:03:07] [pool-5-thread-4/INFO] (Minecraft) [STDOUT]: Open set size: 12743
[21:03:07] [pool-5-thread-4/INFO] (Minecraft) [STDOUT]: PathNode map size: 31559
[21:03:07] [pool-5-thread-4/INFO] (Minecraft) [STDOUT]: 37556 nodes per second
[21:03:07] [pool-5-thread-4/INFO] (Minecraft) [STDOUT]: Path goes for 89.1010662113535 blocks
[21:03:08] [main/INFO] (Minecraft) [CHAT] §2§l§o[TenorClef] §rT2 [NOW] t=0:05.8 ph=BOOTSTRAP @197,66,230 do=<Mine And Collect: [[oak_log,birch_log,spruce_log,jungle_log,acacia_log,dark_oak_log] x 2]>  eq=air woodpick=0 stonepick=0 pick=0 iron=0 buck=0
[21:03:09] [main/INFO] (Minecraft) [CHAT] §2§l§o[TenorClef] §rT2 [NOW] t=0:06.8 ph=BOOTSTRAP @197,66,236 do=<Mine And Collect: [[oak_log,birch_log,spruce_log,jungle_log,acacia_log,dark_oak_log] x 2]>  eq=air woodpick=0 stonepick=0 pick=0 iron=0 buck=0
[21:03:10] [main/INFO] (Minecraft) [CHAT] §2§l§o[TenorClef] §rT2 [HIST] 0:07.3 SNAP ph=BOOTSTRAP @197,66,239 sky=15 wet=false ground=true pick=0 buck=0 iron=0 ore=0 rods=0 pearls=0 eyes=0 child=MineAndCollectTask dbg=<Mine And Collect: [[oak_log,birch_log,spruce_log,jungle_log,acacia_log,dark_oak_log] x 2]>  mobs=none
[21:03:10] [main/INFO] (Minecraft) [CHAT] §2§l§o[TenorClef] §rT2 [NOW] t=0:07.8 ph=BOOTSTRAP @197,66,241 do=<Mine And Collect: [[oak_log,birch_log,spruce_log,jungle_log,acacia_log,dark_oak_log] x 2]>  eq=air woodpick=0 stonepick=0 pick=0 iron=0 buck=0
[21:03:11] [main/INFO] (Minecraft) [CHAT] §2§l§o[TenorClef] §rT2 [NOW] t=0:08.8 ph=BOOTSTRAP @197,66,244 do=<Mine And Collect: [[oak_log,birch_log,spruce_log,jungle_log,acacia_log,dark_oak_log] x 2]>  eq=air woodpick=0 stonepick=0 pick=0 iron=0 buck=0
[21:03:11] [pool-5-thread-4/INFO] (Minecraft) [STDOUT]: 564608 movements considered
[21:03:11] [pool-5-thread-4/INFO] (Minecraft) [STDOUT]: Open set size: 16826
[21:03:11] [pool-5-thread-4/INFO] (Minecraft) [STDOUT]: PathNode map size: 42490
[21:03:11] [pool-5-thread-4/INFO] (Minecraft) [STDOUT]: 51328 nodes per second
[21:03:11] [pool-5-thread-4/INFO] (Minecraft) [STDOUT]: Path goes for 134.29817571359635 blocks
[21:03:12] [main/INFO] (Minecraft) [CHAT] §2§l§o[TenorClef] §rT2 [NOW] t=0:09.8 ph=BOOTSTRAP @202,66,244 do=<Mine And Collect: [[oak_log,birch_log,spruce_log,jungle_log,acacia_log,dark_oak_log] x 2]>  eq=air woodpick=0 stonepick=0 pick=0 iron=0 buck=0
[21:03:12] [main/INFO] (Minecraft) [CHAT] §2§l§o[TenorClef] §rT2 [HIST] 0:09.8 SNAP ph=BOOTSTRAP @202,66,244 sky=15 wet=false ground=true pick=0 buck=0 iron=0 ore=0 rods=0 pearls=0 eyes=0 child=MineAndCollectTask dbg=<Mine And Collect: [[oak_log,birch_log,spruce_log,jungle_log,acacia_log,dark_oak_log] x 2]>  mobs=none
[21:03:13] [main/INFO] (Minecraft) [CHAT] §2§l§o[TenorClef] §rT2 [NOW] t=0:10.8 ph=BOOTSTRAP @208,66,244 do=<Mine And Collect: [[oak_log,birch_log,spruce_log,jungle_log,acacia_log,dark_oak_log] x 2]>  eq=air woodpick=0 stonepick=0 pick=0 iron=0 buck=0
[21:03:14] [pool-5-thread-4/INFO] (Minecraft) [STDOUT]: 526592 movements considered
[21:03:14] [pool-5-thread-4/INFO] (Minecraft) [STDOUT]: Open set size: 19419
[21:03:14] [pool-5-thread-4/INFO] (Minecraft) [STDOUT]: PathNode map size: 43355
[21:03:14] [pool-5-thread-4/INFO] (Minecraft) [STDOUT]: 47118 nodes per second
[21:03:14] [pool-5-thread-4/INFO] (Minecraft) [STDOUT]: Path goes for 177.02542190318317 blocks
[21:03:14] [main/INFO] (Minecraft) [CHAT] §2§l§o[TenorClef] §rT2 [NOW] t=0:11.8 ph=BOOTSTRAP @211,68,244 do=<Mine And Collect: [[oak_log,birch_log,spruce_log,jungle_log,acacia_log,dark_oak_log] x 2]>  eq=air woodpick=0 stonepick=0 pick=0 iron=0 buck=0
[21:03:15] [pool-5-thread-4/INFO] (Minecraft) [STDOUT]: 560384 movements considered
[21:03:15] [pool-5-thread-4/INFO] (Minecraft) [STDOUT]: Open set size: 16391
[21:03:15] [pool-5-thread-4/INFO] (Minecraft) [STDOUT]: PathNode map size: 41863
[21:03:15] [pool-5-thread-4/INFO] (Minecraft) [STDOUT]: 50842 nodes per second
[21:03:15] [pool-5-thread-4/INFO] (Minecraft) [STDOUT]: Path goes for 68.30080526611674 blocks
[21:03:15] [main/INFO] (Minecraft) [CHAT] §2§l§o[TenorClef] §rT2 [HIST] 0:12.3 SNAP ph=BOOTSTRAP @211,67,244 sky=15 wet=false ground=true pick=0 buck=0 iron=0 ore=0 rods=0 pearls=0 eyes=0 child=MineAndCollectTask dbg=<Mine And Collect: [[oak_log,birch_log,spruce_log,jungle_log,acacia_log,dark_oak_log] x 2]>  mobs=none
[21:03:15] [main/INFO] (Minecraft) [CHAT] §2§l§o[TenorClef] §rT2 [NOW] t=0:12.8 ph=BOOTSTRAP @211,68,247 do=<Mine And Collect: [[oak_log,birch_log,spruce_log,jungle_log,acacia_log,dark_oak_log] x 2]>  eq=air woodpick=0 stonepick=0 pick=0 iron=0 buck=0
[21:03:16] [main/INFO] (Minecraft) [CHAT] §2§l§o[TenorClef] §rT2 [NOW] t=0:13.8 ph=BOOTSTRAP @213,68,252 do=<Mine And Collect: [[oak_log,birch_log,spruce_log,jungle_log,acacia_log,dark_oak_log] x 2]>  eq=air woodpick=0 stonepick=0 pick=0 iron=0 buck=0
[21:03:17] [main/INFO] (Minecraft) [CHAT] §2§l§o[TenorClef] §rT2 [NOW] t=0:14.8 ph=BOOTSTRAP @213,68,258 do=<Mine And Collect: [[oak_log,birch_log,spruce_log,jungle_log,acacia_log,dark_oak_log] x 2]>  eq=air woodpick=0 stonepick=0 pick=0 iron=0 buck=0
[21:03:17] [main/INFO] (Minecraft) [CHAT] §2§l§o[TenorClef] §rT2 [HIST] 0:14.9 SNAP ph=BOOTSTRAP @213,68,258 sky=15 wet=false ground=true pick=0 buck=0 iron=0 ore=0 rods=0 pearls=0 eyes=0 child=MineAndCollectTask dbg=<Mine And Collect: [[oak_log,birch_log,spruce_log,jungle_log,acacia_log,dark_oak_log] x 2]>  mobs=none
[21:03:18] [pool-5-thread-4/INFO] (Minecraft) [STDOUT]: 716665 movements considered
[21:03:18] [pool-5-thread-4/INFO] (Minecraft) [STDOUT]: Open set size: 23888
[21:03:18] [pool-5-thread-4/INFO] (Minecraft) [STDOUT]: PathNode map size: 56464
[21:03:18] [pool-5-thread-4/INFO] (Minecraft) [STDOUT]: 65021 nodes per second
[21:03:18] [pool-5-thread-4/INFO] (Minecraft) [STDOUT]: Path goes for 182.04669730593852 blocks
[21:03:18] [main/INFO] (Minecraft) [CHAT] §2§l§o[TenorClef] §rT2 [NOW] t=0:15.8 ph=BOOTSTRAP @215,67,258 do=<Mine And Collect: [[oak_log,birch_log,spruce_log,jungle_log,acacia_log,dark_oak_log] x 2]>  eq=air woodpick=0 stonepick=0 pick=0 iron=0 buck=0
[21:03:19] [main/INFO] (Minecraft) [CHAT] §2§l§o[TenorClef] §rT2 [NOW] t=0:16.8 ph=BOOTSTRAP @220,66,258 do=<Mine And Collect: [[oak_log,birch_log,spruce_log,jungle_log,acacia_log,dark_oak_log] x 2]>  eq=air woodpick=0 stonepick=0 pick=0 iron=0 buck=0
[21:03:20] [main/INFO] (Minecraft) [CHAT] §2§l§o[TenorClef] §rT2 [HIST] 0:17.3 SNAP ph=BOOTSTRAP @223,66,258 sky=15 wet=false ground=true pick=0 buck=0 iron=0 ore=0 rods=0 pearls=0 eyes=0 child=MineAndCollectTask dbg=<Mine And Collect: [[oak_log,birch_log,spruce_log,jungle_log,acacia_log,dark_oak_log] x 2]>  mobs=none
[21:03:20] [main/INFO] (Minecraft) [CHAT] §2§l§o[TenorClef] §rT2 [NOW] t=0:17.8 ph=BOOTSTRAP @225,66,258 do=<Mine And Collect: [[oak_log,birch_log,spruce_log,jungle_log,acacia_log,dark_oak_log] x 2]>  eq=air woodpick=0 stonepick=0 pick=0 iron=0 buck=0
[21:03:21] [pool-5-thread-4/INFO] (Minecraft) [STDOUT]: 772992 movements considered
[21:03:21] [pool-5-thread-4/INFO] (Minecraft) [STDOUT]: Open set size: 25349
[21:03:21] [pool-5-thread-4/INFO] (Minecraft) [STDOUT]: PathNode map size: 60485
[21:03:21] [pool-5-thread-4/INFO] (Minecraft) [STDOUT]: 70272 nodes per second
[21:03:21] [pool-5-thread-4/INFO] (Minecraft) [STDOUT]: Path goes for 170.01470524634038 blocks
[21:03:21] [main/INFO] (Minecraft) [CHAT] §2§l§o[TenorClef] §rT2 [NOW] t=0:18.8 ph=BOOTSTRAP @226,66,258 do=<Mine And Collect: [[oak_log,birch_log,spruce_log,jungle_log,acacia_log,dark_oak_log] x 2]>  eq=air woodpick=0 stonepick=0 pick=0 iron=0 buck=0
[21:03:21] [pool-5-thread-4/INFO] (Minecraft) [STDOUT]: 836352 movements considered
[21:03:21] [pool-5-thread-4/INFO] (Minecraft) [STDOUT]: Open set size: 25621
[21:03:21] [pool-5-thread-4/INFO] (Minecraft) [STDOUT]: PathNode map size: 63637
[21:03:21] [pool-5-thread-4/INFO] (Minecraft) [STDOUT]: 75880 nodes per second
[21:03:21] [pool-5-thread-4/INFO] (Minecraft) [STDOUT]: Path goes for 169.01479225203929 blocks
[21:03:22] [main/INFO] (Minecraft) [CHAT] §2§l§o[TenorClef] §rT2 [NOW] t=0:19.8 ph=BOOTSTRAP @231,67,258 do=<Mine And Collect: [[oak_log,birch_log,spruce_log,jungle_log,acacia_log,dark_oak_log] x 2]>  eq=air woodpick=0 stonepick=0 pick=0 iron=0 buck=0
[21:03:22] [main/INFO] (Minecraft) [CHAT] §2§l§o[TenorClef] §rTESRUN2 spawn biome=DesertBiome trees~=0 villageHint=false rpHint=true surfaceLava=0 vDist=unseen rpDist=66  *** RESET-WORTHY (ruined portal but treeless (no wood for sticks)) ***
[21:03:22] [main/INFO] (Minecraft) [STDOUT]: ALTO CLEF: WARNING: T2 [S169] spawn REJECTED (treeless) biome=DesertBiome trees=0 village=false rp=true vDist=unseen rpDist=66 @231,67,258 - no wood for sticks, a portal alone is not playable - reroll #1/12
[21:03:22] [main/INFO] (Minecraft) [CHAT] §2§l§o[TenorClef] §cT2 [S169] spawn REJECTED (treeless) biome=DesertBiome trees=0 village=false rp=true vDist=unseen rpDist=66 @231,67,258 - no wood for sticks, a portal alone is not playable - reroll #1/12§r
[21:03:22] [main/INFO] (Minecraft) [CHAT] §2§l§o[TenorClef] §rT2 [HIST] 0:19.9 FORCE S169 spawn REJECTED (treeless) biome=DesertBiome trees=0 village=false rp=true vDist=unseen rpDist=66 @231,67,258 - no wood for sticks, a portal alone is not playable - reroll #1/12
[21:03:22] [main/INFO] (Minecraft) [STDOUT]: ALTO CLEF: WARNING: TESRUN2 RESET: spawn treeless: rp=true trees=0 in DesertBiome (reroll #1)
[21:03:22] [main/INFO] (Minecraft) [CHAT] §2§l§o[TenorClef] §cTESRUN2 RESET: spawn treeless: rp=true trees=0 in DesertBiome (reroll #1)§r
[21:03:22] [main/INFO] (Minecraft) [STDOUT]: TENORCLEF: HARNESS: AUTOWORLD: re-armed for a fresh seed (reroll #1)
[21:03:22] [main/INFO] (Minecraft) [CHAT] §2§l§o[TenorClef] §rT2 [HIST] 0:19.9 PHASE BOOTSTRAP -> DONE
[21:03:22] [main/INFO] (Minecraft) [STDOUT]: ALTO CLEF: WARNING: T2 [E109] mine/collect with no pick child=MineAndCollectTask
[21:03:22] [main/INFO] (Minecraft) [CHAT] §2§l§o[TenorClef] §cT2 [E109] mine/collect with no pick child=MineAndCollectTask§r
[21:03:22] [main/INFO] (Minecraft) [CHAT] §2§l§o[TenorClef] §rT2 [HIST] 0:19.9 [E109] mine/collect with no pick child=MineAndCollectTask
[21:03:22] [main/INFO] (Minecraft) [STDOUT]: ALTO CLEF: WARNING: T2 [S188] reroll: leaving world (queued Save-and-Quit disconnect)
[21:03:22] [main/INFO] (Minecraft) [CHAT] §2§l§o[TenorClef] §cT2 [S188] reroll: leaving world (queued Save-and-Quit disconnect)§r
[21:03:22] [main/INFO] (Minecraft) [CHAT] §2§l§o[TenorClef] §rT2 [HIST] 0:19.9 FORCE S188 reroll: leaving world (queued Save-and-Quit disconnect)
[21:03:22] [Server thread/INFO] (Minecraft) Player809 lost connection: Disconnected
[21:03:22] [Server thread/INFO] (Minecraft) Player809 left the game
[21:03:23] [Server thread/INFO] (Minecraft) Stopping singleplayer server as player logged out
[21:03:23] [Server thread/INFO] (Minecraft) Stopping server
[21:03:23] [Server thread/INFO] (Minecraft) Saving players
[21:03:23] [Server thread/INFO] (Minecraft) Saving worlds
[21:03:23] [Server thread/INFO] (Minecraft) Saving chunks for level 'ServerLevel[AutoRun_20260924_210223]'/minecraft:overworld
[21:03:23] [Server thread/INFO] (Minecraft) ThreadedAnvilChunkStorage (AutoRun_20260924_210223): All chunks are saved
[21:03:23] [Server thread/INFO] (Minecraft) Saving chunks for level 'ServerLevel[AutoRun_20260924_210223]'/minecraft:the_nether
[21:03:23] [Server thread/INFO] (Minecraft) ThreadedAnvilChunkStorage (DIM-1): All chunks are saved
[21:03:23] [Server thread/INFO] (Minecraft) Saving chunks for level 'ServerLevel[AutoRun_20260924_210223]'/minecraft:the_end
[21:03:23] [Server thread/INFO] (Minecraft) ThreadedAnvilChunkStorage (DIM1): All chunks are saved
[21:03:23] [Server thread/INFO] (Minecraft) ThreadedAnvilChunkStorage (AutoRun_20260924_210223): All chunks are saved
[21:03:23] [Server thread/INFO] (Minecraft) ThreadedAnvilChunkStorage (DIM-1): All chunks are saved
[21:03:23] [Server thread/INFO] (Minecraft) ThreadedAnvilChunkStorage (DIM1): All chunks are saved
[21:03:27] [pool-5-thread-2/INFO] (Minecraft) [STDOUT]: Saving region 0,0 to disk C:\Users\redfa\Documents\MinecraftDev\altoclef\versions\1.16.1\run\saves\AutoRun_20260924_210223\.\baritone\cache
[21:03:27] [pool-5-thread-2/INFO] (Minecraft) [STDOUT]: Saved region successfully
[21:03:27] [pool-5-thread-2/INFO] (Minecraft) [STDOUT]: World save took 149ms
[21:03:27] [pool-5-thread-2/INFO] (Minecraft) [STDOUT]: mc.world unloaded unnoticed! Unloading Baritone cache now.
[21:03:27] [pool-5-thread-4/INFO] (Minecraft) [STDOUT]: Started saving the world in a new thread
[21:03:27] [pool-5-thread-4/INFO] (Minecraft) [STDOUT]: World save took 0ms
[21:03:28] [main/INFO] (Minecraft) [STDOUT]: TENORCLEF: HARNESS: AUTOWORLD: creating fresh world 'AutoRun_20260924_210328_r1' mode=survival difficulty=easy hardcore=false
[21:03:28] [main/WARN] (Minecraft) Ambiguity between arguments [teleport, destination] and [teleport, targets] with inputs: [Player, 0123, @e, dd12be42-52a9-4a91-a8a1-11c01849e498]
[21:03:28] [main/WARN] (Minecraft) Ambiguity between arguments [teleport, location] and [teleport, destination] with inputs: [0.1 -0.5 .9, 0 0 0]
[21:03:28] [main/WARN] (Minecraft) Ambiguity between arguments [teleport, location] and [teleport, targets] with inputs: [0.1 -0.5 .9, 0 0 0]
[21:03:28] [main/WARN] (Minecraft) Ambiguity between arguments [teleport, targets] and [teleport, destination] with inputs: [Player, 0123, dd12be42-52a9-4a91-a8a1-11c01849e498]
[21:03:28] [main/WARN] (Minecraft) Ambiguity between arguments [teleport, targets, location] and [teleport, targets, destination] with inputs: [0.1 -0.5 .9, 0 0 0]
[21:03:28] [main/INFO] (Minecraft) Reloading ResourceManager: Default, Fabric Containers (v0), Fabric Registry Sync (v0), Fabric Rendering Data Attachment (v1), Fabric Events Interaction (v0), Fabric Renderer - Indigo, Fabric Object Builder API (v1), Fabric Content Registries (v0), Fabric Key Bindings (v0), Fabric Networking Block Entity (v0), Fabric BlockRenderLayer Registration (v1), Alto Clef, Fabric Rendering (v0), Fabric Lifecycle Events (v1), Fabric API, Fabric Game Rule API (v1), Fabric Mining Levels (v0), Fabric Resource Loader (v0), Fabric Rendering (v1), Fabric Key Binding API (v1), Fabric Networking (v0), Fabric Events Lifecycle (v0), Fabric Object Builders (v0), Fabric Tool Attribute API (v1), Tungsten, Fabric Renderer API (v1), Fabric Item Groups (v0), Fabric Models (v0), Fabric Crash Report Info (v1), Fabric Textures (v0), Fabric Renderer Registries (v1), Fabric Rendering Fluids (v1), Fabric Loot Tables (v1), Fabric Loader, Fabric Item API (v1), Fabric Biomes (v1), Fabric Tag Extensions (v0), Fabric API Base, Fabric Screen Handler API (v1), Fabric Tool Attribute API (v1)
[21:03:29] [main/INFO] (Minecraft) Loaded 7 recipes
[21:03:29] [main/INFO] (Minecraft) Loaded 927 advancements
[21:03:29] [main/INFO] (Minecraft) Environment: authHost='https://authserver.mojang.com', accountsHost='https://api.mojang.com', sessionHost='https://sessionserver.mojang.com', name='PROD'
[21:03:29] [Server thread/INFO] (Minecraft) Starting integrated minecraft server version 1.16.1
[21:03:29] [Server thread/INFO] (Minecraft) Generating keypair
[21:03:31] [T2Deadman/INFO] (Minecraft) [STDOUT]: TENORCLEF: DEADMAN: client tick running 8s — client thread stack, innermost first:
    at java.base/java.lang.Thread.sleep0(Native Method)
    at java.base/java.lang.Thread.sleep(Thread.java:509)
    at knot//net.minecraft.client.MinecraftClient.startIntegratedServer(MinecraftClient.java:1827)
    at knot//net.minecraft.client.MinecraftClient.method_29607(MinecraftClient.java:1702)
    at knot//net.minecraft.client.gui.screen.TitleScreen.handler$zca000$altoclef$altoAutoCreateWorld(TitleScreen.java:620)
    at knot//net.minecraft.client.gui.screen.TitleScreen.tick(TitleScreen.java:84)
    at knot//net.minecraft.client.MinecraftClient.method_1572(MinecraftClient.java:1499)
    at knot//net.minecraft.client.gui.screen.Screen.wrapScreenError(Screen.java:431)
    at knot//net.minecraft.client.MinecraftClient.tick(MinecraftClient.java:1499)
    at knot//net.minecraft.client.MinecraftClient.render(MinecraftClient.java:994)
    at knot//net.minecraft.client.MinecraftClient.run(MinecraftClient.java:654)
    at knot//net.minecraft.client.main.Main.main(Main.java:215)
    at net.fabricmc.loader.impl.game.minecraft.MinecraftGameProvider.launch(MinecraftGameProvider.java:480)
    at net.fabricmc.loader.impl.launch.knot.Knot.launch(Knot.java:74)
    at net.fabricmc.loader.impl.launch.knot.KnotClient.main(KnotClient.java:23)
    at net.fabricmc.devlaunchinjector.Main.main(Main.java:86)
[21:03:31] [T2Deadman/INFO] (Minecraft) [STDOUT]: TENORCLEF: HARNESS: DEADMAN: client tick running 8s — client thread stack, innermost first:
    at java.base/java.lang.Thread.sleep0(Native Method)
    at java.base/java.lang.Thread.sleep(Thread.java:509)
    at knot//net.minecraft.client.MinecraftClient.startIntegratedServer(MinecraftClient.java:1827)
    at knot//net.minecraft.client.MinecraftClient.method_29607(MinecraftClient.java:1702)
    at knot//net.minecraft.client.gui.screen.TitleScreen.handler$zca000$altoclef$altoAutoCreateWorld(TitleScreen.java:620)
    at knot//net.minecraft.client.gui.screen.TitleScreen.tick(TitleScreen.java:84)
    at knot//net.minecraft.client.MinecraftClient.method_1572(MinecraftClient.java:1499)
    at knot//net.minecraft.client.gui.screen.Screen.wrapScreenError(Screen.java:431)
    at knot//net.minecraft.client.MinecraftClient.tick(MinecraftClient.java:1499)
    at knot//net.minecraft.client.MinecraftClient.render(MinecraftClient.java:994)
    at knot//net.minecraft.client.MinecraftClient.run(MinecraftClient.java:654)
    at knot//net.minecraft.client.main.Main.main(Main.java:215)
    at net.fabricmc.loader.impl.game.minecraft.MinecraftGameProvider.launch(MinecraftGameProvider.java:480)
    at net.fabricmc.loader.impl.launch.knot.Knot.launch(Knot.java:74)
    at net.fabricmc.loader.impl.launch.knot.KnotClient.main(KnotClient.java:23)
    at net.fabricmc.devlaunchinjector.Main.main(Main.java:86)
[21:03:31] [T2Deadman/INFO] (Minecraft) [STDOUT]: ALTO CLEF: WARNING: T2 [S181] DEADMAN: client tick running 8s — client thread stack, innermost first:
    at java.base/java.lang.Thread.sleep0(Native Method)
    at java.base/java.lang.Thread.sleep(Thread.java:509)
    at knot//net.minecraft.client.MinecraftClient.startIntegratedServer(MinecraftClient.java:1827)
    at knot//net.minecraft.client.MinecraftClient.method_29607(MinecraftClient.java:1702)
    at knot//net.minecraft.client.gui.screen.TitleScreen.handler$zca000$altoclef$altoAutoCreateWorld(TitleScreen.java:620)
    at knot//net.minecraft.client.gui.screen.TitleScreen.tick(TitleScreen.java:84)
    at knot//net.minecraft.client.MinecraftClient.method_1572(MinecraftClient.java:1499)
    at knot//net.minecraft.client.gui.screen.Screen.wrapScreenError(Screen.java:431)
    at knot//net.minecraft.client.MinecraftClient.tick(MinecraftClient.java:1499)
    at knot//net.minecraft.client.MinecraftClient.render(MinecraftClient.java:994)
    at knot//net.minecraft.client.MinecraftClient.run(MinecraftClient.java:654)
    at knot//net.minecraft.client.main.Main.main(Main.java:215)
    at net.fabricmc.loader.impl.game.minecraft.MinecraftGameProvider.launch(MinecraftGameProvider.java:480)
    at net.fabricmc.loader.impl.launch.knot.Knot.launch(Knot.java:74)
    at net.fabricmc.loader.impl.launch.knot.KnotClient.main(KnotClient.java:23)
    at net.fabricmc.devlaunchinjector.Main.main(Main.java:86)
[21:03:31] [Server thread/INFO] (Minecraft) Preparing start region for dimension minecraft:overworld
[21:03:31] [main/INFO] (Minecraft) Preparing spawn area: 0%
[21:03:31] [main/INFO] (Minecraft) Preparing spawn area: 2%
[21:03:32] [main/INFO] (Minecraft) Preparing spawn area: 3%
[21:03:32] [main/INFO] (Minecraft) Preparing spawn area: 7%
[21:03:33] [main/INFO] (Minecraft) Preparing spawn area: 10%
[21:03:33] [main/INFO] (Minecraft) Preparing spawn area: 13%
[21:03:34] [main/INFO] (Minecraft) Preparing spawn area: 19%
[21:03:34] [main/INFO] (Minecraft) Preparing spawn area: 23%
[21:03:35] [main/INFO] (Minecraft) Preparing spawn area: 28%
[21:03:35] [main/INFO] (Minecraft) Preparing spawn area: 28%
[21:03:36] [main/INFO] (Minecraft) Preparing spawn area: 37%
[21:03:36] [main/INFO] (Minecraft) Preparing spawn area: 44%
[21:03:37] [main/INFO] (Minecraft) Preparing spawn area: 50%
[21:03:37] [main/INFO] (Minecraft) Preparing spawn area: 57%
[21:03:38] [main/INFO] (Minecraft) Preparing spawn area: 64%
[21:03:38] [main/INFO] (Minecraft) Preparing spawn area: 71%
[21:03:39] [main/INFO] (Minecraft) Preparing spawn area: 74%
[21:03:39] [main/INFO] (Minecraft) Preparing spawn area: 84%
[21:03:40] [main/INFO] (Minecraft) Preparing spawn area: 93%
[21:03:40] [main/INFO] (Minecraft) Time elapsed: 9379 ms
[21:03:40] [Server thread/INFO] (Minecraft) Changing view distance to 11, from 10
[21:03:40] [main/INFO] (Minecraft) [STDOUT]: TENORCLEF: HARNESS: AUTOWORLD: create call returned — waiting for join
[21:03:40] [Server thread/INFO] (Minecraft) Player809[local:E:48baefce] logged in with entity id 1328 at (138.5, 68.0, 43.5)
[21:03:40] [Server thread/INFO] (Minecraft) Player809 joined the game
[21:03:40] [main/INFO] (Minecraft) [STDOUT]: Baritone world data dir: C:\Users\redfa\Documents\MinecraftDev\altoclef\versions\1.16.1\run\saves\AutoRun_20260924_210328_r1\.\baritone
[21:03:40] [main/INFO] (Minecraft) [STDOUT]: Cached world directory: C:\Users\redfa\Documents\MinecraftDev\altoclef\versions\1.16.1\run\saves\AutoRun_20260924_210328_r1\.\baritone\cache
[21:03:40] [main/INFO] (Minecraft) [STDOUT]: Would save waypoints to C:\Users\redfa\Documents\MinecraftDev\altoclef\versions\1.16.1\run\saves\AutoRun_20260924_210328_r1\.\baritone\waypoints
[21:03:40] [Server thread/INFO] (Minecraft) Saving and pausing game...
[21:03:40] [Server thread/INFO] (Minecraft) Saving chunks for level 'ServerLevel[AutoRun_20260924_210328_r1]'/minecraft:overworld
[21:03:41] [main/INFO] (Minecraft) Loaded 0 advancements
[21:03:41] [main/INFO] (Minecraft) [CHAT] §2§l§o[TenorClef] §rStopped
[21:03:41] [main/INFO] (Minecraft) [STDOUT]: ALTO CLEF: WARNING: T2 [S152] onStop interrupt=null dead=false ph=DONE y=68.0 -> session preserved
[21:03:41] [main/INFO] (Minecraft) [CHAT] §2§l§o[TenorClef] §cT2 [S152] onStop interrupt=null dead=false ph=DONE y=68.0 -> session preserved§r
[21:03:41] [main/INFO] (Minecraft) [CHAT] §2§l§o[TenorClef] §rUser task FINISHED. Took 38.117 seconds.
[21:03:42] [Server thread/INFO] (Minecraft) Saving chunks for level 'ServerLevel[AutoRun_20260924_210328_r1]'/minecraft:the_nether
[21:03:42] [Server thread/INFO] (Minecraft) Saving chunks for level 'ServerLevel[AutoRun_20260924_210328_r1]'/minecraft:the_end
[21:03:52] [T2Deadman/INFO] (Minecraft) [STDOUT]: TENORCLEF: HARNESS: DEADMAN: no client tick for 30s — the client thread is blocked. worstTick=41654ms (BOOTSTRAP @188,64,218 child=TimeoutWanderTask)
[21:04:10] [pool-5-thread-3/INFO] (Minecraft) [STDOUT]: Saving region -1,0 to disk C:\Users\redfa\Documents\MinecraftDev\altoclef\versions\1.16.1\run\saves\AutoRun_20260924_210328_r1\.\baritone\cache
[21:04:10] [ForkJoinPool.commonPool-worker-2/INFO] (Minecraft) [STDOUT]: Saving region -1,-1 to disk C:\Users\redfa\Documents\MinecraftDev\altoclef\versions\1.16.1\run\saves\AutoRun_20260924_210328_r1\.\baritone\cache
[21:04:10] [ForkJoinPool.commonPool-worker-1/INFO] (Minecraft) [STDOUT]: Saving region 0,-1 to disk C:\Users\redfa\Documents\MinecraftDev\altoclef\versions\1.16.1\run\saves\AutoRun_20260924_210328_r1\.\baritone\cache
[21:04:10] [ForkJoinPool.commonPool-worker-3/INFO] (Minecraft) [STDOUT]: Saving region 0,0 to disk C:\Users\redfa\Documents\MinecraftDev\altoclef\versions\1.16.1\run\saves\AutoRun_20260924_210328_r1\.\baritone\cache
[21:04:10] [ForkJoinPool.commonPool-worker-2/INFO] (Minecraft) [STDOUT]: Saved region successfully
[21:04:10] [pool-5-thread-3/INFO] (Minecraft) [STDOUT]: Saved region successfully
[21:04:11] [ForkJoinPool.commonPool-worker-1/INFO] (Minecraft) [STDOUT]: Saved region successfully
[21:04:11] [ForkJoinPool.commonPool-worker-3/INFO] (Minecraft) [STDOUT]: Saved region successfully
[21:04:11] [pool-5-thread-3/INFO] (Minecraft) [STDOUT]: World save took 75ms
[21:04:23] [T2Deadman/INFO] (Minecraft) [STDOUT]: TENORCLEF: HARNESS: DEADMAN: still stalled at 60s (armed=true, worstTick=41654ms)
[21:04:53] [T2Deadman/INFO] (Minecraft) [STDOUT]: TENORCLEF: HARNESS: DEADMAN: still stalled at 90s (armed=true, worstTick=41654ms)
[21:05:23] [T2Deadman/INFO] (Minecraft) [STDOUT]: TENORCLEF: DEADMAN: client thread blocked for 120s (fatal limit 120s). The run cannot make progress; exiting with code 87 instead of burning the timeout. worstTick=41654ms (BOOTSTRAP @188,64,218 child=TimeoutWanderTask)
[21:05:23] [T2Deadman/INFO] (Minecraft) [STDOUT]: TENORCLEF: HARNESS: DEADMAN: client thread blocked for 120s (fatal limit 120s). The run cannot make progress; exiting with code 87 instead of burning the timeout. worstTick=41654ms (BOOTSTRAP @188,64,218 child=TimeoutWanderTask)
[21:05:23] [T2Deadman/INFO] (Minecraft) [STDOUT]: ALTO CLEF: WARNING: T2 [S175] DEADMAN: client thread blocked for 120s (fatal limit 120s). The run cannot make progress; exiting with code 87 instead of burning the timeout. worstTick=41654ms (BOOTSTRAP @188,64,218 child=TimeoutWanderTask)
[21:05:23] [T2Deadman/INFO] (Minecraft) [CHAT] §2§l§o[TenorClef] §cT2 [S175] DEADMAN: client thread blocked for 120s (fatal limit 120s). The run cannot make progress; exiting with code 87 instead of burning the timeout. worstTick=41654ms (BOOTSTRAP @188,64,218 child=TimeoutWanderTask)§r
[21:05:23] [T2Deadman/INFO] (Minecraft) [CHAT] §2§l§o[TenorClef] §rT2 [HIST] 2:20.0 FORCE S175 DEADMAN: client thread blocked for 120s (fatal limit 120s). The run cannot make progress; exiting with code 87 instead of burning the timeout. worstTick=41654ms (BOOTSTRAP @188,64,218 child=TimeoutWanderTask)
