[20:28:33] [main/INFO] (FabricLoader/GameProvider) Loading Minecraft 1.16.1 with Fabric Loader 0.16.7
[20:28:33] [ForkJoinPool-1-worker-4/WARN] (FabricLoader/Metadata) Mod tungsten uses the version ALPHA-1.6.0-1.16.1-SNAPSHOT which isn't compatible with Loader's extended semantic version format (Could not parse version number component 'ALPHA'!), SemVer is recommended for reliably evaluating dependencies and prioritizing newer version
[20:28:33] [main/INFO] (FabricLoader) Loading 46 mods:
	- altoclef 1.16.1-0.19
	- baritone 1.16.1-ostinato
	- fabric 0.18.0+build.387-1.16.1
	- fabric-api-base 0.1.3+12a8474c02
	- fabric-biomes-v1 0.2.7+059ea86602
	- fabric-blockrenderlayer-v1 1.1.4+c6a8ea8902
	- fabric-command-api-v1 1.0.8+5ce5339802
	- fabric-commands-v0 0.2.0+52d3083602
	- fabric-containers-v0 0.1.8+045df74f02
	- fabric-content-registries-v0 0.1.9+059ea86602
	- fabric-crash-report-info-v1 0.1.2+b7f9825d02
	- fabric-dimensions-v1 1.0.0+a71b305302
	- fabric-events-interaction-v0 0.4.0+e540c58402
	- fabric-events-lifecycle-v0 0.2.0+16acbe5b02
	- fabric-game-rule-api-v1 1.0.0+fe81e12502
	- fabric-item-api-v1 1.0.0+16acbe5b02
	- fabric-item-groups-v0 0.2.0+438f963602
	- fabric-key-binding-api-v1 1.0.1+f404f3be02
	- fabric-keybindings-v0 0.2.0+3fa9f7c502
	- fabric-lifecycle-events-v1 1.2.0+e83e061c02
	- fabric-loot-tables-v1 1.0.0+386eb69e02
	- fabric-mining-levels-v0 0.1.2+b764ce9902
	- fabric-models-v0 0.1.0+dfdb52d602
	- fabric-networking-blockentity-v0 0.2.5+b50ffc7b02
	- fabric-networking-v0 0.1.10+e00ecb5f02
	- fabric-object-builder-api-v1 1.5.7+2242e77202
	- fabric-object-builders-v0 0.6.1+a2d21ddd02
	- fabric-particles-v1 0.2.1+0a6f2a7002
	- fabric-registry-sync-v0 0.3.8+7dba2d6c02
	- fabric-renderer-api-v1 0.2.13+eae12eb802
	- fabric-renderer-indigo 0.3.4+34d6c87102
	- fabric-renderer-registries-v1 2.1.0+be551d3c02
	- fabric-rendering-data-attachment-v1 0.1.3+b7f9825d02
	- fabric-rendering-fluids-v1 0.1.8+b7084faa02
	- fabric-rendering-v0 1.1.0+5341049002
	- fabric-rendering-v1 1.1.2+346247d702
	- fabric-resource-loader-v0 0.2.6+f41e209802
	- fabric-screen-handler-api-v1 1.1.0+97324d1102
	- fabric-tag-extensions-v0 0.2.7+a4c57d8e02
	- fabric-textures-v0 1.0.4+eae12eb802
	- fabric-tool-attribute-api-v1 1.2.1+91fca5cd02
	- fabricloader 0.16.7
	- java 21
	- minecraft 1.16.1
	- mixinextras 0.4.1
	- tungsten ALPHA-1.6.0-1.16.1-SNAPSHOT
[20:28:33] [main/INFO] (FabricLoader/Mixin) SpongePowered MIXIN Subsystem Version=0.8.7 Source=file:/C:/Users/redfa/.gradle/caches/modules-2/files-2.1/net.fabricmc/sponge-mixin/0.15.3+mixin.0.8.7/51ee0a44ab05f6fddd66b09e66b3a16904f9c55d/sponge-mixin-0.15.3+mixin.0.8.7.jar Service=Knot/Fabric Env=CLIENT
[20:28:33] [main/INFO] (FabricLoader/Mixin) Loaded Fabric development mappings for mixin remapper!
[20:28:34] [main/INFO] (FabricLoader/Mixin) Compatibility level set to JAVA_21
[20:28:34] [main/WARN] (FabricLoader/Mixin) Error loading class: me/jellysquid/mods/sodium/client/world/SodiumChunkManager (java.lang.ClassNotFoundException: me/jellysquid/mods/sodium/client/world/SodiumChunkManager)
[20:28:34] [main/WARN] (FabricLoader/Mixin) Error loading class: me/jellysquid/mods/sodium/client/util/collections/FixedLongHashTable (java.lang.ClassNotFoundException: me/jellysquid/mods/sodium/client/util/collections/FixedLongHashTable)
[20:28:34] [main/INFO] (FabricLoader/MixinExtras|Service) Initializing MixinExtras via com.llamalad7.mixinextras.service.MixinExtrasServiceImpl(version=0.4.1).
[20:28:38] [main/INFO] (FabricLoader/Mixin) altoclef.mixins.json:AxeItemAccessor from mod altoclef->@Accessor[FIELD_GETTER]::getEffectiveMaterials()Ljava/util/Set; should be static as its target is
[20:28:41] [main/INFO] (Minecraft) Environment: authHost='https://authserver.mojang.com', accountsHost='https://api.mojang.com', sessionHost='https://sessionserver.mojang.com', name='PROD'
[20:28:41] [main/INFO] (Minecraft) Setting user: Player215
[20:28:41] [main/INFO] (Indigo) [Indigo] Registering Indigo renderer!
[20:28:41] [main/INFO] (Minecraft) [STDERR]: [LWJGL] [ThreadLocalUtil] Unsupported JNI version detected, this may result in a crash. Please inform LWJGL developers.
[20:28:41] [main/INFO] (Minecraft) Backend library: LWJGL version 3.3.2-snapshot
[20:28:44] [main/INFO] (Minecraft) Narrator library for x64 successfully loaded
[20:28:44] [main/INFO] (Minecraft) [STDOUT]: TENORCLEF: Global Init
[20:28:44] [main/INFO] (Minecraft) [CHAT] [Baritone] Baritone settings file not found, resetting.
[20:28:46] [main/INFO] (Minecraft) Reloading ResourceManager: Default, Fabric Mining Levels (v0), Fabric Item API (v1), Fabric Renderer - Indigo, Fabric Crash Report Info (v1), Fabric Containers (v0), Fabric Models (v0), Fabric Events Interaction (v0), Fabric Rendering Data Attachment (v1), Fabric Key Binding API (v1), Fabric Object Builders (v0), Fabric Game Rule API (v1), Fabric Rendering (v1), Fabric Screen Handler API (v1), Fabric Tag Extensions (v0), Fabric Networking (v0), Fabric API Base, Fabric Networking Block Entity (v0), Fabric Registry Sync (v0), Fabric API, Fabric Tool Attribute API (v1), Fabric Renderer Registries (v1), Fabric Renderer API (v1), Fabric Rendering Fluids (v1), Fabric Lifecycle Events (v1), Fabric BlockRenderLayer Registration (v1), Alto Clef, Fabric Loader, Fabric Events Lifecycle (v0), Fabric Textures (v0), Fabric Loot Tables (v1), Fabric Content Registries (v0), Fabric Key Bindings (v0), Tungsten, Fabric Biomes (v1), Fabric Rendering (v0), Fabric Object Builder API (v1), Fabric Resource Loader (v0), Fabric Item Groups (v0)
[20:28:46] [main/INFO] (Minecraft) [STDOUT]: TENORCLEF: MIXIN OK ClientTickMixin injected into MinecraftClient.tick()
[20:28:46] [main/INFO] (Minecraft) [STDOUT]: TENORCLEF: HARNESS: AUTOWORLD: fresh-world create armed (firing in 3s)
[20:28:49] [main/INFO] (Minecraft) [STDOUT]: TENORCLEF: HARNESS: AUTOWORLD: creating fresh world 'AutoRun_20260924_202849' mode=survival difficulty=easy hardcore=false
[20:28:49] [main/WARN] (Minecraft) Ambiguity between arguments [teleport, destination] and [teleport, targets] with inputs: [Player, 0123, @e, dd12be42-52a9-4a91-a8a1-11c01849e498]
[20:28:49] [main/WARN] (Minecraft) Ambiguity between arguments [teleport, location] and [teleport, destination] with inputs: [0.1 -0.5 .9, 0 0 0]
[20:28:49] [main/WARN] (Minecraft) Ambiguity between arguments [teleport, location] and [teleport, targets] with inputs: [0.1 -0.5 .9, 0 0 0]
[20:28:49] [main/WARN] (Minecraft) Ambiguity between arguments [teleport, targets] and [teleport, destination] with inputs: [Player, 0123, dd12be42-52a9-4a91-a8a1-11c01849e498]
[20:28:49] [main/WARN] (Minecraft) Ambiguity between arguments [teleport, targets, location] and [teleport, targets, destination] with inputs: [0.1 -0.5 .9, 0 0 0]
[20:28:49] [main/INFO] (Minecraft) Reloading ResourceManager: Default, Fabric Mining Levels (v0), Fabric Item API (v1), Fabric Renderer - Indigo, Fabric Crash Report Info (v1), Fabric Containers (v0), Fabric Models (v0), Fabric Events Interaction (v0), Fabric Rendering Data Attachment (v1), Fabric Key Binding API (v1), Fabric Object Builders (v0), Fabric Game Rule API (v1), Fabric Rendering (v1), Fabric Screen Handler API (v1), Fabric Tag Extensions (v0), Fabric Networking (v0), Fabric API Base, Fabric Networking Block Entity (v0), Fabric Registry Sync (v0), Fabric API, Fabric Tool Attribute API (v1), Fabric Renderer Registries (v1), Fabric Renderer API (v1), Fabric Rendering Fluids (v1), Fabric Lifecycle Events (v1), Fabric BlockRenderLayer Registration (v1), Alto Clef, Fabric Loader, Fabric Events Lifecycle (v0), Fabric Textures (v0), Fabric Loot Tables (v1), Fabric Content Registries (v0), Fabric Key Bindings (v0), Tungsten, Fabric Biomes (v1), Fabric Rendering (v0), Fabric Object Builder API (v1), Fabric Resource Loader (v0), Fabric Item Groups (v0), Fabric Tool Attribute API (v1)
[20:28:52] [main/INFO] (Minecraft) Loaded 7 recipes
[20:28:52] [main/INFO] (Minecraft) Loaded 927 advancements
[20:28:53] [main/INFO] (Minecraft) Environment: authHost='https://authserver.mojang.com', accountsHost='https://api.mojang.com', sessionHost='https://sessionserver.mojang.com', name='PROD'
[20:28:53] [Server thread/INFO] (Minecraft) Starting integrated minecraft server version 1.16.1
[20:28:53] [Server thread/INFO] (Minecraft) Generating keypair
[20:28:54] [Server thread/WARN] (Minecraft) Unable to find spawn biome
[20:28:57] [Server thread/INFO] (Minecraft) Preparing start region for dimension minecraft:overworld
[20:28:57] [main/INFO] (Minecraft) Preparing spawn area: 0%
[20:28:58] [main/INFO] (Minecraft) Preparing spawn area: 0%
[20:28:58] [main/INFO] (Minecraft) Preparing spawn area: 5%
[20:28:59] [main/INFO] (Minecraft) Preparing spawn area: 10%
[20:28:59] [main/INFO] (Minecraft) Preparing spawn area: 16%
[20:29:00] [main/INFO] (Minecraft) Preparing spawn area: 21%
[20:29:00] [main/INFO] (Minecraft) Preparing spawn area: 22%
[20:29:01] [main/INFO] (Minecraft) Preparing spawn area: 27%
[20:29:01] [main/INFO] (Minecraft) Preparing spawn area: 33%
[20:29:02] [main/INFO] (Minecraft) Preparing spawn area: 38%
[20:29:02] [main/INFO] (Minecraft) Preparing spawn area: 45%
[20:29:03] [main/INFO] (Minecraft) Preparing spawn area: 45%
[20:29:03] [main/INFO] (Minecraft) Preparing spawn area: 55%
[20:29:04] [main/INFO] (Minecraft) Preparing spawn area: 63%
[20:29:04] [main/INFO] (Minecraft) Preparing spawn area: 68%
[20:29:05] [main/INFO] (Minecraft) Preparing spawn area: 74%
[20:29:05] [main/INFO] (Minecraft) Preparing spawn area: 83%
[20:29:06] [main/INFO] (Minecraft) Preparing spawn area: 89%
[20:29:06] [main/INFO] (Minecraft) Time elapsed: 8771 ms
[20:29:06] [Server thread/INFO] (Minecraft) Changing view distance to 11, from 10
[20:29:07] [main/INFO] (Minecraft) [STDOUT]: TENORCLEF: HARNESS: AUTOWORLD: create call returned — waiting for join
[20:29:07] [Server thread/INFO] (Minecraft) Player215[local:E:d579ed4e] logged in with entity id 183 at (-8.5, 72.0, -0.5)
[20:29:07] [main/INFO] (Minecraft) OpenAL initialized.
[20:29:07] [main/INFO] (Minecraft) Sound engine started
[20:29:07] [Server thread/INFO] (Minecraft) Player215 joined the game
[20:29:07] [main/INFO] (Minecraft) Created: 1024x1024x4 minecraft:textures/atlas/blocks.png-atlas
[20:29:07] [main/INFO] (Minecraft) Created: 256x128x4 minecraft:textures/atlas/signs.png-atlas
[20:29:07] [main/INFO] (Minecraft) Created: 1024x512x4 minecraft:textures/atlas/banner_patterns.png-atlas
[20:29:07] [main/INFO] (Minecraft) Created: 1024x512x4 minecraft:textures/atlas/shield_patterns.png-atlas
[20:29:07] [main/INFO] (Minecraft) Created: 256x256x4 minecraft:textures/atlas/chest.png-atlas
[20:29:07] [main/INFO] (Minecraft) Created: 512x256x4 minecraft:textures/atlas/beds.png-atlas
[20:29:07] [main/INFO] (Minecraft) Created: 512x256x4 minecraft:textures/atlas/shulker_boxes.png-atlas
[20:29:08] [main/INFO] (Minecraft) Created: 256x256x0 minecraft:textures/atlas/particles.png-atlas
[20:29:08] [main/INFO] (Minecraft) Created: 256x256x0 minecraft:textures/atlas/paintings.png-atlas
[20:29:08] [main/INFO] (Minecraft) Created: 256x128x0 minecraft:textures/atlas/mob_effects.png-atlas
[20:29:08] [main/INFO] (Minecraft) [STDOUT]: Baritone world data dir: C:\Users\redfa\Documents\MinecraftDev\altoclef\versions\1.16.1\run\saves\AutoRun_20260924_202849\.\baritone
[20:29:08] [main/INFO] (Minecraft) [STDOUT]: Cached world directory: C:\Users\redfa\Documents\MinecraftDev\altoclef\versions\1.16.1\run\saves\AutoRun_20260924_202849\.\baritone\cache
[20:29:08] [main/INFO] (Minecraft) [STDOUT]: Would save waypoints to C:\Users\redfa\Documents\MinecraftDev\altoclef\versions\1.16.1\run\saves\AutoRun_20260924_202849\.\baritone\waypoints
[20:29:08] [Server thread/INFO] (Minecraft) Saving and pausing game...
[20:29:08] [Server thread/INFO] (Minecraft) Saving chunks for level 'ServerLevel[AutoRun_20260924_202849]'/minecraft:overworld
[20:29:09] [main/INFO] (Minecraft) Loaded 0 advancements
[20:29:09] [main/INFO] (Minecraft) [STDOUT]: TENORCLEF: HARNESS: AUTORUN: armed 'testrun2' (firing in 5s)
[20:29:09] [Server thread/INFO] (Minecraft) Saving chunks for level 'ServerLevel[AutoRun_20260924_202849]'/minecraft:the_nether
[20:29:09] [Server thread/INFO] (Minecraft) Saving chunks for level 'ServerLevel[AutoRun_20260924_202849]'/minecraft:the_end
[20:29:13] [main/INFO] (Minecraft) [STDOUT]: TENORCLEF: HARNESS: AUTORUN: executing 'testrun2'
[20:29:13] [main/INFO] (Minecraft) [CHAT] §2§l§o[TenorClef] §rAUTORUN: executing 'testrun2'
[20:29:13] [main/INFO] (Minecraft) [CHAT] §2§l§o[TenorClef] §rTESRUN2 start — @stop to cancel
[20:29:13] [main/INFO] (Minecraft) [CHAT] §2§l§o[TenorClef] §rUser Task Set: <testrun2/BOOTSTRAP> 
[20:29:13] [main/INFO] (Minecraft) [CHAT] §2§l§o[TenorClef] §rTESRUN2 clock 0:00.0
[20:29:13] [main/INFO] (Minecraft) [CHAT] §2§l§o[TenorClef] §rTungstenBridge: kaptainwutax.tungsten bound
[20:29:13] [main/INFO] (Minecraft) [CHAT] §2§l§o[TenorClef] §rTESRUN2 start Tungsten backend: AVAILABLE (kaptainwutax.tungsten bound; mover=BARITONE) eyes=12 rods=6 skipDiamond=true
[20:29:13] [main/INFO] (Minecraft) [CHAT] §2§l§o[TenorClef] §rT2 [HIST] 0:00.0 PHASE  -> BOOTSTRAP
[20:29:13] [main/INFO] (Minecraft) [CHAT] §2§l§o[TenorClef] §rT2 [HIST] 0:00.0 DIM  -> OVERWORLD at -9,72,-1
[20:29:13] [main/INFO] (Minecraft) [CHAT] §2§l§o[TenorClef] §rT2 [HIST] 0:00.0 CHILD  -> - ph=BOOTSTRAP @-9,72,-1 sky=15 wet=false ground=true pick=0 buck=0 iron=0 ore=0 rods=0 pearls=0 eyes=0
[20:29:13] [main/INFO] (Minecraft) [CHAT] §2§l§o[TenorClef] §rT2 [HIST] 0:00.0 WHY wood: mine 1.16 logs only (no air)
[20:29:13] [main/INFO] (Minecraft) [CHAT] §2§l§o[TenorClef] §rT2 [HIST] 0:00.0 CHILD - -> MineAndCollectTask ph=BOOTSTRAP @-9,72,-1 sky=15 wet=false ground=true pick=0 buck=0 iron=0 ore=0 rods=0 pearls=0 eyes=0
[20:29:13] [main/INFO] (Minecraft) [STDOUT]: ALTO CLEF: WARNING: T2 [S176] one client tick took 27196ms (limit 8000ms) — BOOTSTRAP @-9,72,-1 child=MineAndCollectTask
[20:29:13] [main/INFO] (Minecraft) [CHAT] §2§l§o[TenorClef] §cT2 [S176] one client tick took 27196ms (limit 8000ms) — BOOTSTRAP @-9,72,-1 child=MineAndCollectTask§r
[20:29:13] [main/INFO] (Minecraft) [CHAT] §2§l§o[TenorClef] §rT2 [HIST] 0:00.0 FORCE S176 one client tick took 27196ms (limit 8000ms) — BOOTSTRAP @-9,72,-1 child=MineAndCollectTask
[20:29:13] [main/INFO] (Minecraft) [STDOUT]: TENORCLEF: HARNESS: DEADMAN: watchdog started (warn 30s, fatal 120s, worst-tick limit 8s)
[20:29:14] [main/INFO] (Minecraft) [CHAT] §2§l§o[TenorClef] §rT2 [NOW] t=0:00.8 ph=BOOTSTRAP @-10,72,-1 do=<Mine And Collect: [[oak_log,birch_log,spruce_log,jungle_log,acacia_log,dark_oak_log] x 2]>  eq=air woodpick=0 stonepick=0 pick=0 iron=0 buck=0
[20:29:15] [main/INFO] (Minecraft) [CHAT] §2§l§o[TenorClef] §rT2 [NOW] t=0:01.8 ph=BOOTSTRAP @-16,72,-1 do=<Mine And Collect: [[oak_log,birch_log,spruce_log,jungle_log,acacia_log,dark_oak_log] x 2]>  eq=air woodpick=0 stonepick=0 pick=0 iron=0 buck=0
[20:29:16] [main/INFO] (Minecraft) [CHAT] §2§l§o[TenorClef] §rT2 [HIST] 0:02.3 SNAP ph=BOOTSTRAP @-18,72,-1 sky=15 wet=false ground=true pick=0 buck=0 iron=0 ore=0 rods=0 pearls=0 eyes=0 child=MineAndCollectTask dbg=<Mine And Collect: [[oak_log,birch_log,spruce_log,jungle_log,acacia_log,dark_oak_log] x 2]>  mobs=none
[20:29:16] [main/INFO] (Minecraft) [CHAT] §2§l§o[TenorClef] §rT2 [NOW] t=0:02.8 ph=BOOTSTRAP @-21,71,-1 do=<Mine And Collect: [[oak_log,birch_log,spruce_log,jungle_log,acacia_log,dark_oak_log] x 2]>  eq=air woodpick=0 stonepick=0 pick=0 iron=0 buck=0
[20:29:17] [main/INFO] (Minecraft) [CHAT] §2§l§o[TenorClef] §rT2 [NOW] t=0:03.8 ph=BOOTSTRAP @-26,69,-1 do=<Mine And Collect: [[oak_log,birch_log,spruce_log,jungle_log,acacia_log,dark_oak_log] x 2]>  eq=air woodpick=0 stonepick=0 pick=0 iron=0 buck=0
[20:29:17] [main/INFO] (Minecraft) [CHAT] §2§l§o[TenorClef] §rT2 [HIST] 0:04.0 WHY wood: mine 1.16 logs only (no air)
[20:29:18] [main/INFO] (Minecraft) [CHAT] §2§l§o[TenorClef] §rT2 [NOW] t=0:04.8 ph=BOOTSTRAP @-30,67,-1 do=<Mine And Collect: [[oak_log,birch_log,spruce_log,jungle_log,acacia_log,dark_oak_log] x 2]>  eq=air woodpick=0 stonepick=0 pick=0 iron=0 buck=0
[20:29:18] [main/INFO] (Minecraft) [CHAT] §2§l§o[TenorClef] §rT2 [HIST] 0:04.8 SNAP ph=BOOTSTRAP @-30,67,-1 sky=15 wet=false ground=true pick=0 buck=0 iron=0 ore=0 rods=0 pearls=0 eyes=0 child=MineAndCollectTask dbg=<Mine And Collect: [[oak_log,birch_log,spruce_log,jungle_log,acacia_log,dark_oak_log] x 2]>  mobs=none
[20:29:19] [main/INFO] (Minecraft) [CHAT] §2§l§o[TenorClef] §rT2 [NOW] t=0:05.8 ph=BOOTSTRAP @-36,67,-1 do=<Mine And Collect: [[oak_log,birch_log,spruce_log,jungle_log,acacia_log,dark_oak_log] x 2]>  eq=air woodpick=0 stonepick=0 pick=0 iron=0 buck=0
[20:29:20] [main/INFO] (Minecraft) [CHAT] §2§l§o[TenorClef] §rT2 [NOW] t=0:06.8 ph=BOOTSTRAP @-42,67,-1 do=<Mine And Collect: [[oak_log,birch_log,spruce_log,jungle_log,acacia_log,dark_oak_log] x 2]>  eq=air woodpick=0 stonepick=0 pick=0 iron=0 buck=0
[20:29:21] [main/INFO] (Minecraft) [CHAT] §2§l§o[TenorClef] §rT2 [HIST] 0:07.3 SNAP ph=BOOTSTRAP @-44,67,-1 sky=15 wet=false ground=true pick=0 buck=0 iron=0 ore=0 rods=0 pearls=0 eyes=0 child=MineAndCollectTask dbg=<Mine And Collect: [[oak_log,birch_log,spruce_log,jungle_log,acacia_log,dark_oak_log] x 2]>  mobs=none
[20:29:21] [main/INFO] (Minecraft) [CHAT] §2§l§o[TenorClef] §rT2 [NOW] t=0:07.8 ph=BOOTSTRAP @-47,67,-1 do=<Mine And Collect: [[oak_log,birch_log,spruce_log,jungle_log,acacia_log,dark_oak_log] x 2]>  eq=air woodpick=0 stonepick=0 pick=0 iron=0 buck=0
[20:29:22] [main/INFO] (Minecraft) [CHAT] §2§l§o[TenorClef] §rT2 [NOW] t=0:08.8 ph=BOOTSTRAP @-52,66,-1 do=<Mine And Collect: [[oak_log,birch_log,spruce_log,jungle_log,acacia_log,dark_oak_log] x 2]>  eq=air woodpick=0 stonepick=0 pick=0 iron=0 buck=0
[20:29:23] [main/INFO] (Minecraft) [STDOUT]: ALTO CLEF: WARNING: T2 [E116] drop 8 from 72 to 64 ph=BOOTSTRAP
[20:29:23] [main/INFO] (Minecraft) [CHAT] §2§l§o[TenorClef] §cT2 [E116] drop 8 from 72 to 64 ph=BOOTSTRAP§r
[20:29:23] [main/INFO] (Minecraft) [CHAT] §2§l§o[TenorClef] §rT2 [HIST] 0:09.7 [E116] drop 8 from 72 to 64 ph=BOOTSTRAP
[20:29:23] [main/INFO] (Minecraft) [CHAT] §2§l§o[TenorClef] §rT2 [HIST] 0:09.7 WHY wood: mine 1.16 logs only (no air)
[20:29:23] [main/INFO] (Minecraft) [CHAT] §2§l§o[TenorClef] §rT2 [NOW] t=0:09.8 ph=BOOTSTRAP @-58,64,-1 do=<Mine And Collect: [[oak_log,birch_log,spruce_log,jungle_log,acacia_log,dark_oak_log] x 2]>  eq=air woodpick=0 stonepick=0 pick=0 iron=0 buck=0
[20:29:23] [main/INFO] (Minecraft) [CHAT] §2§l§o[TenorClef] §rT2 [HIST] 0:09.8 SNAP ph=BOOTSTRAP @-58,64,-1 sky=15 wet=false ground=false pick=0 buck=0 iron=0 ore=0 rods=0 pearls=0 eyes=0 child=MineAndCollectTask dbg=<Mine And Collect: [[oak_log,birch_log,spruce_log,jungle_log,acacia_log,dark_oak_log] x 2]>  mobs=none
[20:29:24] [main/INFO] (Minecraft) [CHAT] §2§l§o[TenorClef] §rT2 [NOW] t=0:10.9 ph=BOOTSTRAP @-63,64,-1 do=<Mine And Collect: [[oak_log,birch_log,spruce_log,jungle_log,acacia_log,dark_oak_log] x 2]>  eq=air woodpick=0 stonepick=0 pick=0 iron=0 buck=0
[20:29:25] [main/INFO] (Minecraft) [CHAT] §2§l§o[TenorClef] §rT2 [NOW] t=0:11.8 ph=BOOTSTRAP @-68,63,-1 do=<Mine And Collect: [[oak_log,birch_log,spruce_log,jungle_log,acacia_log,dark_oak_log] x 2]>  eq=air woodpick=0 stonepick=0 pick=0 iron=0 buck=0
[20:29:26] [main/INFO] (Minecraft) [CHAT] §2§l§o[TenorClef] §rT2 [HIST] 0:12.3 SNAP ph=BOOTSTRAP @-71,63,-1 sky=15 wet=false ground=true pick=0 buck=0 iron=0 ore=0 rods=0 pearls=0 eyes=0 child=MineAndCollectTask dbg=<Mine And Collect: [[oak_log,birch_log,spruce_log,jungle_log,acacia_log,dark_oak_log] x 2]>  mobs=none
[20:29:26] [main/INFO] (Minecraft) [CHAT] §2§l§o[TenorClef] §rT2 [NOW] t=0:12.8 ph=BOOTSTRAP @-74,63,0 do=<Mine And Collect: [[oak_log,birch_log,spruce_log,jungle_log,acacia_log,dark_oak_log] x 2]>  eq=air woodpick=0 stonepick=0 pick=0 iron=0 buck=0
[20:29:27] [main/INFO] (Minecraft) [CHAT] §2§l§o[TenorClef] §rT2 [NOW] t=0:13.8 ph=BOOTSTRAP @-76,63,4 do=<Mine And Collect: [[oak_log,birch_log,spruce_log,jungle_log,acacia_log,dark_oak_log] x 2]>  eq=air woodpick=0 stonepick=0 pick=0 iron=0 buck=0
[20:29:28] [main/INFO] (Minecraft) [CHAT] §2§l§o[TenorClef] §rT2 [NOW] t=0:14.8 ph=BOOTSTRAP @-79,64,8 do=<Mine And Collect: [[oak_log,birch_log,spruce_log,jungle_log,acacia_log,dark_oak_log] x 2]>  eq=air woodpick=0 stonepick=0 pick=0 iron=0 buck=0
[20:29:28] [main/INFO] (Minecraft) [CHAT] §2§l§o[TenorClef] §rT2 [HIST] 0:14.8 SNAP ph=BOOTSTRAP @-79,64,8 sky=15 wet=false ground=true pick=0 buck=0 iron=0 ore=0 rods=0 pearls=0 eyes=0 child=MineAndCollectTask dbg=<Mine And Collect: [[oak_log,birch_log,spruce_log,jungle_log,acacia_log,dark_oak_log] x 2]>  mobs=none
[20:29:29] [main/INFO] (Minecraft) [CHAT] §2§l§o[TenorClef] §rT2 [HIST] 0:15.7 WHY bootstrap: table exists — wooden pick, not more logs
[20:29:29] [main/INFO] (Minecraft) [CHAT] §2§l§o[TenorClef] §rT2 [HIST] 0:15.7 CHILD MineAndCollectTask -> CraftInTableTask ph=BOOTSTRAP @-82,64,12 sky=15 wet=false ground=true pick=0 buck=0 iron=0 ore=0 rods=0 pearls=0 eyes=0
[20:29:29] [main/INFO] (Minecraft) [CHAT] §2§l§o[TenorClef] §rT2 [NOW] t=0:15.8 ph=BOOTSTRAP @-82,64,12 do=<Doing stuff in crafting_table container: [[wooden_pickaxe]]>  eq=air woodpick=0 stonepick=0 pick=0 iron=0 buck=0
[20:29:30] [main/INFO] (Minecraft) [CHAT] §2§l§o[TenorClef] §rT2 [NOW] t=0:16.8 ph=BOOTSTRAP @-86,64,11 do=<Doing stuff in crafting_table container: [[wooden_pickaxe]]>  eq=air woodpick=0 stonepick=0 pick=0 iron=0 buck=0
[20:29:31] [main/INFO] (Minecraft) [CHAT] §2§l§o[TenorClef] §rT2 [HIST] 0:17.3 SNAP ph=BOOTSTRAP @-88,64,11 sky=15 wet=false ground=true pick=0 buck=0 iron=0 ore=0 rods=0 pearls=0 eyes=0 child=CraftInTableTask dbg=<Doing stuff in crafting_table container: [[wooden_pickaxe]]>  mobs=none
[20:29:31] [main/INFO] (Minecraft) [CHAT] §2§l§o[TenorClef] §rT2 [NOW] t=0:17.8 ph=BOOTSTRAP @-90,64,10 do=<Doing stuff in crafting_table container: [[wooden_pickaxe]]>  eq=air woodpick=0 stonepick=0 pick=0 iron=0 buck=0
[20:29:32] [main/INFO] (Minecraft) [CHAT] §2§l§o[TenorClef] §rT2 [NOW] t=0:18.8 ph=BOOTSTRAP @-90,66,7 do=<Doing stuff in crafting_table container: [[wooden_pickaxe]]>  eq=air woodpick=0 stonepick=0 pick=0 iron=0 buck=0
[20:29:32] [main/INFO] (Minecraft) Loaded 10 advancements
[20:29:33] [main/INFO] (Minecraft) [CHAT] §2§l§o[TenorClef] §rT2 [NOW] t=0:19.8 ph=BOOTSTRAP @-91,66,3 do=<Doing stuff in crafting_table container: [[wooden_pickaxe]]>  eq=stick woodpick=0 stonepick=0 pick=0 iron=0 buck=0
[20:29:33] [main/INFO] (Minecraft) [CHAT] §2§l§o[TenorClef] §rTESRUN2 spawn biome=DesertBiome trees~=1 villageHint=false rpHint=true surfaceLava=0 vDist=204 rpDist=69  *** RESET-WORTHY (ruined portal but treeless (no wood for sticks)) ***
[20:29:33] [main/INFO] (Minecraft) [STDOUT]: ALTO CLEF: WARNING: T2 [S169] spawn REJECTED (treeless) biome=DesertBiome trees=1 village=false rp=true vDist=204 rpDist=69 @-91,66,3 - no wood for sticks, a portal alone is not playable - reroll #1/12
[20:29:33] [main/INFO] (Minecraft) [CHAT] §2§l§o[TenorClef] §cT2 [S169] spawn REJECTED (treeless) biome=DesertBiome trees=1 village=false rp=true vDist=204 rpDist=69 @-91,66,3 - no wood for sticks, a portal alone is not playable - reroll #1/12§r
[20:29:33] [main/INFO] (Minecraft) [CHAT] §2§l§o[TenorClef] §rT2 [HIST] 0:19.9 FORCE S169 spawn REJECTED (treeless) biome=DesertBiome trees=1 village=false rp=true vDist=204 rpDist=69 @-91,66,3 - no wood for sticks, a portal alone is not playable - reroll #1/12
[20:29:33] [main/INFO] (Minecraft) [STDOUT]: ALTO CLEF: WARNING: TESRUN2 RESET: spawn treeless: rp=true trees=1 in DesertBiome (reroll #1)
[20:29:33] [main/INFO] (Minecraft) [CHAT] §2§l§o[TenorClef] §cTESRUN2 RESET: spawn treeless: rp=true trees=1 in DesertBiome (reroll #1)§r
[20:29:33] [main/INFO] (Minecraft) [STDOUT]: TENORCLEF: HARNESS: AUTOWORLD: re-armed for a fresh seed (reroll #1)
[20:29:38] [pool-5-thread-2/INFO] (Minecraft) [STDOUT]: Saving region -1,0 to disk C:\Users\redfa\Documents\MinecraftDev\altoclef\versions\1.16.1\run\saves\AutoRun_20260924_202849\.\baritone\cache
[20:29:38] [ForkJoinPool.commonPool-worker-1/INFO] (Minecraft) [STDOUT]: Saving region 0,-1 to disk C:\Users\redfa\Documents\MinecraftDev\altoclef\versions\1.16.1\run\saves\AutoRun_20260924_202849\.\baritone\cache
[20:29:38] [ForkJoinPool.commonPool-worker-2/INFO] (Minecraft) [STDOUT]: Saving region -1,-1 to disk C:\Users\redfa\Documents\MinecraftDev\altoclef\versions\1.16.1\run\saves\AutoRun_20260924_202849\.\baritone\cache
[20:29:38] [ForkJoinPool.commonPool-worker-3/INFO] (Minecraft) [STDOUT]: Saving region 0,0 to disk C:\Users\redfa\Documents\MinecraftDev\altoclef\versions\1.16.1\run\saves\AutoRun_20260924_202849\.\baritone\cache
[20:29:39] [ForkJoinPool.commonPool-worker-3/INFO] (Minecraft) [STDOUT]: Saved region successfully
[20:29:39] [ForkJoinPool.commonPool-worker-1/INFO] (Minecraft) [STDOUT]: Saved region successfully
[20:29:39] [pool-5-thread-2/INFO] (Minecraft) [STDOUT]: Saved region successfully
[20:29:39] [ForkJoinPool.commonPool-worker-2/INFO] (Minecraft) [STDOUT]: Saved region successfully
[20:29:39] [pool-5-thread-2/INFO] (Minecraft) [STDOUT]: World save took 106ms
[20:29:41] [T2Deadman/INFO] (Minecraft) [STDOUT]: TENORCLEF: DEADMAN: client tick running 8s — client thread stack, innermost first:
    at knot//org.lwjgl.system.JNI.invokeV(Native Method)
    at knot//org.lwjgl.glfw.GLFW.glfwWaitEventsTimeout(GLFW.java:3509)
    at knot//com.mojang.blaze3d.systems.RenderSystem.limitDisplayFPS(RenderSystem.java:127)
    at knot//net.minecraft.client.MinecraftClient.render(MinecraftClient.java:1044)
    at knot//net.minecraft.client.MinecraftClient.disconnect(MinecraftClient.java:1959)
    at knot//net.minecraft.client.MinecraftClient.disconnect(MinecraftClient.java:1935)
    at knot//adris.altoclef.tasks.speedrun.testrun2.ResetSignal.lambda$fire$0(ResetSignal.java:44)
    at knot//net.minecraft.util.thread.ThreadExecutor.execute(ThreadExecutor.java:94)
    at knot//adris.altoclef.tasks.speedrun.testrun2.ResetSignal.fire(ResetSignal.java:42)
    at knot//adris.altoclef.tasks.speedrun.testrun2.ModernSpeedrunTask.spawnGate(ModernSpeedrunTask.java:576)
    at knot//adris.altoclef.tasks.speedrun.testrun2.ModernSpeedrunTask.onTickInner(ModernSpeedrunTask.java:656)
    at knot//adris.altoclef.tasks.speedrun.testrun2.ModernSpeedrunTask.onTick(ModernSpeedrunTask.java:507)
    at knot//adris.altoclef.tasksystem.Task.tick(Task.java:46)
    at knot//adris.altoclef.chains.SingleTaskChain.onTick(SingleTaskChain.java:36)
    at knot//adris.altoclef.chains.UserTaskChain.onTick(UserTaskChain.java:53)
    at knot//adris.altoclef.tasksystem.TaskChain.tick(TaskChain.java:16)
    at knot//adris.altoclef.tasksystem.TaskRunner.tick(TaskRunner.java:45)
    at knot//adris.altoclef.AltoClef.onClientTick(AltoClef.java:271)
    at knot//adris.altoclef.AltoClef.lambda$onInitializeLoad$8(AltoClef.java:216)
    at knot//adris.altoclef.eventbus.Subscription.accept(Subscription.java:15)
    at knot//adris.altoclef.eventbus.EventBus.publish(EventBus.java:46)
    at knot//net.minecraft.client.MinecraftClient.handler$zfb000$altoclef$clientTick(MinecraftClient.java:6365)
    at knot//net.minecraft.client.MinecraftClient.tick(MinecraftClient.java)
    at knot//net.minecraft.client.MinecraftClient.render(MinecraftClient.java:994)
    at knot//net.minecraft.client.MinecraftClient.run(MinecraftClient.java:654)
    at knot//net.minecraft.client.main.Main.main(Main.java:215)
    at net.fabricmc.loader.impl.game.minecraft.MinecraftGameProvider.launch(MinecraftGameProvider.java:480)
    at net.fabricmc.loader.impl.launch.knot.Knot.launch(Knot.java:74)
    at net.fabricmc.loader.impl.launch.knot.KnotClient.main(KnotClient.java:23)
    at net.fabricmc.devlaunchinjector.Main.main(Main.java:86)
[20:29:41] [T2Deadman/INFO] (Minecraft) [STDOUT]: TENORCLEF: HARNESS: DEADMAN: client tick running 8s — client thread stack, innermost first:
    at knot//org.lwjgl.system.JNI.invokeV(Native Method)
    at knot//org.lwjgl.glfw.GLFW.glfwWaitEventsTimeout(GLFW.java:3509)
    at knot//com.mojang.blaze3d.systems.RenderSystem.limitDisplayFPS(RenderSystem.java:127)
    at knot//net.minecraft.client.MinecraftClient.render(MinecraftClient.java:1044)
    at knot//net.minecraft.client.MinecraftClient.disconnect(MinecraftClient.java:1959)
    at knot//net.minecraft.client.MinecraftClient.disconnect(MinecraftClient.java:1935)
    at knot//adris.altoclef.tasks.speedrun.testrun2.ResetSignal.lambda$fire$0(ResetSignal.java:44)
    at knot//net.minecraft.util.thread.ThreadExecutor.execute(ThreadExecutor.java:94)
    at knot//adris.altoclef.tasks.speedrun.testrun2.ResetSignal.fire(ResetSignal.java:42)
    at knot//adris.altoclef.tasks.speedrun.testrun2.ModernSpeedrunTask.spawnGate(ModernSpeedrunTask.java:576)
    at knot//adris.altoclef.tasks.speedrun.testrun2.ModernSpeedrunTask.onTickInner(ModernSpeedrunTask.java:656)
    at knot//adris.altoclef.tasks.speedrun.testrun2.ModernSpeedrunTask.onTick(ModernSpeedrunTask.java:507)
    at knot//adris.altoclef.tasksystem.Task.tick(Task.java:46)
    at knot//adris.altoclef.chains.SingleTaskChain.onTick(SingleTaskChain.java:36)
    at knot//adris.altoclef.chains.UserTaskChain.onTick(UserTaskChain.java:53)
    at knot//adris.altoclef.tasksystem.TaskChain.tick(TaskChain.java:16)
    at knot//adris.altoclef.tasksystem.TaskRunner.tick(TaskRunner.java:45)
    at knot//adris.altoclef.AltoClef.onClientTick(AltoClef.java:271)
    at knot//adris.altoclef.AltoClef.lambda$onInitializeLoad$8(AltoClef.java:216)
    at knot//adris.altoclef.eventbus.Subscription.accept(Subscription.java:15)
    at knot//adris.altoclef.eventbus.EventBus.publish(EventBus.java:46)
    at knot//net.minecraft.client.MinecraftClient.handler$zfb000$altoclef$clientTick(MinecraftClient.java:6365)
    at knot//net.minecraft.client.MinecraftClient.tick(MinecraftClient.java)
    at knot//net.minecraft.client.MinecraftClient.render(MinecraftClient.java:994)
    at knot//net.minecraft.client.MinecraftClient.run(MinecraftClient.java:654)
    at knot//net.minecraft.client.main.Main.main(Main.java:215)
    at net.fabricmc.loader.impl.game.minecraft.MinecraftGameProvider.launch(MinecraftGameProvider.java:480)
    at net.fabricmc.loader.impl.launch.knot.Knot.launch(Knot.java:74)
    at net.fabricmc.loader.impl.launch.knot.KnotClient.main(KnotClient.java:23)
    at net.fabricmc.devlaunchinjector.Main.main(Main.java:86)
[20:29:41] [T2Deadman/INFO] (Minecraft) [STDOUT]: ALTO CLEF: WARNING: T2 [S181] DEADMAN: client tick running 8s — client thread stack, innermost first:
    at knot//org.lwjgl.system.JNI.invokeV(Native Method)
    at knot//org.lwjgl.glfw.GLFW.glfwWaitEventsTimeout(GLFW.java:3509)
    at knot//com.mojang.blaze3d.systems.RenderSystem.limitDisplayFPS(RenderSystem.java:127)
    at knot//net.minecraft.client.MinecraftClient.render(MinecraftClient.java:1044)
    at knot//net.minecraft.client.MinecraftClient.disconnect(MinecraftClient.java:1959)
    at knot//net.minecraft.client.MinecraftClient.disconnect(MinecraftClient.java:1935)
    at knot//adris.altoclef.tasks.speedrun.testrun2.ResetSignal.lambda$fire$0(ResetSignal.java:44)
    at knot//net.minecraft.util.thread.ThreadExecutor.execute(ThreadExecutor.java:94)
    at knot//adris.altoclef.tasks.speedrun.testrun2.ResetSignal.fire(ResetSignal.java:42)
    at knot//adris.altoclef.tasks.speedrun.testrun2.ModernSpeedrunTask.spawnGate(ModernSpeedrunTask.java:576)
    at knot//adris.altoclef.tasks.speedrun.testrun2.ModernSpeedrunTask.onTickInner(ModernSpeedrunTask.java:656)
    at knot//adris.altoclef.tasks.speedrun.testrun2.ModernSpeedrunTask.onTick(ModernSpeedrunTask.java:507)
    at knot//adris.altoclef.tasksystem.Task.tick(Task.java:46)
    at knot//adris.altoclef.chains.SingleTaskChain.onTick(SingleTaskChain.java:36)
    at knot//adris.altoclef.chains.UserTaskChain.onTick(UserTaskChain.java:53)
    at knot//adris.altoclef.tasksystem.TaskChain.tick(TaskChain.java:16)
    at knot//adris.altoclef.tasksystem.TaskRunner.tick(TaskRunner.java:45)
    at knot//adris.altoclef.AltoClef.onClientTick(AltoClef.java:271)
    at knot//adris.altoclef.AltoClef.lambda$onInitializeLoad$8(AltoClef.java:216)
    at knot//adris.altoclef.eventbus.Subscription.accept(Subscription.java:15)
    at knot//adris.altoclef.eventbus.EventBus.publish(EventBus.java:46)
    at knot//net.minecraft.client.MinecraftClient.handler$zfb000$altoclef$clientTick(MinecraftClient.java:6365)
    at knot//net.minecraft.client.MinecraftClient.tick(MinecraftClient.java)
    at knot//net.minecraft.client.MinecraftClient.render(MinecraftClient.java:994)
    at knot//net.minecraft.client.MinecraftClient.run(MinecraftClient.java:654)
    at knot//net.minecraft.client.main.Main.main(Main.java:215)
    at net.fabricmc.loader.impl.game.minecraft.MinecraftGameProvider.launch(MinecraftGameProvider.java:480)
    at net.fabricmc.loader.impl.launch.knot.Knot.launch(Knot.java:74)
    at net.fabricmc.loader.impl.launch.knot.KnotClient.main(KnotClient.java:23)
    at net.fabricmc.devlaunchinjector.Main.main(Main.java:86)
[20:29:41] [T2Deadman/INFO] (Minecraft) [CHAT] §2§l§o[TenorClef] §cT2 [S181] DEADMAN: client tick running 8s — client thread stack, innermost first:\n    at knot//org.lwjgl.system.JNI.invokeV(Native Method)\n    at knot//org.lwjgl.glfw.GLFW.glfwWaitEventsTimeout(GLFW.java:3509)\n    at knot//com.mojang.blaze3d.systems.RenderSystem.limitDisplayFPS(RenderSystem.java:127)\n    at knot//net.minecraft.client.MinecraftClient.render(MinecraftClient.java:1044)\n    at knot//net.minecraft.client.MinecraftClient.disconnect(MinecraftClient.java:1959)\n    at knot//net.minecraft.client.MinecraftClient.disconnect(MinecraftClient.java:1935)\n    at knot//adris.altoclef.tasks.speedrun.testrun2.ResetSignal.lambda$fire$0(ResetSignal.java:44)\n    at knot//net.minecraft.util.thread.ThreadExecutor.execute(ThreadExecutor.java:94)\n    at knot//adris.altoclef.tasks.speedrun.testrun2.ResetSignal.fire(ResetSignal.java:42)\n    at knot//adris.altoclef.tasks.speedrun.testrun2.ModernSpeedrunTask.spawnGate(ModernSpeedrunTask.java:576)\n    at knot//adris.altoclef.tasks.speedrun.testrun2.ModernSpeedrunTask.onTickInner(ModernSpeedrunTask.java:656)\n    at knot//adris.altoclef.tasks.speedrun.testrun2.ModernSpeedrunTask.onTick(ModernSpeedrunTask.java:507)\n    at knot//adris.altoclef.tasksystem.Task.tick(Task.java:46)\n    at knot//adris.altoclef.chains.SingleTaskChain.onTick(SingleTaskChain.java:36)\n    at knot//adris.altoclef.chains.UserTaskChain.onTick(UserTaskChain.java:53)\n    at knot//adris.altoclef.tasksystem.TaskChain.tick(TaskChain.java:16)\n    at knot//adris.altoclef.tasksystem.TaskRunner.tick(TaskRunner.java:45)\n    at knot//adris.altoclef.AltoClef.onClientTick(AltoClef.java:271)\n    at knot//adris.altoclef.AltoClef.lambda$onInitializeLoad$8(AltoClef.java:216)\n    at knot//adris.altoclef.eventbus.Subscription.accept(Subscription.java:15)\n    at knot//adris.altoclef.eventbus.EventBus.publish(EventBus.java:46)\n    at knot//net.minecraft.client.MinecraftClient.handler$zfb000$altoclef$clientTick(MinecraftClient.java:6365)\n    at knot//net.minecraft.client.MinecraftClient.tick(MinecraftClient.java)\n    at knot//net.minecraft.client.MinecraftClient.render(MinecraftClient.java:994)\n    at knot//net.minecraft.client.MinecraftClient.run(MinecraftClient.java:654)\n    at knot//net.minecraft.client.main.Main.main(Main.java:215)\n    at net.fabricmc.loader.impl.game.minecraft.MinecraftGameProvider.launch(MinecraftGameProvider.java:480)\n    at net.fabricmc.loader.impl.launch.knot.Knot.launch(Knot.java:74)\n    at net.fabricmc.loader.impl.launch.knot.KnotClient.main(KnotClient.java:23)\n    at net.fabricmc.devlaunchinjector.Main.main(Main.java:86)§r
[20:29:41] [T2Deadman/INFO] (Minecraft) [CHAT] §2§l§o[TenorClef] §rT2 [HIST] 0:27.8 FORCE S181 DEADMAN: client tick running 8s — client thread stack, innermost first:\n    at knot//org.lwjgl.system.JNI.invokeV(Native Method)\n    at knot//org.lwjgl.glfw.GLFW.glfwWaitEventsTimeout(GLFW.java:3509)\n    at knot//com.mojang.blaze3d.systems.RenderSystem.limitDisplayFPS(RenderSystem.java:127)\n    at knot//net.minecraft.client.MinecraftClient.render(MinecraftClient.java:1044)\n    at knot//net.minecraft.client.MinecraftClient.disconnect(MinecraftClient.java:1959)\n    at knot//net.minecraft.client.MinecraftClient.disconnect(MinecraftClient.java:1935)\n    at knot//adris.altoclef.tasks.speedrun.testrun2.ResetSignal.lambda$fire$0(ResetSignal.java:44)\n    at knot//net.minecraft.util.thread.ThreadExecutor.execute(ThreadExecutor.java:94)\n    at knot//adris.altoclef.tasks.speedrun.testrun2.ResetSignal.fire(ResetSignal.java:42)\n    at knot//adris.altoclef.tasks.speedrun.testrun2.ModernSpeedrunTask.spawnGate(ModernSpeedrunTask.java:576)\n    at knot//adris.altoclef.tasks.speedrun.testrun2.ModernSpeedrunTask.onTickInner(ModernSpeedrunTask.java:656)\n    at knot//adris.altoclef.tasks.speedrun.testrun2.ModernSpeedrunTask.onTick(ModernSpeedrunTask.java:507)\n    at knot//adris.altoclef.tasksystem.Task.tick(Task.java:46)\n    at knot//adris.altoclef.chains.SingleTaskChain.onTick(SingleTaskChain.java:36)\n    at knot//adris.altoclef.chains.UserTaskChain.onTick(UserTaskChain.java:53)\n    at knot//adris.altoclef.tasksystem.TaskChain.tick(TaskChain.java:16)\n    at knot//adris.altoclef.tasksystem.TaskRunner.tick(TaskRunner.java:45)\n    at knot//adris.altoclef.AltoClef.onClientTick(AltoClef.java:271)\n    at knot//adris.altoclef.AltoClef.lambda$onInitializeLoad$8(AltoClef.java:216)\n    at knot//adris.altoclef.eventbus.Subscription.accept(Subscription.java:15)\n    at knot//adris.altoclef.eventbus.EventBus.publish(EventBus.java:46)\n    at knot//net.minecraft.client.MinecraftClient.handler$zfb000$altoclef$clientTick(MinecraftClient.java:6365)\n    at knot//net.minecraft.client.MinecraftClient.tick(MinecraftClient.java)\n    at knot//net.minecraft.client.MinecraftClient.render(MinecraftClient.java:994)\n    at knot//net.minecraft.client.MinecraftClient.run(MinecraftClient.java:654)\n    at knot//net.minecraft.client.main.Main.main(Main.java:215)\n    at net.fabricmc.loader.impl.game.minecraft.MinecraftGameProvider.launch(MinecraftGameProvider.java:480)\n    at net.fabricmc.loader.impl.launch.knot.Knot.launch(Knot.java:74)\n    at net.fabricmc.loader.impl.launch.knot.KnotClient.main(KnotClient.java:23)\n    at net.fabricmc.devlaunchinjector.Main.main(Main.java:86)
[20:30:03] [T2Deadman/INFO] (Minecraft) [STDOUT]: TENORCLEF: HARNESS: DEADMAN: no client tick for 30s — the client thread is blocked. worstTick=27196ms (BOOTSTRAP @-9,72,-1 child=MineAndCollectTask)
[20:30:33] [T2Deadman/INFO] (Minecraft) [STDOUT]: TENORCLEF: HARNESS: DEADMAN: still stalled at 60s (armed=true, worstTick=27196ms)
[20:31:03] [T2Deadman/INFO] (Minecraft) [STDOUT]: TENORCLEF: HARNESS: DEADMAN: still stalled at 90s (armed=true, worstTick=27196ms)
[20:31:33] [T2Deadman/INFO] (Minecraft) [STDOUT]: TENORCLEF: DEADMAN: client thread blocked for 120s (fatal limit 120s). The run cannot make progress; exiting with code 87 instead of burning the timeout. worstTick=27196ms (BOOTSTRAP @-9,72,-1 child=MineAndCollectTask)
[20:31:33] [T2Deadman/INFO] (Minecraft) [STDOUT]: TENORCLEF: HARNESS: DEADMAN: client thread blocked for 120s (fatal limit 120s). The run cannot make progress; exiting with code 87 instead of burning the timeout. worstTick=27196ms (BOOTSTRAP @-9,72,-1 child=MineAndCollectTask)
[20:31:33] [T2Deadman/INFO] (Minecraft) [STDOUT]: ALTO CLEF: WARNING: T2 [S175] DEADMAN: client thread blocked for 120s (fatal limit 120s). The run cannot make progress; exiting with code 87 instead of burning the timeout. worstTick=27196ms (BOOTSTRAP @-9,72,-1 child=MineAndCollectTask)
[20:31:33] [T2Deadman/INFO] (Minecraft) [CHAT] §2§l§o[TenorClef] §cT2 [S175] DEADMAN: client thread blocked for 120s (fatal limit 120s). The run cannot make progress; exiting with code 87 instead of burning the timeout. worstTick=27196ms (BOOTSTRAP @-9,72,-1 child=MineAndCollectTask)§r
[20:31:33] [T2Deadman/INFO] (Minecraft) [CHAT] §2§l§o[TenorClef] §rT2 [HIST] 2:19.8 FORCE S175 DEADMAN: client thread blocked for 120s (fatal limit 120s). The run cannot make progress; exiting with code 87 instead of burning the timeout. worstTick=27196ms (BOOTSTRAP @-9,72,-1 child=MineAndCollectTask)
