=== overnight-testrun2 ===
Repo=C:\Users\redfa\Documents\MinecraftDev\altoclef  JAVA_HOME=C:\Program Files\Eclipse Adoptium\jdk-21.0.12.101-hotspot
OK settings already idle empty + baritone
STARTED gradle PID=11484  tee=C:\Users\redfa\Documents\MinecraftDev\altoclef\logs\overnight-runclient.log
Create-world automation (keyboard) - requires UI focus; never Hardcore; never load old save
create-world error: Cannot convert argument "hWnd", with value: "System.Object[]", for "ShowWindow" to type "System.IntPtr": "Cannot convert the "System.Object[]" value of type "System.Object[]" to type "System.IntPtr"."
Create-world automation (keyboard) - requires UI focus; never Hardcore; never load old save
create-world error: Cannot convert argument "hWnd", with value: "System.Object[]", for "ShowWindow" to type "System.IntPtr": "Cannot convert the "System.Object[]" value of type "System.Object[]" to type "System.IntPtr"."
Create-world automation (keyboard) - requires UI focus; never Hardcore; never load old save
create-world error: Cannot convert argument "hWnd", with value: "System.Object[]", for "ShowWindow" to type "System.IntPtr": "Cannot convert the "System.Object[]" value of type "System.Object[]" to type "System.IntPtr"."
Create-world automation (keyboard) - requires UI focus; never Hardcore; never load old save
create-world error: Cannot convert argument "hWnd", with value: "System.Object[]", for "ShowWindow" to type "System.IntPtr": "Cannot convert the "System.Object[]" value of type "System.Object[]" to type "System.IntPtr"."
Create-world automation (keyboard) - requires UI focus; never Hardcore; never load old save
create-world error: Cannot convert argument "hWnd", with value: "System.Object[]", for "ShowWindow" to type "System.IntPtr": "Cannot convert the "System.Object[]" value of type "System.Object[]" to type "System.IntPtr"."
Create-world automation (keyboard) - requires UI focus; never Hardcore; never load old save
create-world error: Cannot convert argument "hWnd", with value: "System.Object[]", for "ShowWindow" to type "System.IntPtr": "Cannot convert the "System.Object[]" value of type "System.Object[]" to type "System.IntPtr"."
Create-world automation (keyboard) - requires UI focus; never Hardcore; never load old save
create-world error: Cannot convert argument "hWnd", with value: "System.Object[]", for "ShowWindow" to type "System.IntPtr": "Cannot convert the "System.Object[]" value of type "System.Object[]" to type "System.IntPtr"."
Create-world automation (keyboard) - requires UI focus; never Hardcore; never load old save
create-world error: Cannot convert argument "hWnd", with value: "System.Object[]", for "ShowWindow" to type "System.IntPtr": "Cannot convert the "System.Object[]" value of type "System.Object[]" to type "System.IntPtr"."
Create-world automation (keyboard) - requires UI focus; never Hardcore; never load old save
create-world error: Cannot convert argument "hWnd", with value: "System.Object[]", for "ShowWindow" to type "System.IntPtr": "Cannot convert the "System.Object[]" value of type "System.Object[]" to type "System.IntPtr"."
Create-world automation (keyboard) - requires UI focus; never Hardcore; never load old save
create-world error: Cannot convert argument "hWnd", with value: "System.Object[]", for "ShowWindow" to type "System.IntPtr": "Cannot convert the "System.Object[]" value of type "System.Object[]" to type "System.IntPtr"."
Create-world automation (keyboard) - requires UI focus; never Hardcore; never load old save
create-world error: Cannot convert argument "hWnd", with value: "System.Object[]", for "ShowWindow" to type "System.IntPtr": "Cannot convert the "System.Object[]" value of type "System.Object[]" to type "System.IntPtr"."
Create-world automation (keyboard) - requires UI focus; never Hardcore; never load old save
create-world error: Cannot convert argument "hWnd", with value: "System.Object[]", for "ShowWindow" to type "System.IntPtr": "Cannot convert the "System.Object[]" value of type "System.Object[]" to type "System.IntPtr"."
Create-world automation (keyboard) - requires UI focus; never Hardcore; never load old save
create-world error: Cannot convert argument "hWnd", with value: "System.Object[]", for "ShowWindow" to type "System.IntPtr": "Cannot convert the "System.Object[]" value of type "System.Object[]" to type "System.IntPtr"."
Create-world automation (keyboard) - requires UI focus; never Hardcore; never load old save
create-world error: Cannot convert argument "hWnd", with value: "System.Object[]", for "ShowWindow" to type "System.IntPtr": "Cannot convert the "System.Object[]" value of type "System.Object[]" to type "System.IntPtr"."
Create-world automation (keyboard) - requires UI focus; never Hardcore; never load old save
create-world error: Cannot convert argument "hWnd", with value: "System.Object[]", for "ShowWindow" to type "System.IntPtr": "Cannot convert the "System.Object[]" value of type "System.Object[]" to type "System.IntPtr"."
Create-world automation (keyboard) - requires UI focus; never Hardcore; never load old save
create-world error: Cannot convert argument "hWnd", with value: "System.Object[]", for "ShowWindow" to type "System.IntPtr": "Cannot convert the "System.Object[]" value of type "System.Object[]" to type "System.IntPtr"."
JOIN TIMEOUT - client may still be on title; status blocker set
Monitor loop stall=90s statusEvery=30s
Copied crash crash-2026-09-16_14.48.59-client.txt -> overnight-crashes
Copied crash crash-2026-09-16_15.44.34-client.txt -> overnight-crashes
Copied crash crash-2026-09-20_02.59.38-client.txt -> overnight-crashes
Copied crash crash-2026-09-20_04.28.55-client.txt -> overnight-crashes
Copied crash crash-2026-09-20_04.40.29-client.txt -> overnight-crashes
[2026-09-20T05:21:38-07:00] state=blocker phase= pick= hit=
[2026-09-20T05:22:08-07:00] state=blocker phase= pick= hit=
[2026-09-20T05:22:38-07:00] state=blocker phase= pick= hit=
[2026-09-20T05:23:09-07:00] state=blocker phase= pick= hit=
[2026-09-20T05:23:39-07:00] state=blocker phase= pick= hit=
[2026-09-20T05:24:09-07:00] state=blocker phase= pick= hit=
[2026-09-20T05:24:39-07:00] state=blocker phase= pick= hit=
[2026-09-20T05:25:09-07:00] state=blocker phase= pick= hit=
[2026-09-20T05:25:39-07:00] state=blocker phase= pick= hit=
[2026-09-20T05:26:10-07:00] state=blocker phase= pick= hit=
[2026-09-20T05:26:40-07:00] state=blocker phase= pick= hit=
[2026-09-20T05:27:10-07:00] state=blocker phase= pick= hit=
[2026-09-20T05:27:40-07:00] state=blocker phase= pick= hit=
[2026-09-20T05:28:10-07:00] state=blocker phase= pick= hit=
[2026-09-20T05:28:40-07:00] state=blocker phase= pick= hit=
[2026-09-20T05:29:10-07:00] state=blocker phase= pick= hit=
[2026-09-20T05:29:40-07:00] state=blocker phase= pick= hit=
[2026-09-20T05:30:10-07:00] state=blocker phase= pick= hit=
[2026-09-20T05:30:41-07:00] state=blocker phase= pick= hit=
[2026-09-20T05:31:11-07:00] state=blocker phase= pick= hit=
[2026-09-20T05:31:41-07:00] state=blocker phase= pick= hit=
[2026-09-20T05:32:11-07:00] state=blocker phase= pick= hit=
[2026-09-20T05:32:41-07:00] state=blocker phase= pick= hit=
[2026-09-20T05:33:11-07:00] state=blocker phase= pick= hit=
[2026-09-20T05:33:41-07:00] state=blocker phase= pick= hit=
[2026-09-20T05:34:11-07:00] state=blocker phase= pick= hit=
[2026-09-20T05:34:42-07:00] state=blocker phase= pick= hit=
[2026-09-20T05:35:12-07:00] state=blocker phase= pick= hit=
[2026-09-20T05:35:42-07:00] state=blocker phase= pick= hit=
[2026-09-20T05:36:12-07:00] state=blocker phase= pick= hit=
[2026-09-20T05:36:42-07:00] state=blocker phase= pick= hit=
[2026-09-20T05:37:12-07:00] state=blocker phase= pick= hit=
[2026-09-20T05:37:42-07:00] state=blocker phase= pick= hit=
[2026-09-20T05:38:12-07:00] state=blocker phase= pick= hit=
[2026-09-20T05:38:42-07:00] state=blocker phase= pick= hit=
[2026-09-20T05:39:13-07:00] state=blocker phase= pick= hit=
[2026-09-20T05:39:43-07:00] state=blocker phase= pick= hit=
[2026-09-20T05:40:13-07:00] state=blocker phase= pick= hit=
[2026-09-20T05:40:43-07:00] state=blocker phase= pick= hit=
[2026-09-20T05:41:13-07:00] state=blocker phase= pick= hit=
[2026-09-20T05:41:43-07:00] state=blocker phase= pick= hit=
[2026-09-20T05:42:13-07:00] state=blocker phase= pick= hit=
[2026-09-20T05:42:43-07:00] state=blocker phase= pick= hit=
[2026-09-20T05:43:13-07:00] state=blocker phase= pick= hit=
[2026-09-20T05:43:44-07:00] state=blocker phase= pick= hit=
[2026-09-20T05:44:14-07:00] state=blocker phase= pick= hit=
[2026-09-20T05:44:44-07:00] state=blocker phase= pick= hit=
[2026-09-20T05:45:14-07:00] state=blocker phase= pick= hit=
[2026-09-20T05:45:44-07:00] state=blocker phase= pick= hit=
[2026-09-20T05:46:14-07:00] state=blocker phase= pick= hit=
[2026-09-20T05:46:44-07:00] state=blocker phase= pick= hit=
[2026-09-20T05:47:14-07:00] state=blocker phase= pick= hit=
[2026-09-20T05:47:44-07:00] state=blocker phase= pick= hit=
[2026-09-20T05:48:15-07:00] state=blocker phase= pick= hit=
[2026-09-20T05:48:45-07:00] state=blocker phase= pick= hit=
[2026-09-20T05:49:15-07:00] state=blocker phase= pick= hit=
[2026-09-20T05:49:45-07:00] state=blocker phase= pick= hit=
[2026-09-20T05:50:15-07:00] state=blocker phase= pick= hit=
[2026-09-20T05:50:45-07:00] state=blocker phase= pick= hit=
[2026-09-20T05:51:15-07:00] state=blocker phase= pick= hit=
[2026-09-20T05:51:45-07:00] state=blocker phase= pick= hit=
[2026-09-20T05:52:15-07:00] state=blocker phase= pick= hit=
[2026-09-20T05:52:46-07:00] state=blocker phase= pick= hit=
[2026-09-20T05:53:16-07:00] state=blocker phase= pick= hit=
[2026-09-20T05:53:46-07:00] state=blocker phase= pick= hit=
[2026-09-20T05:54:16-07:00] state=blocker phase= pick= hit=
[2026-09-20T05:54:46-07:00] state=blocker phase= pick= hit=
[2026-09-20T05:55:16-07:00] state=blocker phase= pick= hit=
[2026-09-20T05:55:46-07:00] state=blocker phase= pick= hit=
[2026-09-20T05:56:16-07:00] state=blocker phase= pick= hit=
[2026-09-20T05:56:46-07:00] state=blocker phase= pick= hit=
[2026-09-20T05:57:16-07:00] state=blocker phase= pick= hit=
[2026-09-20T05:57:47-07:00] state=blocker phase= pick= hit=
[2026-09-20T05:58:17-07:00] state=blocker phase= pick= hit=
[2026-09-20T05:58:47-07:00] state=blocker phase= pick= hit=
[2026-09-20T05:59:17-07:00] state=blocker phase= pick= hit=
[2026-09-20T05:59:47-07:00] state=blocker phase= pick= hit=
[2026-09-20T06:00:17-07:00] state=blocker phase= pick= hit=
[2026-09-20T06:00:47-07:00] state=blocker phase= pick= hit=
[2026-09-20T06:01:17-07:00] state=blocker phase= pick= hit=
[2026-09-20T06:01:48-07:00] state=blocker phase= pick= hit=
[2026-09-20T06:02:18-07:00] state=blocker phase= pick= hit=
[2026-09-20T06:02:48-07:00] state=blocker phase= pick= hit=
[2026-09-20T06:03:18-07:00] state=blocker phase= pick= hit=
[2026-09-20T06:03:48-07:00] state=blocker phase= pick= hit=
[2026-09-20T06:04:18-07:00] state=blocker phase= pick= hit=
[2026-09-20T06:04:48-07:00] state=blocker phase= pick= hit=
[2026-09-20T06:05:18-07:00] state=blocker phase= pick= hit=
[2026-09-20T06:05:48-07:00] state=blocker phase= pick= hit=
[2026-09-20T06:06:19-07:00] state=blocker phase= pick= hit=
[2026-09-20T06:06:49-07:00] state=blocker phase= pick= hit=
[2026-09-20T06:07:19-07:00] state=blocker phase= pick= hit=
[2026-09-20T06:07:49-07:00] state=blocker phase= pick= hit=
[2026-09-20T06:08:19-07:00] state=blocker phase= pick= hit=
[2026-09-20T06:08:49-07:00] state=blocker phase= pick= hit=
[2026-09-20T06:09:19-07:00] state=blocker phase= pick= hit=
[2026-09-20T06:09:49-07:00] state=blocker phase= pick= hit=
[2026-09-20T06:10:19-07:00] state=blocker phase= pick= hit=
[2026-09-20T06:10:50-07:00] state=blocker phase= pick= hit=
[2026-09-20T06:11:20-07:00] state=blocker phase= pick= hit=
[2026-09-20T06:11:50-07:00] state=blocker phase= pick= hit=
[2026-09-20T06:12:20-07:00] state=blocker phase= pick= hit=
[2026-09-20T06:12:50-07:00] state=blocker phase= pick= hit=
[2026-09-20T06:13:20-07:00] state=blocker phase= pick= hit=
[2026-09-20T06:13:50-07:00] state=blocker phase= pick= hit=
[2026-09-20T06:14:20-07:00] state=blocker phase= pick= hit=
[2026-09-20T06:14:50-07:00] state=blocker phase= pick= hit=
[2026-09-20T06:15:21-07:00] state=blocker phase= pick= hit=
[2026-09-20T06:15:51-07:00] state=blocker phase= pick= hit=
[2026-09-20T06:16:21-07:00] state=blocker phase= pick= hit=
[2026-09-20T06:16:51-07:00] state=blocker phase= pick= hit=
[2026-09-20T06:17:21-07:00] state=blocker phase= pick= hit=
[2026-09-20T06:17:51-07:00] state=blocker phase= pick= hit=
[2026-09-20T06:18:21-07:00] state=blocker phase= pick= hit=
[2026-09-20T06:18:51-07:00] state=blocker phase= pick= hit=
[2026-09-20T06:19:21-07:00] state=blocker phase= pick= hit=
[2026-09-20T06:19:52-07:00] state=blocker phase= pick= hit=
[2026-09-20T06:20:22-07:00] state=blocker phase= pick= hit=
[2026-09-20T06:20:52-07:00] state=blocker phase= pick= hit=
[2026-09-20T06:21:22-07:00] state=blocker phase= pick= hit=
[2026-09-20T06:21:52-07:00] state=blocker phase= pick= hit=
[2026-09-20T06:22:22-07:00] state=blocker phase= pick= hit=
[2026-09-20T06:22:52-07:00] state=blocker phase= pick= hit=
[2026-09-20T06:23:22-07:00] state=blocker phase= pick= hit=
[2026-09-20T06:23:52-07:00] state=blocker phase= pick= hit=
[2026-09-20T06:24:23-07:00] state=blocker phase= pick= hit=
[2026-09-20T06:24:53-07:00] state=blocker phase= pick= hit=
[2026-09-20T06:25:23-07:00] state=blocker phase= pick= hit=
[2026-09-20T06:25:53-07:00] state=blocker phase= pick= hit=
[2026-09-20T06:26:23-07:00] state=blocker phase= pick= hit=
[2026-09-20T06:26:53-07:00] state=blocker phase= pick= hit=
[2026-09-20T06:27:23-07:00] state=blocker phase= pick= hit=
[2026-09-20T06:27:53-07:00] state=blocker phase= pick= hit=
[2026-09-20T06:28:23-07:00] state=blocker phase= pick= hit=
[2026-09-20T06:28:54-07:00] state=blocker phase= pick= hit=
[2026-09-20T06:29:24-07:00] state=blocker phase= pick= hit=
[2026-09-20T06:29:54-07:00] state=blocker phase= pick= hit=
[2026-09-20T06:30:24-07:00] state=blocker phase= pick= hit=
[2026-09-20T06:30:54-07:00] state=blocker phase= pick= hit=
[2026-09-20T06:31:24-07:00] state=blocker phase= pick= hit=
[2026-09-20T06:31:54-07:00] state=blocker phase= pick= hit=
[2026-09-20T06:32:24-07:00] state=blocker phase= pick= hit=
[2026-09-20T06:32:54-07:00] state=blocker phase= pick= hit=
[2026-09-20T06:33:25-07:00] state=blocker phase= pick= hit=
[2026-09-20T06:33:55-07:00] state=blocker phase= pick= hit=
[2026-09-20T06:34:25-07:00] state=blocker phase= pick= hit=
[2026-09-20T06:34:55-07:00] state=blocker phase= pick= hit=
[2026-09-20T06:35:25-07:00] state=blocker phase= pick= hit=
[2026-09-20T06:35:55-07:00] state=blocker phase= pick= hit=
[2026-09-20T06:36:25-07:00] state=blocker phase= pick= hit=
[2026-09-20T06:36:55-07:00] state=blocker phase= pick= hit=
[2026-09-20T06:37:25-07:00] state=blocker phase= pick= hit=
[2026-09-20T06:37:56-07:00] state=blocker phase= pick= hit=
[2026-09-20T06:38:26-07:00] state=blocker phase= pick= hit=
[2026-09-20T06:38:56-07:00] state=blocker phase= pick= hit=
[2026-09-20T06:39:26-07:00] state=blocker phase= pick= hit=
[2026-09-20T06:39:56-07:00] state=blocker phase= pick= hit=
[2026-09-20T06:40:26-07:00] state=blocker phase= pick= hit=
[2026-09-20T06:40:56-07:00] state=blocker phase= pick= hit=
[2026-09-20T06:41:26-07:00] state=blocker phase= pick= hit=
[2026-09-20T06:41:56-07:00] state=blocker phase= pick= hit=
[2026-09-20T06:42:27-07:00] state=blocker phase= pick= hit=
[2026-09-20T06:42:57-07:00] state=blocker phase= pick= hit=
[2026-09-20T06:43:27-07:00] state=blocker phase= pick= hit=
[2026-09-20T06:43:57-07:00] state=blocker phase= pick= hit=
[2026-09-20T06:44:27-07:00] state=blocker phase= pick= hit=
[2026-09-20T06:44:57-07:00] state=blocker phase= pick= hit=
[2026-09-20T06:45:27-07:00] state=blocker phase= pick= hit=
[2026-09-20T06:45:57-07:00] state=blocker phase= pick= hit=
[2026-09-20T06:46:27-07:00] state=blocker phase= pick= hit=
[2026-09-20T06:46:58-07:00] state=blocker phase= pick= hit=
[2026-09-20T06:47:28-07:00] state=blocker phase= pick= hit=
[2026-09-20T06:47:58-07:00] state=blocker phase= pick= hit=
[2026-09-20T06:48:28-07:00] state=blocker phase= pick= hit=
[2026-09-20T06:48:58-07:00] state=blocker phase= pick= hit=
[2026-09-20T06:49:28-07:00] state=blocker phase= pick= hit=
[2026-09-20T06:49:58-07:00] state=blocker phase= pick= hit=
[2026-09-20T06:50:28-07:00] state=blocker phase= pick= hit=
[2026-09-20T06:50:58-07:00] state=blocker phase= pick= hit=
[2026-09-20T06:51:29-07:00] state=blocker phase= pick= hit=
[2026-09-20T06:51:59-07:00] state=blocker phase= pick= hit=
[2026-09-20T06:52:29-07:00] state=blocker phase= pick= hit=
[2026-09-20T06:52:59-07:00] state=blocker phase= pick= hit=
[2026-09-20T06:53:29-07:00] state=blocker phase= pick= hit=
[2026-09-20T06:53:59-07:00] state=blocker phase= pick= hit=
[2026-09-20T06:54:29-07:00] state=blocker phase= pick= hit=
[2026-09-20T06:54:59-07:00] state=blocker phase= pick= hit=
[2026-09-20T06:55:29-07:00] state=blocker phase= pick= hit=
[2026-09-20T06:56:00-07:00] state=blocker phase= pick= hit=
[2026-09-20T06:56:30-07:00] state=blocker phase= pick= hit=
[2026-09-20T06:57:00-07:00] state=blocker phase= pick= hit=
[2026-09-20T06:57:30-07:00] state=blocker phase= pick= hit=
[2026-09-20T06:58:00-07:00] state=blocker phase= pick= hit=
[2026-09-20T06:58:30-07:00] state=blocker phase= pick= hit=
[2026-09-20T06:59:00-07:00] state=blocker phase= pick= hit=
[2026-09-20T06:59:30-07:00] state=blocker phase= pick= hit=
[2026-09-20T07:00:00-07:00] state=blocker phase= pick= hit=
[2026-09-20T07:00:31-07:00] state=blocker phase= pick= hit=
[2026-09-20T07:01:01-07:00] state=blocker phase= pick= hit=
[2026-09-20T07:01:31-07:00] state=blocker phase= pick= hit=
[2026-09-20T07:02:01-07:00] state=blocker phase= pick= hit=
[2026-09-20T07:02:31-07:00] state=blocker phase= pick= hit=
[2026-09-20T07:03:01-07:00] state=blocker phase= pick= hit=
[2026-09-20T07:03:31-07:00] state=blocker phase= pick= hit=
[2026-09-20T07:04:01-07:00] state=blocker phase= pick= hit=
[2026-09-20T07:04:31-07:00] state=blocker phase= pick= hit=
[2026-09-20T07:05:01-07:00] state=blocker phase= pick= hit=
[2026-09-20T07:05:32-07:00] state=blocker phase= pick= hit=
[2026-09-20T07:06:02-07:00] state=blocker phase= pick= hit=
[2026-09-20T07:06:32-07:00] state=blocker phase= pick= hit=
[2026-09-20T07:07:02-07:00] state=blocker phase= pick= hit=
[2026-09-20T07:07:32-07:00] state=blocker phase= pick= hit=
[2026-09-20T07:08:02-07:00] state=blocker phase= pick= hit=
[2026-09-20T07:08:32-07:00] state=blocker phase= pick= hit=
[2026-09-20T07:09:02-07:00] state=blocker phase= pick= hit=
[2026-09-20T07:09:32-07:00] state=blocker phase= pick= hit=
[2026-09-20T07:10:03-07:00] state=blocker phase= pick= hit=
[2026-09-20T07:10:33-07:00] state=blocker phase= pick= hit=
[2026-09-20T07:11:03-07:00] state=blocker phase= pick= hit=
[2026-09-20T07:11:33-07:00] state=blocker phase= pick= hit=
[2026-09-20T07:12:03-07:00] state=blocker phase= pick= hit=
[2026-09-20T07:12:33-07:00] state=blocker phase= pick= hit=
[2026-09-20T07:13:03-07:00] state=blocker phase= pick= hit=
[2026-09-20T07:13:33-07:00] state=blocker phase= pick= hit=
[2026-09-20T07:14:03-07:00] state=blocker phase= pick= hit=
[2026-09-20T07:14:33-07:00] state=blocker phase= pick= hit=
[2026-09-20T07:15:04-07:00] state=blocker phase= pick= hit=
[2026-09-20T07:15:34-07:00] state=blocker phase= pick= hit=
[2026-09-20T07:16:04-07:00] state=blocker phase= pick= hit=
[2026-09-20T07:16:34-07:00] state=blocker phase= pick= hit=
[2026-09-20T07:17:04-07:00] state=blocker phase= pick= hit=
[2026-09-20T07:17:34-07:00] state=blocker phase= pick= hit=
[2026-09-20T07:18:04-07:00] state=blocker phase= pick= hit=
[2026-09-20T07:18:34-07:00] state=blocker phase= pick= hit=
[2026-09-20T07:19:04-07:00] state=blocker phase= pick= hit=
[2026-09-20T07:19:35-07:00] state=blocker phase= pick= hit=
[2026-09-20T07:20:05-07:00] state=blocker phase= pick= hit=
[2026-09-20T07:20:35-07:00] state=blocker phase= pick= hit=
[2026-09-20T07:21:05-07:00] state=blocker phase= pick= hit=
[2026-09-20T07:21:35-07:00] state=blocker phase= pick= hit=
[2026-09-20T07:22:05-07:00] state=blocker phase= pick= hit=
[2026-09-20T07:22:35-07:00] state=blocker phase= pick= hit=
[2026-09-20T07:23:05-07:00] state=blocker phase= pick= hit=
[2026-09-20T07:23:35-07:00] state=blocker phase= pick= hit=
[2026-09-20T07:24:06-07:00] state=blocker phase= pick= hit=
[2026-09-20T07:24:36-07:00] state=blocker phase= pick= hit=
[2026-09-20T07:25:06-07:00] state=blocker phase= pick= hit=
[2026-09-20T07:25:36-07:00] state=blocker phase= pick= hit=
[2026-09-20T07:26:06-07:00] state=blocker phase= pick= hit=
[2026-09-20T07:26:36-07:00] state=blocker phase= pick= hit=
[2026-09-20T07:27:06-07:00] state=blocker phase= pick= hit=
[2026-09-20T07:27:36-07:00] state=blocker phase= pick= hit=
[2026-09-20T07:28:06-07:00] state=blocker phase= pick= hit=
[2026-09-20T07:28:36-07:00] state=blocker phase= pick= hit=
[2026-09-20T07:29:07-07:00] state=blocker phase= pick= hit=
[2026-09-20T07:29:37-07:00] state=blocker phase= pick= hit=
[2026-09-20T07:30:07-07:00] state=blocker phase= pick= hit=
[2026-09-20T07:30:37-07:00] state=blocker phase= pick= hit=
[2026-09-20T07:31:07-07:00] state=blocker phase= pick= hit=
[2026-09-20T07:31:37-07:00] state=blocker phase= pick= hit=
[2026-09-20T07:32:07-07:00] state=blocker phase= pick= hit=
[2026-09-20T07:32:37-07:00] state=blocker phase= pick= hit=
[2026-09-20T07:33:08-07:00] state=blocker phase= pick= hit=
[2026-09-20T07:33:38-07:00] state=blocker phase= pick= hit=
[2026-09-20T07:34:08-07:00] state=blocker phase= pick= hit=
[2026-09-20T07:34:38-07:00] state=blocker phase= pick= hit=
[2026-09-20T07:35:08-07:00] state=blocker phase= pick= hit=
[2026-09-20T07:35:38-07:00] state=blocker phase= pick= hit=
[2026-09-20T07:36:08-07:00] state=blocker phase= pick= hit=
[2026-09-20T07:36:38-07:00] state=blocker phase= pick= hit=
[2026-09-20T07:37:08-07:00] state=blocker phase= pick= hit=
[2026-09-20T07:37:38-07:00] state=blocker phase= pick= hit=
[2026-09-20T07:38:09-07:00] state=blocker phase= pick= hit=
[2026-09-20T07:38:39-07:00] state=blocker phase= pick= hit=
[2026-09-20T07:39:09-07:00] state=blocker phase= pick= hit=
[2026-09-20T07:39:39-07:00] state=blocker phase= pick= hit=
[2026-09-20T07:40:09-07:00] state=blocker phase= pick= hit=
[2026-09-20T07:40:39-07:00] state=blocker phase= pick= hit=
[2026-09-20T07:41:09-07:00] state=blocker phase= pick= hit=
[2026-09-20T07:41:39-07:00] state=blocker phase= pick= hit=
[2026-09-20T07:42:10-07:00] state=blocker phase= pick= hit=
[2026-09-20T07:42:40-07:00] state=blocker phase= pick= hit=
[2026-09-20T07:43:10-07:00] state=blocker phase= pick= hit=
[2026-09-20T07:43:40-07:00] state=blocker phase= pick= hit=
[2026-09-20T07:44:10-07:00] state=blocker phase= pick= hit=
[2026-09-20T07:44:40-07:00] state=blocker phase= pick= hit=
[2026-09-20T07:45:10-07:00] state=blocker phase= pick= hit=
[2026-09-20T07:45:40-07:00] state=blocker phase= pick= hit=
[2026-09-20T07:46:10-07:00] state=blocker phase= pick= hit=
[2026-09-20T07:46:41-07:00] state=blocker phase= pick= hit=
[2026-09-20T07:47:11-07:00] state=blocker phase= pick= hit=
[2026-09-20T07:47:41-07:00] state=blocker phase= pick= hit=
[2026-09-20T07:48:11-07:00] state=blocker phase= pick= hit=
[2026-09-20T07:48:41-07:00] state=blocker phase= pick= hit=
[2026-09-20T07:49:11-07:00] state=blocker phase= pick= hit=
[2026-09-20T07:49:41-07:00] state=blocker phase= pick= hit=
[2026-09-20T07:50:11-07:00] state=blocker phase= pick= hit=
[2026-09-20T07:50:41-07:00] state=blocker phase= pick= hit=
[2026-09-20T07:51:12-07:00] state=blocker phase= pick= hit=
[2026-09-20T07:51:42-07:00] state=blocker phase= pick= hit=
[2026-09-20T07:52:12-07:00] state=blocker phase= pick= hit=
[2026-09-20T07:52:42-07:00] state=blocker phase= pick= hit=
[2026-09-20T07:53:12-07:00] state=blocker phase= pick= hit=
[2026-09-20T07:53:42-07:00] state=blocker phase= pick= hit=
[2026-09-20T07:54:12-07:00] state=blocker phase= pick= hit=
[2026-09-20T07:54:42-07:00] state=blocker phase= pick= hit=
[2026-09-20T07:55:12-07:00] state=blocker phase= pick= hit=
[2026-09-20T07:55:43-07:00] state=blocker phase= pick= hit=
[2026-09-20T07:56:13-07:00] state=blocker phase= pick= hit=
[2026-09-20T07:56:43-07:00] state=blocker phase= pick= hit=
[2026-09-20T07:57:13-07:00] state=blocker phase= pick= hit=
[2026-09-20T07:57:43-07:00] state=blocker phase= pick= hit=
[2026-09-20T07:58:13-07:00] state=blocker phase= pick= hit=
[2026-09-20T07:58:43-07:00] state=blocker phase= pick= hit=
[2026-09-20T07:59:13-07:00] state=blocker phase= pick= hit=
[2026-09-20T07:59:43-07:00] state=blocker phase= pick= hit=
[2026-09-20T08:00:14-07:00] state=blocker phase= pick= hit=
[2026-09-20T08:00:44-07:00] state=blocker phase= pick= hit=
[2026-09-20T08:01:14-07:00] state=blocker phase= pick= hit=
[2026-09-20T08:01:44-07:00] state=blocker phase= pick= hit=
[2026-09-20T08:02:14-07:00] state=blocker phase= pick= hit=
[2026-09-20T08:02:44-07:00] state=blocker phase= pick= hit=
[2026-09-20T08:03:14-07:00] state=blocker phase= pick= hit=
[2026-09-20T08:03:44-07:00] state=blocker phase= pick= hit=
[2026-09-20T08:04:14-07:00] state=blocker phase= pick= hit=
[2026-09-20T08:04:45-07:00] state=blocker phase= pick= hit=
[2026-09-20T08:05:15-07:00] state=blocker phase= pick= hit=
[2026-09-20T08:05:45-07:00] state=blocker phase= pick= hit=
[2026-09-20T08:06:15-07:00] state=blocker phase= pick= hit=
[2026-09-20T08:06:45-07:00] state=blocker phase= pick= hit=
[2026-09-20T08:07:15-07:00] state=blocker phase= pick= hit=
[2026-09-20T08:07:45-07:00] state=blocker phase= pick= hit=
[2026-09-20T08:08:15-07:00] state=blocker phase= pick= hit=
[2026-09-20T08:08:45-07:00] state=blocker phase= pick= hit=
[2026-09-20T08:09:16-07:00] state=blocker phase= pick= hit=
[2026-09-20T08:09:46-07:00] state=blocker phase= pick= hit=
[2026-09-20T08:10:16-07:00] state=blocker phase= pick= hit=
[2026-09-20T08:10:46-07:00] state=blocker phase= pick= hit=
[2026-09-20T08:11:16-07:00] state=blocker phase= pick= hit=
[2026-09-20T08:11:46-07:00] state=blocker phase= pick= hit=
[2026-09-20T08:12:16-07:00] state=blocker phase= pick= hit=
[2026-09-20T08:12:46-07:00] state=blocker phase= pick= hit=
[2026-09-20T08:13:16-07:00] state=blocker phase= pick= hit=
[2026-09-20T08:13:47-07:00] state=blocker phase= pick= hit=
[2026-09-20T08:14:17-07:00] state=blocker phase= pick= hit=
[2026-09-20T08:14:47-07:00] state=blocker phase= pick= hit=
[2026-09-20T08:15:17-07:00] state=blocker phase= pick= hit=
[2026-09-20T08:15:47-07:00] state=blocker phase= pick= hit=
[2026-09-20T08:16:17-07:00] state=blocker phase= pick= hit=
[2026-09-20T08:16:47-07:00] state=blocker phase= pick= hit=
[2026-09-20T08:17:17-07:00] state=blocker phase= pick= hit=
[2026-09-20T08:17:48-07:00] state=blocker phase= pick= hit=
[2026-09-20T08:18:18-07:00] state=blocker phase= pick= hit=
[2026-09-20T08:18:48-07:00] state=blocker phase= pick= hit=
[2026-09-20T08:19:18-07:00] state=blocker phase= pick= hit=
[2026-09-20T08:19:48-07:00] state=blocker phase= pick= hit=
[2026-09-20T08:20:18-07:00] state=blocker phase= pick= hit=
[2026-09-20T08:20:48-07:00] state=blocker phase= pick= hit=
[2026-09-20T08:21:18-07:00] state=blocker phase= pick= hit=
[2026-09-20T08:21:48-07:00] state=blocker phase= pick= hit=
[2026-09-20T08:22:19-07:00] state=blocker phase= pick= hit=
[2026-09-20T08:22:49-07:00] state=blocker phase= pick= hit=
[2026-09-20T08:23:19-07:00] state=blocker phase= pick= hit=
[2026-09-20T08:23:49-07:00] state=blocker phase= pick= hit=
[2026-09-20T08:24:19-07:00] state=blocker phase= pick= hit=
[2026-09-20T08:24:49-07:00] state=blocker phase= pick= hit=
[2026-09-20T08:25:19-07:00] state=blocker phase= pick= hit=
[2026-09-20T08:25:49-07:00] state=blocker phase= pick= hit=
[2026-09-20T08:26:19-07:00] state=blocker phase= pick= hit=
[2026-09-20T08:26:50-07:00] state=blocker phase= pick= hit=
[2026-09-20T08:27:20-07:00] state=blocker phase= pick= hit=
[2026-09-20T08:27:50-07:00] state=blocker phase= pick= hit=
[2026-09-20T08:28:20-07:00] state=blocker phase= pick= hit=
[2026-09-20T08:28:50-07:00] state=blocker phase= pick= hit=
[2026-09-20T08:29:20-07:00] state=blocker phase= pick= hit=
[2026-09-20T08:29:50-07:00] state=blocker phase= pick= hit=
[2026-09-20T08:30:20-07:00] state=blocker phase= pick= hit=
[2026-09-20T08:30:51-07:00] state=blocker phase= pick= hit=
[2026-09-20T08:31:21-07:00] state=blocker phase= pick= hit=
[2026-09-20T08:31:51-07:00] state=blocker phase= pick= hit=
[2026-09-20T08:32:21-07:00] state=blocker phase= pick= hit=
[2026-09-20T08:32:51-07:00] state=blocker phase= pick= hit=
[2026-09-20T08:33:21-07:00] state=blocker phase= pick= hit=
[2026-09-20T08:33:51-07:00] state=blocker phase= pick= hit=
[2026-09-20T08:34:21-07:00] state=blocker phase= pick= hit=
[2026-09-20T08:34:51-07:00] state=blocker phase= pick= hit=
[2026-09-20T08:35:22-07:00] state=blocker phase= pick= hit=
[2026-09-20T08:35:52-07:00] state=blocker phase= pick= hit=
[2026-09-20T08:36:22-07:00] state=blocker phase= pick= hit=
[2026-09-20T08:36:52-07:00] state=blocker phase= pick= hit=
[2026-09-20T08:37:22-07:00] state=blocker phase= pick= hit=
[2026-09-20T08:37:52-07:00] state=blocker phase= pick= hit=
[2026-09-20T08:38:22-07:00] state=blocker phase= pick= hit=
[2026-09-20T08:38:52-07:00] state=blocker phase= pick= hit=
[2026-09-20T08:39:22-07:00] state=blocker phase= pick= hit=
[2026-09-20T08:39:53-07:00] state=blocker phase= pick= hit=
[2026-09-20T08:40:23-07:00] state=blocker phase= pick= hit=
[2026-09-20T08:40:53-07:00] state=blocker phase= pick= hit=
[2026-09-20T08:41:23-07:00] state=blocker phase= pick= hit=
[2026-09-20T08:41:53-07:00] state=blocker phase= pick= hit=
[2026-09-20T08:42:23-07:00] state=blocker phase= pick= hit=
[2026-09-20T08:42:53-07:00] state=blocker phase= pick= hit=
[2026-09-20T08:43:23-07:00] state=blocker phase= pick= hit=
[2026-09-20T08:43:53-07:00] state=blocker phase= pick= hit=
[2026-09-20T08:44:24-07:00] state=blocker phase= pick= hit=
[2026-09-20T08:44:54-07:00] state=blocker phase= pick= hit=
[2026-09-20T08:45:24-07:00] state=blocker phase= pick= hit=
[2026-09-20T08:45:54-07:00] state=blocker phase= pick= hit=
[2026-09-20T08:46:24-07:00] state=blocker phase= pick= hit=
[2026-09-20T08:46:54-07:00] state=blocker phase= pick= hit=
[2026-09-20T08:47:24-07:00] state=blocker phase= pick= hit=
[2026-09-20T08:47:54-07:00] state=blocker phase= pick= hit=
[2026-09-20T08:48:24-07:00] state=blocker phase= pick= hit=
[2026-09-20T08:48:55-07:00] state=blocker phase= pick= hit=
[2026-09-20T08:49:25-07:00] state=blocker phase= pick= hit=
[2026-09-20T08:49:55-07:00] state=blocker phase= pick= hit=
[2026-09-20T08:50:25-07:00] state=blocker phase= pick= hit=
[2026-09-20T08:50:55-07:00] state=blocker phase= pick= hit=
[2026-09-20T08:51:25-07:00] state=blocker phase= pick= hit=
[2026-09-20T08:51:55-07:00] state=blocker phase= pick= hit=
[2026-09-20T08:52:25-07:00] state=blocker phase= pick= hit=
[2026-09-20T08:52:56-07:00] state=blocker phase= pick= hit=
[2026-09-20T08:53:26-07:00] state=blocker phase= pick= hit=
[2026-09-20T08:53:56-07:00] state=blocker phase= pick= hit=
[2026-09-20T08:54:26-07:00] state=blocker phase= pick= hit=
[2026-09-20T08:54:56-07:00] state=blocker phase= pick= hit=
[2026-09-20T08:55:26-07:00] state=blocker phase= pick= hit=
[2026-09-20T08:55:56-07:00] state=blocker phase= pick= hit=
[2026-09-20T08:56:26-07:00] state=blocker phase= pick= hit=
[2026-09-20T08:56:56-07:00] state=blocker phase= pick= hit=
[2026-09-20T08:57:26-07:00] state=blocker phase= pick= hit=
[2026-09-20T08:57:57-07:00] state=blocker phase= pick= hit=
[2026-09-20T08:58:27-07:00] state=blocker phase= pick= hit=
[2026-09-20T08:58:57-07:00] state=blocker phase= pick= hit=
[2026-09-20T08:59:27-07:00] state=blocker phase= pick= hit=
[2026-09-20T08:59:57-07:00] state=blocker phase= pick= hit=
[2026-09-20T09:00:27-07:00] state=blocker phase= pick= hit=
[2026-09-20T09:00:57-07:00] state=blocker phase= pick= hit=
[2026-09-20T09:01:27-07:00] state=blocker phase= pick= hit=
[2026-09-20T09:01:57-07:00] state=blocker phase= pick= hit=
[2026-09-20T09:02:28-07:00] state=blocker phase= pick= hit=
[2026-09-20T09:02:58-07:00] state=blocker phase= pick= hit=
[2026-09-20T09:03:28-07:00] state=blocker phase= pick= hit=
[2026-09-20T09:03:58-07:00] state=blocker phase= pick= hit=
[2026-09-20T09:04:28-07:00] state=blocker phase= pick= hit=
[2026-09-20T09:04:58-07:00] state=blocker phase= pick= hit=
[2026-09-20T09:05:28-07:00] state=blocker phase= pick= hit=
[2026-09-20T09:05:58-07:00] state=blocker phase= pick= hit=
[2026-09-20T09:06:28-07:00] state=blocker phase= pick= hit=
[2026-09-20T09:06:59-07:00] state=blocker phase= pick= hit=
[2026-09-20T09:07:29-07:00] state=blocker phase= pick= hit=
[2026-09-20T09:07:59-07:00] state=blocker phase= pick= hit=
[2026-09-20T09:08:29-07:00] state=blocker phase= pick= hit=
[2026-09-20T09:08:59-07:00] state=blocker phase= pick= hit=
[2026-09-20T09:09:29-07:00] state=blocker phase= pick= hit=
[2026-09-20T09:09:59-07:00] state=blocker phase= pick= hit=
[2026-09-20T09:10:29-07:00] state=blocker phase= pick= hit=
[2026-09-20T09:10:59-07:00] state=blocker phase= pick= hit=
[2026-09-20T09:11:30-07:00] state=blocker phase= pick= hit=
[2026-09-20T09:12:00-07:00] state=blocker phase= pick= hit=
[2026-09-20T09:12:30-07:00] state=blocker phase= pick= hit=
[2026-09-20T09:13:00-07:00] state=blocker phase= pick= hit=
[2026-09-20T09:13:30-07:00] state=blocker phase= pick= hit=
[2026-09-20T09:14:00-07:00] state=blocker phase= pick= hit=
[2026-09-20T09:14:30-07:00] state=blocker phase= pick= hit=
[2026-09-20T09:15:00-07:00] state=blocker phase= pick= hit=
[2026-09-20T09:15:30-07:00] state=blocker phase= pick= hit=
[2026-09-20T09:16:01-07:00] state=blocker phase= pick= hit=
[2026-09-20T09:16:31-07:00] state=blocker phase= pick= hit=
[2026-09-20T09:17:01-07:00] state=blocker phase= pick= hit=
[2026-09-20T09:17:31-07:00] state=blocker phase= pick= hit=
[2026-09-20T09:18:01-07:00] state=blocker phase= pick= hit=
[2026-09-20T09:18:31-07:00] state=blocker phase= pick= hit=
[2026-09-20T09:19:01-07:00] state=blocker phase= pick= hit=
[2026-09-20T09:19:31-07:00] state=blocker phase= pick= hit=
[2026-09-20T09:20:01-07:00] state=blocker phase= pick= hit=
[2026-09-20T09:20:31-07:00] state=blocker phase= pick= hit=
[2026-09-20T09:21:02-07:00] state=blocker phase= pick= hit=
[2026-09-20T09:21:32-07:00] state=blocker phase= pick= hit=
[2026-09-20T09:22:02-07:00] state=blocker phase= pick= hit=
[2026-09-20T09:22:32-07:00] state=blocker phase= pick= hit=
[2026-09-20T09:23:02-07:00] state=blocker phase= pick= hit=
[2026-09-20T09:23:32-07:00] state=blocker phase= pick= hit=
[2026-09-20T09:24:02-07:00] state=blocker phase= pick= hit=
[2026-09-20T09:24:32-07:00] state=blocker phase= pick= hit=
[2026-09-20T09:25:03-07:00] state=blocker phase= pick= hit=
[2026-09-20T09:25:33-07:00] state=blocker phase= pick= hit=
[2026-09-20T09:26:03-07:00] state=blocker phase= pick= hit=
[2026-09-20T09:26:33-07:00] state=blocker phase= pick= hit=
[2026-09-20T09:27:03-07:00] state=blocker phase= pick= hit=
[2026-09-20T09:27:33-07:00] state=blocker phase= pick= hit=
[2026-09-20T09:28:03-07:00] state=blocker phase= pick= hit=
[2026-09-20T09:28:33-07:00] state=blocker phase= pick= hit=
[2026-09-20T09:29:03-07:00] state=blocker phase= pick= hit=
[2026-09-20T09:29:34-07:00] state=blocker phase= pick= hit=
[2026-09-20T09:30:04-07:00] state=blocker phase= pick= hit=
[2026-09-20T09:30:34-07:00] state=blocker phase= pick= hit=
[2026-09-20T09:31:04-07:00] state=blocker phase= pick= hit=
[2026-09-20T09:31:34-07:00] state=blocker phase= pick= hit=
[2026-09-20T09:32:04-07:00] state=blocker phase= pick= hit=
[2026-09-20T09:32:34-07:00] state=blocker phase= pick= hit=
[2026-09-20T09:33:04-07:00] state=blocker phase= pick= hit=
[2026-09-20T09:33:34-07:00] state=blocker phase= pick= hit=
[2026-09-20T09:34:04-07:00] state=blocker phase= pick= hit=
[2026-09-20T09:34:35-07:00] state=blocker phase= pick= hit=
[2026-09-20T09:35:05-07:00] state=blocker phase= pick= hit=
[2026-09-20T09:35:35-07:00] state=blocker phase= pick= hit=
[2026-09-20T09:36:05-07:00] state=blocker phase= pick= hit=
[2026-09-20T09:36:35-07:00] state=blocker phase= pick= hit=
[2026-09-20T09:37:05-07:00] state=blocker phase= pick= hit=
[2026-09-20T09:37:35-07:00] state=blocker phase= pick= hit=
[2026-09-20T09:38:05-07:00] state=blocker phase= pick= hit=
[2026-09-20T09:38:35-07:00] state=blocker phase= pick= hit=
[2026-09-20T09:39:06-07:00] state=blocker phase= pick= hit=
[2026-09-20T09:39:36-07:00] state=blocker phase= pick= hit=
[2026-09-20T09:40:06-07:00] state=blocker phase= pick= hit=
[2026-09-20T09:40:36-07:00] state=blocker phase= pick= hit=
[2026-09-20T09:41:06-07:00] state=blocker phase= pick= hit=
[2026-09-20T09:41:36-07:00] state=blocker phase= pick= hit=
[2026-09-20T09:42:06-07:00] state=blocker phase= pick= hit=
[2026-09-20T09:42:37-07:00] state=blocker phase= pick= hit=
[2026-09-20T09:43:07-07:00] state=blocker phase= pick= hit=
[2026-09-20T09:43:37-07:00] state=blocker phase= pick= hit=
[2026-09-20T09:44:07-07:00] state=blocker phase= pick= hit=
[2026-09-20T09:44:37-07:00] state=blocker phase= pick= hit=
[2026-09-20T09:45:07-07:00] state=blocker phase= pick= hit=
[2026-09-20T09:45:37-07:00] state=blocker phase= pick= hit=
[2026-09-20T09:46:07-07:00] state=blocker phase= pick= hit=
[2026-09-20T09:46:37-07:00] state=blocker phase= pick= hit=
[2026-09-20T09:47:07-07:00] state=blocker phase= pick= hit=
[2026-09-20T09:47:38-07:00] state=blocker phase= pick= hit=
[2026-09-20T09:48:08-07:00] state=blocker phase= pick= hit=
[2026-09-20T09:48:38-07:00] state=blocker phase= pick= hit=
[2026-09-20T09:49:08-07:00] state=blocker phase= pick= hit=
[2026-09-20T09:49:38-07:00] state=blocker phase= pick= hit=
[2026-09-20T09:50:08-07:00] state=blocker phase= pick= hit=
[2026-09-20T09:50:38-07:00] state=blocker phase= pick= hit=
[2026-09-20T09:51:08-07:00] state=blocker phase= pick= hit=
[2026-09-20T09:51:39-07:00] state=blocker phase= pick= hit=
[2026-09-20T09:52:09-07:00] state=blocker phase= pick= hit=
[2026-09-20T09:52:39-07:00] state=blocker phase= pick= hit=
[2026-09-20T09:53:09-07:00] state=blocker phase= pick= hit=
[2026-09-20T09:53:39-07:00] state=blocker phase= pick= hit=
[2026-09-20T09:54:09-07:00] state=blocker phase= pick= hit=
[2026-09-20T09:54:39-07:00] state=blocker phase= pick= hit=
[2026-09-20T09:55:09-07:00] state=blocker phase= pick= hit=
[2026-09-20T09:55:39-07:00] state=blocker phase= pick= hit=
[2026-09-20T09:56:10-07:00] state=blocker phase= pick= hit=
[2026-09-20T09:56:40-07:00] state=blocker phase= pick= hit=
[2026-09-20T09:57:10-07:00] state=blocker phase= pick= hit=
[2026-09-20T09:57:40-07:00] state=blocker phase= pick= hit=
[2026-09-20T09:58:10-07:00] state=blocker phase= pick= hit=
[2026-09-20T09:58:40-07:00] state=blocker phase= pick= hit=
[2026-09-20T09:59:10-07:00] state=blocker phase= pick= hit=
[2026-09-20T09:59:40-07:00] state=blocker phase= pick= hit=
[2026-09-20T10:00:10-07:00] state=blocker phase= pick= hit=
[2026-09-20T10:00:41-07:00] state=blocker phase= pick= hit=
[2026-09-20T10:01:11-07:00] state=blocker phase= pick= hit=
[2026-09-20T10:01:41-07:00] state=blocker phase= pick= hit=
[2026-09-20T10:02:11-07:00] state=blocker phase= pick= hit=
[2026-09-20T10:02:41-07:00] state=blocker phase= pick= hit=
[2026-09-20T10:03:11-07:00] state=blocker phase= pick= hit=
[2026-09-20T10:03:41-07:00] state=blocker phase= pick= hit=
[2026-09-20T10:04:11-07:00] state=blocker phase= pick= hit=
[2026-09-20T10:04:41-07:00] state=blocker phase= pick= hit=
[2026-09-20T10:05:12-07:00] state=blocker phase= pick= hit=
[2026-09-20T10:05:42-07:00] state=blocker phase= pick= hit=
[2026-09-20T10:06:12-07:00] state=blocker phase= pick= hit=
[2026-09-20T10:06:42-07:00] state=blocker phase= pick= hit=
[2026-09-20T10:07:12-07:00] state=blocker phase= pick= hit=
[2026-09-20T10:07:42-07:00] state=blocker phase= pick= hit=
[2026-09-20T10:08:12-07:00] state=blocker phase= pick= hit=
[2026-09-20T10:08:42-07:00] state=blocker phase= pick= hit=
[2026-09-20T10:09:12-07:00] state=blocker phase= pick= hit=
[2026-09-20T10:09:43-07:00] state=blocker phase= pick= hit=
[2026-09-20T10:10:13-07:00] state=blocker phase= pick= hit=
[2026-09-20T10:10:43-07:00] state=blocker phase= pick= hit=
[2026-09-20T10:11:13-07:00] state=blocker phase= pick= hit=
[2026-09-20T10:11:43-07:00] state=blocker phase= pick= hit=
[2026-09-20T10:12:13-07:00] state=blocker phase= pick= hit=
[2026-09-20T10:12:43-07:00] state=blocker phase= pick= hit=
[2026-09-20T10:13:13-07:00] state=blocker phase= pick= hit=
[2026-09-20T10:13:44-07:00] state=blocker phase= pick= hit=
[2026-09-20T10:14:14-07:00] state=blocker phase= pick= hit=
[2026-09-20T10:14:44-07:00] state=blocker phase= pick= hit=
[2026-09-20T10:15:14-07:00] state=blocker phase= pick= hit=
[2026-09-20T10:15:44-07:00] state=blocker phase= pick= hit=
[2026-09-20T10:16:14-07:00] state=blocker phase= pick= hit=
[2026-09-20T10:16:44-07:00] state=blocker phase= pick= hit=
[2026-09-20T10:17:14-07:00] state=blocker phase= pick= hit=
[2026-09-20T10:17:44-07:00] state=blocker phase= pick= hit=
[2026-09-20T10:18:15-07:00] state=blocker phase= pick= hit=
[2026-09-20T10:18:45-07:00] state=blocker phase= pick= hit=
[2026-09-20T10:19:15-07:00] state=blocker phase= pick= hit=
[2026-09-20T10:19:45-07:00] state=blocker phase= pick= hit=
[2026-09-20T10:20:15-07:00] state=blocker phase= pick= hit=
[2026-09-20T10:20:45-07:00] state=blocker phase= pick= hit=
[2026-09-20T10:21:15-07:00] state=blocker phase= pick= hit=
[2026-09-20T10:21:45-07:00] state=blocker phase= pick= hit=
[2026-09-20T10:22:15-07:00] state=blocker phase= pick= hit=
[2026-09-20T10:22:46-07:00] state=blocker phase= pick= hit=
[2026-09-20T10:23:16-07:00] state=blocker phase= pick= hit=
[2026-09-20T10:23:46-07:00] state=blocker phase= pick= hit=
[2026-09-20T10:24:16-07:00] state=blocker phase= pick= hit=
[2026-09-20T10:24:46-07:00] state=blocker phase= pick= hit=
[2026-09-20T10:25:16-07:00] state=blocker phase= pick= hit=
[2026-09-20T10:25:46-07:00] state=blocker phase= pick= hit=
[2026-09-20T10:26:16-07:00] state=blocker phase= pick= hit=
[2026-09-20T10:26:46-07:00] state=blocker phase= pick= hit=
[2026-09-20T10:27:17-07:00] state=blocker phase= pick= hit=
[2026-09-20T10:27:47-07:00] state=blocker phase= pick= hit=
[2026-09-20T10:28:17-07:00] state=blocker phase= pick= hit=
[2026-09-20T10:28:47-07:00] state=blocker phase= pick= hit=
[2026-09-20T10:29:17-07:00] state=blocker phase= pick= hit=
[2026-09-20T10:29:47-07:00] state=blocker phase= pick= hit=
[2026-09-20T10:30:17-07:00] state=blocker phase= pick= hit=
[2026-09-20T10:30:47-07:00] state=blocker phase= pick= hit=
[2026-09-20T10:31:17-07:00] state=blocker phase= pick= hit=
[2026-09-20T10:31:48-07:00] state=blocker phase= pick= hit=
[2026-09-20T10:32:18-07:00] state=blocker phase= pick= hit=
[2026-09-20T10:32:48-07:00] state=blocker phase= pick= hit=
[2026-09-20T10:33:18-07:00] state=blocker phase= pick= hit=
[2026-09-20T10:33:48-07:00] state=blocker phase= pick= hit=
[2026-09-20T10:34:18-07:00] state=blocker phase= pick= hit=
[2026-09-20T10:34:48-07:00] state=blocker phase= pick= hit=
[2026-09-20T10:35:18-07:00] state=blocker phase= pick= hit=
[2026-09-20T10:35:48-07:00] state=blocker phase= pick= hit=
[2026-09-20T10:36:19-07:00] state=blocker phase= pick= hit=
[2026-09-20T10:36:49-07:00] state=blocker phase= pick= hit=
[2026-09-20T10:37:19-07:00] state=blocker phase= pick= hit=
[2026-09-20T10:37:49-07:00] state=blocker phase= pick= hit=
[2026-09-20T10:38:19-07:00] state=blocker phase= pick= hit=
[2026-09-20T10:38:49-07:00] state=blocker phase= pick= hit=
[2026-09-20T10:39:19-07:00] state=blocker phase= pick= hit=
[2026-09-20T10:39:49-07:00] state=blocker phase= pick= hit=
[2026-09-20T10:40:19-07:00] state=blocker phase= pick= hit=
[2026-09-20T10:40:50-07:00] state=blocker phase= pick= hit=
[2026-09-20T10:41:20-07:00] state=blocker phase= pick= hit=
[2026-09-20T10:41:50-07:00] state=blocker phase= pick= hit=
[2026-09-20T10:42:20-07:00] state=blocker phase= pick= hit=
[2026-09-20T10:42:50-07:00] state=blocker phase= pick= hit=
[2026-09-20T10:43:20-07:00] state=blocker phase= pick= hit=
[2026-09-20T10:43:50-07:00] state=blocker phase= pick= hit=
[2026-09-20T10:44:20-07:00] state=blocker phase= pick= hit=
[2026-09-20T10:44:50-07:00] state=blocker phase= pick= hit=
[2026-09-20T10:45:21-07:00] state=blocker phase= pick= hit=
[2026-09-20T10:45:51-07:00] state=blocker phase= pick= hit=
[2026-09-20T10:46:21-07:00] state=blocker phase= pick= hit=
[2026-09-20T10:46:51-07:00] state=blocker phase= pick= hit=
[2026-09-20T10:47:21-07:00] state=blocker phase= pick= hit=
[2026-09-20T10:47:51-07:00] state=blocker phase= pick= hit=
[2026-09-20T10:48:21-07:00] state=blocker phase= pick= hit=
[2026-09-20T10:48:51-07:00] state=blocker phase= pick= hit=
[2026-09-20T10:49:21-07:00] state=blocker phase= pick= hit=
[2026-09-20T10:49:52-07:00] state=blocker phase= pick= hit=
[2026-09-20T10:50:22-07:00] state=blocker phase= pick= hit=
[2026-09-20T10:50:52-07:00] state=blocker phase= pick= hit=
[2026-09-20T10:51:22-07:00] state=blocker phase= pick= hit=
[2026-09-20T10:51:52-07:00] state=blocker phase= pick= hit=
[2026-09-20T10:52:22-07:00] state=blocker phase= pick= hit=
[2026-09-20T10:52:52-07:00] state=blocker phase= pick= hit=
[2026-09-20T10:53:22-07:00] state=blocker phase= pick= hit=
[2026-09-20T10:53:52-07:00] state=blocker phase= pick= hit=
[2026-09-20T10:54:23-07:00] state=blocker phase= pick= hit=
[2026-09-20T10:54:53-07:00] state=blocker phase= pick= hit=
[2026-09-20T10:55:23-07:00] state=blocker phase= pick= hit=
[2026-09-20T10:55:53-07:00] state=blocker phase= pick= hit=
[2026-09-20T10:56:23-07:00] state=blocker phase= pick= hit=
[2026-09-20T10:56:53-07:00] state=blocker phase= pick= hit=
[2026-09-20T10:57:23-07:00] state=blocker phase= pick= hit=
[2026-09-20T10:57:53-07:00] state=blocker phase= pick= hit=
[2026-09-20T10:58:24-07:00] state=blocker phase= pick= hit=
[2026-09-20T10:58:54-07:00] state=blocker phase= pick= hit=
[2026-09-20T10:59:24-07:00] state=blocker phase= pick= hit=
[2026-09-20T10:59:54-07:00] state=blocker phase= pick= hit=
[2026-09-20T11:00:24-07:00] state=blocker phase= pick= hit=
[2026-09-20T11:00:54-07:00] state=blocker phase= pick= hit=
[2026-09-20T11:01:24-07:00] state=blocker phase= pick= hit=
[2026-09-20T11:01:54-07:00] state=blocker phase= pick= hit=
[2026-09-20T11:02:24-07:00] state=blocker phase= pick= hit=
[2026-09-20T11:02:55-07:00] state=blocker phase= pick= hit=
[2026-09-20T11:03:25-07:00] state=blocker phase= pick= hit=
[2026-09-20T11:03:55-07:00] state=blocker phase= pick= hit=
[2026-09-20T11:04:25-07:00] state=blocker phase= pick= hit=
[2026-09-20T11:04:55-07:00] state=blocker phase= pick= hit=
[2026-09-20T11:05:25-07:00] state=blocker phase= pick= hit=
[2026-09-20T11:05:55-07:00] state=blocker phase= pick= hit=
[2026-09-20T11:06:25-07:00] state=blocker phase= pick= hit=
[2026-09-20T11:06:55-07:00] state=blocker phase= pick= hit=
[2026-09-20T11:07:25-07:00] state=blocker phase= pick= hit=
[2026-09-20T11:07:56-07:00] state=blocker phase= pick= hit=
[2026-09-20T11:08:26-07:00] state=blocker phase= pick= hit=
[2026-09-20T11:08:56-07:00] state=blocker phase= pick= hit=
[2026-09-20T11:09:26-07:00] state=blocker phase= pick= hit=
[2026-09-20T11:09:56-07:00] state=blocker phase= pick= hit=
[2026-09-20T11:10:26-07:00] state=blocker phase= pick= hit=
[2026-09-20T11:10:56-07:00] state=blocker phase= pick= hit=
[2026-09-20T11:11:26-07:00] state=blocker phase= pick= hit=
[2026-09-20T11:11:56-07:00] state=blocker phase= pick= hit=
[2026-09-20T11:12:27-07:00] state=blocker phase= pick= hit=
[2026-09-20T11:12:57-07:00] state=blocker phase= pick= hit=
[2026-09-20T11:13:27-07:00] state=blocker phase= pick= hit=
[2026-09-20T11:13:57-07:00] state=blocker phase= pick= hit=
[2026-09-20T11:14:27-07:00] state=blocker phase= pick= hit=
[2026-09-20T11:14:57-07:00] state=blocker phase= pick= hit=
[2026-09-20T11:15:27-07:00] state=blocker phase= pick= hit=
[2026-09-20T11:15:57-07:00] state=blocker phase= pick= hit=
[2026-09-20T11:16:27-07:00] state=blocker phase= pick= hit=
[2026-09-20T11:16:58-07:00] state=blocker phase= pick= hit=
[2026-09-20T11:17:28-07:00] state=blocker phase= pick= hit=
[2026-09-20T11:17:58-07:00] state=blocker phase= pick= hit=
[2026-09-20T11:18:28-07:00] state=blocker phase= pick= hit=
[2026-09-20T11:18:58-07:00] state=blocker phase= pick= hit=
[2026-09-20T11:19:28-07:00] state=blocker phase= pick= hit=
[2026-09-20T11:19:58-07:00] state=blocker phase= pick= hit=
[2026-09-20T11:20:28-07:00] state=blocker phase= pick= hit=
[2026-09-20T11:20:58-07:00] state=blocker phase= pick= hit=
[2026-09-20T11:21:29-07:00] state=blocker phase= pick= hit=
[2026-09-20T11:21:59-07:00] state=blocker phase= pick= hit=
[2026-09-20T11:22:29-07:00] state=blocker phase= pick= hit=
[2026-09-20T11:22:59-07:00] state=blocker phase= pick= hit=
[2026-09-20T11:23:29-07:00] state=blocker phase= pick= hit=
[2026-09-20T11:23:59-07:00] state=blocker phase= pick= hit=
[2026-09-20T11:24:29-07:00] state=blocker phase= pick= hit=
[2026-09-20T11:24:59-07:00] state=blocker phase= pick= hit=
[2026-09-20T11:25:29-07:00] state=blocker phase= pick= hit=
[2026-09-20T11:26:00-07:00] state=blocker phase= pick= hit=
[2026-09-20T11:26:30-07:00] state=blocker phase= pick= hit=
[2026-09-20T11:27:00-07:00] state=blocker phase= pick= hit=
[2026-09-20T11:27:30-07:00] state=blocker phase= pick= hit=
[2026-09-20T11:28:00-07:00] state=blocker phase= pick= hit=
[2026-09-20T11:28:30-07:00] state=blocker phase= pick= hit=
[2026-09-20T11:29:00-07:00] state=blocker phase= pick= hit=
[2026-09-20T11:29:30-07:00] state=blocker phase= pick= hit=
[2026-09-20T11:30:00-07:00] state=blocker phase= pick= hit=
[2026-09-20T11:30:31-07:00] state=blocker phase= pick= hit=
[2026-09-20T11:31:01-07:00] state=blocker phase= pick= hit=
[2026-09-20T11:31:31-07:00] state=blocker phase= pick= hit=
[2026-09-20T11:32:01-07:00] state=blocker phase= pick= hit=
[2026-09-20T11:32:31-07:00] state=blocker phase= pick= hit=
[2026-09-20T11:33:01-07:00] state=blocker phase= pick= hit=
[2026-09-20T11:33:31-07:00] state=blocker phase= pick= hit=
[2026-09-20T11:34:01-07:00] state=blocker phase= pick= hit=
[2026-09-20T11:34:31-07:00] state=blocker phase= pick= hit=
[2026-09-20T11:35:02-07:00] state=blocker phase= pick= hit=
[2026-09-20T11:35:32-07:00] state=blocker phase= pick= hit=
[2026-09-20T11:36:02-07:00] state=blocker phase= pick= hit=
[2026-09-20T11:36:32-07:00] state=blocker phase= pick= hit=
[2026-09-20T11:37:02-07:00] state=blocker phase= pick= hit=
[2026-09-20T11:37:32-07:00] state=blocker phase= pick= hit=
[2026-09-20T11:38:02-07:00] state=blocker phase= pick= hit=
[2026-09-20T11:38:32-07:00] state=blocker phase= pick= hit=
[2026-09-20T11:39:02-07:00] state=blocker phase= pick= hit=
[2026-09-20T11:39:33-07:00] state=blocker phase= pick= hit=
[2026-09-20T11:40:03-07:00] state=blocker phase= pick= hit=
[2026-09-20T11:40:33-07:00] state=blocker phase= pick= hit=
[2026-09-20T11:41:03-07:00] state=blocker phase= pick= hit=
[2026-09-20T11:41:33-07:00] state=blocker phase= pick= hit=
[2026-09-20T11:42:03-07:00] state=blocker phase= pick= hit=
[2026-09-20T11:42:33-07:00] state=blocker phase= pick= hit=
[2026-09-20T11:43:03-07:00] state=blocker phase= pick= hit=
[2026-09-20T11:43:33-07:00] state=blocker phase= pick= hit=
[2026-09-20T11:44:03-07:00] state=blocker phase= pick= hit=
[2026-09-20T11:44:34-07:00] state=blocker phase= pick= hit=
[2026-09-20T11:45:04-07:00] state=blocker phase= pick= hit=
[2026-09-20T11:45:34-07:00] state=blocker phase= pick= hit=
[2026-09-20T11:46:04-07:00] state=blocker phase= pick= hit=
[2026-09-20T11:46:34-07:00] state=blocker phase= pick= hit=
[2026-09-20T11:47:04-07:00] state=blocker phase= pick= hit=
[2026-09-20T11:47:34-07:00] state=blocker phase= pick= hit=
[2026-09-20T11:48:04-07:00] state=blocker phase= pick= hit=
[2026-09-20T11:48:34-07:00] state=blocker phase= pick= hit=
[2026-09-20T11:49:05-07:00] state=blocker phase= pick= hit=
[2026-09-20T11:49:35-07:00] state=blocker phase= pick= hit=
[2026-09-20T11:50:05-07:00] state=blocker phase= pick= hit=
[2026-09-20T11:50:35-07:00] state=blocker phase= pick= hit=
[2026-09-20T11:51:05-07:00] state=blocker phase= pick= hit=
[2026-09-20T11:51:35-07:00] state=blocker phase= pick= hit=
[2026-09-20T11:52:05-07:00] state=blocker phase= pick= hit=
[2026-09-20T11:52:35-07:00] state=blocker phase= pick= hit=
[2026-09-20T11:53:05-07:00] state=blocker phase= pick= hit=
[2026-09-20T11:53:36-07:00] state=blocker phase= pick= hit=
[2026-09-20T11:54:06-07:00] state=blocker phase= pick= hit=
[2026-09-20T11:54:36-07:00] state=blocker phase= pick= hit=
[2026-09-20T11:55:06-07:00] state=blocker phase= pick= hit=
[2026-09-20T11:55:36-07:00] state=blocker phase= pick= hit=
[2026-09-20T11:56:06-07:00] state=blocker phase= pick= hit=
[2026-09-20T11:56:36-07:00] state=blocker phase= pick= hit=
[2026-09-20T11:57:06-07:00] state=blocker phase= pick= hit=
[2026-09-20T11:57:36-07:00] state=blocker phase= pick= hit=
[2026-09-20T11:58:07-07:00] state=blocker phase= pick= hit=
[2026-09-20T11:58:37-07:00] state=blocker phase= pick= hit=
[2026-09-20T11:59:07-07:00] state=blocker phase= pick= hit=
[2026-09-20T11:59:37-07:00] state=blocker phase= pick= hit=
[2026-09-20T12:00:07-07:00] state=blocker phase= pick= hit=
[2026-09-20T12:00:37-07:00] state=blocker phase= pick= hit=
[2026-09-20T12:01:07-07:00] state=blocker phase= pick= hit=
[2026-09-20T12:01:37-07:00] state=blocker phase= pick= hit=
