To honour the JVM settings for this build a single-use Daemon process will be forked. For more on this, please refer to https://docs.gradle.org/9.4.1/userguide/gradle_daemon.html#sec:disabling_the_daemon in the Gradle documentation.
Daemon will be stopped at the end of the build 
[tenorclef] gradle.properties.local sets org.gradle.java.home — Gradle selects the daemon JDK from JAVA_HOME or ~/.gradle/gradle.properties; export JAVA_HOME="C:/Program Files/Eclipse Adoptium/jdk-21.0.12.101-hotspot" if this pin is required.
[tenorclef] Loaded 1 entries from gradle.properties.local

> Configure project :1.16.1
Fabric Loom: 1.15.5

> Configure project :1.21.1
Fabric Loom: 1.15.5
[altoclef] Tungsten jars for 1.21.1: [tungsten-fabric-ALPHA-1.6.0-1.21compat-SNAPSHOT.jar]
Build file 'C:\Users\redfa\Documents\MinecraftDev\altoclef\build.gradle': line 313
Properties should be assigned using the 'propName = value' syntax. Setting a property via the Gradle-generated 'propName value' or 'propName(value)' syntax in Groovy DSL has been deprecated. This is scheduled to be removed in Gradle 10. Use assignment ('duplicatesStrategy = <value>') instead. Consult the upgrading guide for further information: https://docs.gradle.org/9.4.1/userguide/upgrading_version_8.html#groovy_space_assignment_syntax
	at build_dsk7s0l5lw6a69ogktr7fgsy9$_run_closure13$_closure39.doCall$original(C:\Users\redfa\Documents\MinecraftDev\altoclef\build.gradle:313)
	(Run with --stacktrace to get the full stack trace of this deprecation warning.)
	at build_dsk7s0l5lw6a69ogktr7fgsy9$_run_closure13.doCall$original(C:\Users\redfa\Documents\MinecraftDev\altoclef\build.gradle:312)
	(Run with --stacktrace to get the full stack trace of this deprecation warning.)
Not publishing sources jar as it was not created by the java plugin. Use java.withSourcesJar() to fix.

> Configure project :1.16.5
Fabric Loom: 1.15.5

> Configure project :1.21
Fabric Loom: 1.15.5
[altoclef] Tungsten jars for 1.21: [tungsten-fabric-ALPHA-1.6.0-1.21compat-SNAPSHOT.jar]
Not publishing sources jar as it was not created by the java plugin. Use java.withSourcesJar() to fix.

> Configure project :1.17.1
Fabric Loom: 1.15.5

> Configure project :1.20.6
Fabric Loom: 1.15.5
Not publishing sources jar as it was not created by the java plugin. Use java.withSourcesJar() to fix.

> Configure project :1.18
Fabric Loom: 1.15.5

> Configure project :1.20.5
Fabric Loom: 1.15.5
Not publishing sources jar as it was not created by the java plugin. Use java.withSourcesJar() to fix.

> Configure project :1.18.2
Fabric Loom: 1.15.5

> Configure project :1.20.4
Fabric Loom: 1.15.5
Not publishing sources jar as it was not created by the java plugin. Use java.withSourcesJar() to fix.

> Configure project :1.19.4
Fabric Loom: 1.15.5

> Configure project :1.20.2
Fabric Loom: 1.15.5
Not publishing sources jar as it was not created by the java plugin. Use java.withSourcesJar() to fix.

> Configure project :1.20.1
Fabric Loom: 1.15.5
Not publishing sources jar as it was not created by the java plugin. Use java.withSourcesJar() to fix.

> Configure project :1.19.4
Not publishing sources jar as it was not created by the java plugin. Use java.withSourcesJar() to fix.

> Configure project :1.18.2
Not publishing sources jar as it was not created by the java plugin. Use java.withSourcesJar() to fix.

> Configure project :1.18
Not publishing sources jar as it was not created by the java plugin. Use java.withSourcesJar() to fix.

> Configure project :1.17.1
Not publishing sources jar as it was not created by the java plugin. Use java.withSourcesJar() to fix.

> Configure project :1.16.5
Not publishing sources jar as it was not created by the java plugin. Use java.withSourcesJar() to fix.

> Configure project :1.16.1
[altoclef] Ostinato Baritone for 1.16.1: baritone-unoptimized-fabric-1.16.1.jar
[altoclef] Tungsten jars for 1.16.1: [tungsten-fabric-ALPHA-1.6.0-1.16.1-SNAPSHOT.jar]
Not publishing sources jar as it was not created by the java plugin. Use java.withSourcesJar() to fix.

> Configure project :1.21.11
Fabric Loom: 1.15.5
[altoclef] Ostinato Baritone for 1.21.11: baritone-unoptimized-fabric-1.17.0-7-g9bb1b309-dirty.jar
[altoclef] Tungsten jars for 1.21.11: [tungsten-fabric-ALPHA-1.6.0-1.21compat-SNAPSHOT.jar]
Not publishing sources jar as it was not created by the java plugin. Use java.withSourcesJar() to fix.

> Task :1.16.1:prepareDestMappingsForPreprocessor UP-TO-DATE
> Task :1.16.1:prepareSourceMappingsForPreprocessor UP-TO-DATE
> Task :1.16.5:prepareDestMappingsForPreprocessor UP-TO-DATE
> Task :1.16.5:prepareSourceMappingsForPreprocessor UP-TO-DATE
> Task :1.17.1:prepareDestMappingsForPreprocessor UP-TO-DATE
> Task :1.17.1:prepareSourceMappingsForPreprocessor UP-TO-DATE
> Task :1.18:prepareDestMappingsForPreprocessor UP-TO-DATE
> Task :1.18:prepareSourceMappingsForPreprocessor UP-TO-DATE
> Task :1.18.2:prepareDestMappingsForPreprocessor UP-TO-DATE
> Task :1.18.2:prepareSourceMappingsForPreprocessor UP-TO-DATE
> Task :1.19.4:prepareDestMappingsForPreprocessor UP-TO-DATE
> Task :1.19.4:prepareSourceMappingsForPreprocessor UP-TO-DATE
> Task :1.20.1:prepareDestMappingsForPreprocessor UP-TO-DATE
> Task :1.20.1:prepareSourceMappingsForPreprocessor UP-TO-DATE
> Task :1.20.2:prepareDestMappingsForPreprocessor UP-TO-DATE
> Task :1.20.2:prepareSourceMappingsForPreprocessor UP-TO-DATE
> Task :1.20.4:prepareDestMappingsForPreprocessor UP-TO-DATE
> Task :1.20.4:prepareSourceMappingsForPreprocessor UP-TO-DATE
> Task :1.20.5:prepareDestMappingsForPreprocessor UP-TO-DATE
> Task :1.20.5:prepareSourceMappingsForPreprocessor UP-TO-DATE
> Task :1.20.6:prepareDestMappingsForPreprocessor UP-TO-DATE
> Task :1.20.6:prepareSourceMappingsForPreprocessor UP-TO-DATE
> Task :1.21:prepareDestMappingsForPreprocessor UP-TO-DATE
> Task :1.21:prepareSourceMappingsForPreprocessor UP-TO-DATE
> Task :1.21:preprocessCode UP-TO-DATE
> Task :1.20.6:preprocessCode UP-TO-DATE
> Task :1.20.5:preprocessCode UP-TO-DATE
> Task :1.20.4:preprocessCode UP-TO-DATE
> Task :1.20.2:preprocessCode UP-TO-DATE
> Task :1.20.1:preprocessCode UP-TO-DATE
> Task :1.19.4:preprocessCode UP-TO-DATE
> Task :1.18.2:preprocessCode UP-TO-DATE
> Task :1.18:preprocessCode UP-TO-DATE
> Task :1.17.1:preprocessCode UP-TO-DATE
> Task :1.16.5:preprocessCode UP-TO-DATE
> Task :1.16.1:preprocessCode UP-TO-DATE
> Task :1.16.1:compileJava UP-TO-DATE
> Task :1.21:preprocessResources UP-TO-DATE
> Task :1.20.6:preprocessResources UP-TO-DATE
> Task :1.20.5:preprocessResources UP-TO-DATE
> Task :1.20.4:preprocessResources UP-TO-DATE
> Task :1.20.2:preprocessResources UP-TO-DATE
> Task :1.20.1:preprocessResources UP-TO-DATE
> Task :1.19.4:preprocessResources UP-TO-DATE
> Task :1.18.2:preprocessResources UP-TO-DATE
> Task :1.18:preprocessResources UP-TO-DATE
> Task :1.17.1:preprocessResources UP-TO-DATE
> Task :1.16.5:preprocessResources UP-TO-DATE
> Task :1.16.1:preprocessResources UP-TO-DATE
> Task :1.16.1:processResources UP-TO-DATE
> Task :1.16.1:classes UP-TO-DATE
> Task :1.16.1:generateLog4jConfig UP-TO-DATE
> Task :1.16.1:generateRemapClasspath UP-TO-DATE
> Task :1.16.1:generateDLIConfig UP-TO-DATE
> Task :1.16.1:configureLaunch UP-TO-DATE
> Task :1.16.1:downloadAssets UP-TO-DATE
> Task :1.16.1:extractNatives UP-TO-DATE
> Task :1.16.1:configureClientLaunch UP-TO-DATE

> Task :1.16.1:runClient
2026-09-20 15:14:11,748 main ERROR Error processing element Queue ([Appenders: null]): CLASS_NOT_FOUND
2026-09-20 15:14:12,363 main ERROR Unable to locate appender "ServerGuiConsole" for logger config "root"
[34m[15:14:12][m [32m[main/INFO][m [36m(FabricLoader/GameProvider)[m [0mLoading Minecraft 1.16.1 with Fabric Loader 0.16.7
[m[34m[15:14:12][m [33m[ForkJoinPool-1-worker-2/WARN][m [36m(FabricLoader/Metadata)[m [0mMod tungsten uses the version ALPHA-1.6.0-1.16.1-SNAPSHOT which isn't compatible with Loader's extended semantic version format (Could not parse version number component 'ALPHA'!), SemVer is recommended for reliably evaluating dependencies and prioritizing newer version
[m[34m[15:14:12][m [32m[main/INFO][m [36m(FabricLoader)[m [0mLoading 46 mods:
	- altoclef 1.16.1-0.19
	- baritone 1.16.1-ostinato
	- fabric 0.18.0+build.387-1.16.1
	- fabric-api-base 0.1.3+12a8474c02
	- fabric-biomes-v1 0.2.7+059ea86602
	- fabric-blockrenderlayer-v1 1.1.4+c6a8ea8902
	- fabric-command-api-v1 1.0.8+5ce5339802
	- fabric-commands-v0 0.2.0+52d3083602
	- fabric-containers-v0 0.1.8+045df74f02
	- fabric-content-registries-v0 0.1.9+059ea86602
	- fabric-crash-report-info-v1 0.1.2+b7f9825d02
	- fabric-dimensions-v1 1.0.0+a71b305302
	- fabric-events-interaction-v0 0.4.0+e540c58402
	- fabric-events-lifecycle-v0 0.2.0+16acbe5b02
	- fabric-game-rule-api-v1 1.0.0+fe81e12502
	- fabric-item-api-v1 1.0.0+16acbe5b02
	- fabric-item-groups-v0 0.2.0+438f963602
	- fabric-key-binding-api-v1 1.0.1+f404f3be02
	- fabric-keybindings-v0 0.2.0+3fa9f7c502
	- fabric-lifecycle-events-v1 1.2.0+e83e061c02
	- fabric-loot-tables-v1 1.0.0+386eb69e02
	- fabric-mining-levels-v0 0.1.2+b764ce9902
	- fabric-models-v0 0.1.0+dfdb52d602
	- fabric-networking-blockentity-v0 0.2.5+b50ffc7b02
	- fabric-networking-v0 0.1.10+e00ecb5f02
	- fabric-object-builder-api-v1 1.5.7+2242e77202
	- fabric-object-builders-v0 0.6.1+a2d21ddd02
	- fabric-particles-v1 0.2.1+0a6f2a7002
	- fabric-registry-sync-v0 0.3.8+7dba2d6c02
	- fabric-renderer-api-v1 0.2.13+eae12eb802
	- fabric-renderer-indigo 0.3.4+34d6c87102
	- fabric-renderer-registries-v1 2.1.0+be551d3c02
	- fabric-rendering-data-attachment-v1 0.1.3+b7f9825d02
	- fabric-rendering-fluids-v1 0.1.8+b7084faa02
	- fabric-rendering-v0 1.1.0+5341049002
	- fabric-rendering-v1 1.1.2+346247d702
	- fabric-resource-loader-v0 0.2.6+f41e209802
	- fabric-screen-handler-api-v1 1.1.0+97324d1102
	- fabric-tag-extensions-v0 0.2.7+a4c57d8e02
	- fabric-textures-v0 1.0.4+eae12eb802
	- fabric-tool-attribute-api-v1 1.2.1+91fca5cd02
	- fabricloader 0.16.7
	- java 21
	- minecraft 1.16.1
	- mixinextras 0.4.1
	- tungsten ALPHA-1.6.0-1.16.1-SNAPSHOT
[m[34m[15:14:12][m [32m[main/INFO][m [36m(FabricLoader/Mixin)[m [0mSpongePowered MIXIN Subsystem Version=0.8.7 Source=file:/C:/Users/redfa/.gradle/caches/modules-2/files-2.1/net.fabricmc/sponge-mixin/0.15.3+mixin.0.8.7/51ee0a44ab05f6fddd66b09e66b3a16904f9c55d/sponge-mixin-0.15.3+mixin.0.8.7.jar Service=Knot/Fabric Env=CLIENT
[m[34m[15:14:12][m [32m[main/INFO][m [36m(FabricLoader/Mixin)[m [0mLoaded Fabric development mappings for mixin remapper!
[m[34m[15:14:13][m [32m[main/INFO][m [36m(FabricLoader/Mixin)[m [0mCompatibility level set to JAVA_17
[m[34m[15:14:13][m [33m[main/WARN][m [36m(FabricLoader/Mixin)[m [0mError loading class: me/jellysquid/mods/sodium/client/world/SodiumChunkManager (java.lang.ClassNotFoundException: me/jellysquid/mods/sodium/client/world/SodiumChunkManager)
[m[34m[15:14:13][m [33m[main/WARN][m [36m(FabricLoader/Mixin)[m [0mError loading class: me/jellysquid/mods/sodium/client/util/collections/FixedLongHashTable (java.lang.ClassNotFoundException: me/jellysquid/mods/sodium/client/util/collections/FixedLongHashTable)
[m[34m[15:14:13][m [32m[main/INFO][m [36m(FabricLoader/MixinExtras|Service)[m [0mInitializing MixinExtras via com.llamalad7.mixinextras.service.MixinExtrasServiceImpl(version=0.4.1).
[m[34m[15:14:16][m [32m[main/INFO][m [36m(FabricLoader/Mixin)[m [0maltoclef.mixins.json:AxeItemAccessor from mod altoclef->@Accessor[FIELD_GETTER]::getEffectiveMaterials()Ljava/util/Set; should be static as its target is
[m[34m[15:14:18][m [32m[main/INFO][m [36m(Minecraft)[m [0mEnvironment: authHost='https://authserver.mojang.com', accountsHost='https://api.mojang.com', sessionHost='https://sessionserver.mojang.com', name='PROD'
[m[34m[15:14:18][m [32m[main/INFO][m [36m(Minecraft)[m [0mSetting user: Player643
[m[34m[15:14:19][m [32m[main/INFO][m [36m(Indigo)[m [0m[Indigo] Registering Indigo renderer!
[m[34m[15:14:19][m [32m[main/INFO][m [36m(Minecraft)[m [0m[STDERR]: [LWJGL] [ThreadLocalUtil] Unsupported JNI version detected, this may result in a crash. Please inform LWJGL developers.
[m[34m[15:14:19][m [32m[main/INFO][m [36m(Minecraft)[m [0mBackend library: LWJGL version 3.3.2-snapshot
[m[34m[15:14:22][m [32m[main/INFO][m [36m(Minecraft)[m [0mNarrator library for x64 successfully loaded
[m[34m[15:14:22][m [32m[main/INFO][m [36m(Minecraft)[m [0m[STDOUT]: TENORCLEF: Global Init
[m[34m[15:14:22][m [32m[main/INFO][m [36m(Minecraft)[m [0m[CHAT] [Baritone] Baritone settings file not found, resetting.
[m[34m[15:14:24][m [32m[main/INFO][m [36m(Minecraft)[m [0mReloading ResourceManager: Default, Fabric Object Builder API (v1), Fabric Object Builders (v0), Fabric Loader, Fabric API Base, Fabric Item API (v1), Fabric Rendering Fluids (v1), Fabric Lifecycle Events (v1), Fabric BlockRenderLayer Registration (v1), Fabric Item Groups (v0), Fabric Mining Levels (v0), Fabric Content Registries (v0), Fabric API, Fabric Key Bindings (v0), Fabric Containers (v0), Fabric Networking (v0), Fabric Textures (v0), Fabric Key Binding API (v1), Fabric Loot Tables (v1), Fabric Rendering (v1), Fabric Renderer Registries (v1), Fabric Tag Extensions (v0), Fabric Events Lifecycle (v0), Tungsten, Fabric Screen Handler API (v1), Fabric Renderer API (v1), Fabric Rendering Data Attachment (v1), Fabric Crash Report Info (v1), Fabric Game Rule API (v1), Fabric Renderer - Indigo, Fabric Biomes (v1), Fabric Tool Attribute API (v1), Fabric Registry Sync (v0), Fabric Models (v0), Fabric Rendering (v0), Fabric Resource Loader (v0), Fabric Networking Block Entity (v0), Alto Clef, Fabric Events Interaction (v0)
[m[34m[15:14:27][m [33m[main/WARN][m [36m(Minecraft)[m [0mAmbiguity between arguments [teleport, destination] and [teleport, targets] with inputs: [Player, 0123, @e, dd12be42-52a9-4a91-a8a1-11c01849e498]
[m[34m[15:14:27][m [33m[main/WARN][m [36m(Minecraft)[m [0mAmbiguity between arguments [teleport, location] and [teleport, destination] with inputs: [0.1 -0.5 .9, 0 0 0]
[m[34m[15:14:27][m [33m[main/WARN][m [36m(Minecraft)[m [0mAmbiguity between arguments [teleport, location] and [teleport, targets] with inputs: [0.1 -0.5 .9, 0 0 0]
[m[34m[15:14:27][m [33m[main/WARN][m [36m(Minecraft)[m [0mAmbiguity between arguments [teleport, targets] and [teleport, destination] with inputs: [Player, 0123, dd12be42-52a9-4a91-a8a1-11c01849e498]
[m[34m[15:14:27][m [33m[main/WARN][m [36m(Minecraft)[m [0mAmbiguity between arguments [teleport, targets, location] and [teleport, targets, destination] with inputs: [0.1 -0.5 .9, 0 0 0]
[m[34m[15:14:27][m [32m[main/INFO][m [36m(Minecraft)[m [0mReloading ResourceManager: Default, Fabric Object Builder API (v1), Fabric Object Builders (v0), Fabric Loader, Fabric API Base, Fabric Item API (v1), Fabric Rendering Fluids (v1), Fabric Lifecycle Events (v1), Fabric BlockRenderLayer Registration (v1), Fabric Item Groups (v0), Fabric Mining Levels (v0), Fabric Content Registries (v0), Fabric API, Fabric Key Bindings (v0), Fabric Containers (v0), Fabric Networking (v0), Fabric Textures (v0), Fabric Key Binding API (v1), Fabric Loot Tables (v1), Fabric Rendering (v1), Fabric Renderer Registries (v1), Fabric Tag Extensions (v0), Fabric Events Lifecycle (v0), Tungsten, Fabric Screen Handler API (v1), Fabric Renderer API (v1), Fabric Rendering Data Attachment (v1), Fabric Crash Report Info (v1), Fabric Game Rule API (v1), Fabric Renderer - Indigo, Fabric Biomes (v1), Fabric Tool Attribute API (v1), Fabric Registry Sync (v0), Fabric Models (v0), Fabric Rendering (v0), Fabric Resource Loader (v0), Fabric Networking Block Entity (v0), Alto Clef, Fabric Events Interaction (v0), Fabric Tool Attribute API (v1)
[m[34m[15:14:30][m [32m[main/INFO][m [36m(Minecraft)[m [0mLoaded 7 recipes
[m[34m[15:14:30][m [32m[main/INFO][m [36m(Minecraft)[m [0mLoaded 927 advancements
[m[34m[15:14:31][m [32m[main/INFO][m [36m(Minecraft)[m [0mEnvironment: authHost='https://authserver.mojang.com', accountsHost='https://api.mojang.com', sessionHost='https://sessionserver.mojang.com', name='PROD'
[m[34m[15:14:31][m [32m[Server thread/INFO][m [36m(Minecraft)[m [0mStarting integrated minecraft server version 1.16.1
[m[34m[15:14:31][m [32m[Server thread/INFO][m [36m(Minecraft)[m [0mGenerating keypair
[m[34m[15:14:35][m [32m[Server thread/INFO][m [36m(Minecraft)[m [0mPreparing start region for dimension minecraft:overworld
[m[34m[15:14:35][m [32m[main/INFO][m [36m(Minecraft)[m [0mPreparing spawn area: 0%
[m[34m[15:14:35][m [32m[main/INFO][m [36m(Minecraft)[m [0mPreparing spawn area: 0%
[m[34m[15:14:36][m [32m[main/INFO][m [36m(Minecraft)[m [0mPreparing spawn area: 0%
[m[34m[15:14:36][m [32m[main/INFO][m [36m(Minecraft)[m [0mPreparing spawn area: 4%
[m[34m[15:14:37][m [32m[main/INFO][m [36m(Minecraft)[m [0mPreparing spawn area: 5%
[m[34m[15:14:37][m [32m[main/INFO][m [36m(Minecraft)[m [0mPreparing spawn area: 12%
[m[34m[15:14:38][m [32m[main/INFO][m [36m(Minecraft)[m [0mPreparing spawn area: 16%
[m[34m[15:14:38][m [32m[main/INFO][m [36m(Minecraft)[m [0mPreparing spawn area: 16%
[m[34m[15:14:39][m [32m[main/INFO][m [36m(Minecraft)[m [0mPreparing spawn area: 23%
[m[34m[15:14:39][m [32m[main/INFO][m [36m(Minecraft)[m [0mPreparing spawn area: 23%
[m[34m[15:14:40][m [32m[main/INFO][m [36m(Minecraft)[m [0mPreparing spawn area: 33%
[m[34m[15:14:41][m [32m[main/INFO][m [36m(Minecraft)[m [0mPreparing spawn area: 37%
[m[34m[15:14:41][m [32m[main/INFO][m [36m(Minecraft)[m [0mPreparing spawn area: 40%
[m[34m[15:14:41][m [32m[main/INFO][m [36m(Minecraft)[m [0mPreparing spawn area: 47%
[m[34m[15:14:42][m [32m[main/INFO][m [36m(Minecraft)[m [0mPreparing spawn area: 48%
[m[34m[15:14:42][m [32m[main/INFO][m [36m(Minecraft)[m [0mPreparing spawn area: 61%
[m[34m[15:14:43][m [32m[main/INFO][m [36m(Minecraft)[m [0mPreparing spawn area: 68%
[m[34m[15:14:43][m [32m[main/INFO][m [36m(Minecraft)[m [0mPreparing spawn area: 72%
[m[34m[15:14:44][m [32m[main/INFO][m [36m(Minecraft)[m [0mPreparing spawn area: 80%
[m[34m[15:14:44][m [32m[main/INFO][m [36m(Minecraft)[m [0mPreparing spawn area: 86%
[m[34m[15:14:45][m [32m[main/INFO][m [36m(Minecraft)[m [0mPreparing spawn area: 89%
[m[34m[15:14:45][m [32m[main/INFO][m [36m(Minecraft)[m [0mTime elapsed: 10413 ms
[m[34m[15:14:46][m [32m[Server thread/INFO][m [36m(Minecraft)[m [0mChanging view distance to 11, from 10
[m[34m[15:14:46][m [32m[Server thread/INFO][m [36m(Minecraft)[m [0mPlayer643[local:E:449face8] logged in with entity id 224 at (-101.5, 71.0, 260.5)
[m[34m[15:14:46][m [32m[Server thread/INFO][m [36m(Minecraft)[m [0mPlayer643 joined the game
[m[34m[15:14:47][m [32m[main/INFO][m [36m(Minecraft)[m [0mOpenAL initialized.
[m[34m[15:14:47][m [32m[main/INFO][m [36m(Minecraft)[m [0mSound engine started
[m[34m[15:14:47][m [32m[main/INFO][m [36m(Minecraft)[m [0mCreated: 1024x1024x4 minecraft:textures/atlas/blocks.png-atlas
[m[34m[15:14:48][m [32m[main/INFO][m [36m(Minecraft)[m [0mCreated: 256x128x4 minecraft:textures/atlas/signs.png-atlas
[m[34m[15:14:48][m [32m[main/INFO][m [36m(Minecraft)[m [0mCreated: 1024x512x4 minecraft:textures/atlas/banner_patterns.png-atlas
[m[34m[15:14:48][m [32m[main/INFO][m [36m(Minecraft)[m [0mCreated: 1024x512x4 minecraft:textures/atlas/shield_patterns.png-atlas
[m[34m[15:14:48][m [32m[main/INFO][m [36m(Minecraft)[m [0mCreated: 256x256x4 minecraft:textures/atlas/chest.png-atlas
[m[34m[15:14:48][m [32m[main/INFO][m [36m(Minecraft)[m [0mCreated: 512x256x4 minecraft:textures/atlas/beds.png-atlas
[m[34m[15:14:48][m [32m[main/INFO][m [36m(Minecraft)[m [0mCreated: 512x256x4 minecraft:textures/atlas/shulker_boxes.png-atlas
[m[34m[15:14:49][m [32m[main/INFO][m [36m(Minecraft)[m [0mCreated: 256x256x0 minecraft:textures/atlas/particles.png-atlas
[m[34m[15:14:49][m [32m[main/INFO][m [36m(Minecraft)[m [0mCreated: 256x256x0 minecraft:textures/atlas/paintings.png-atlas
[m[34m[15:14:49][m [32m[main/INFO][m [36m(Minecraft)[m [0mCreated: 256x128x0 minecraft:textures/atlas/mob_effects.png-atlas
[m[34m[15:14:49][m [32m[main/INFO][m [36m(Minecraft)[m [0m[STDOUT]: Baritone world data dir: C:\Users\redfa\Documents\MinecraftDev\altoclef\versions\1.16.1\run\saves\AutoRun_20260920_151427\.\baritone
[m[34m[15:14:49][m [32m[main/INFO][m [36m(Minecraft)[m [0m[STDOUT]: Cached world directory: C:\Users\redfa\Documents\MinecraftDev\altoclef\versions\1.16.1\run\saves\AutoRun_20260920_151427\.\baritone\cache
[m[34m[15:14:49][m [32m[main/INFO][m [36m(Minecraft)[m [0m[STDOUT]: Would save waypoints to C:\Users\redfa\Documents\MinecraftDev\altoclef\versions\1.16.1\run\saves\AutoRun_20260920_151427\.\baritone\waypoints
[m[34m[15:14:49][m [32m[Server thread/INFO][m [36m(Minecraft)[m [0mSaving and pausing game...
[m[34m[15:14:50][m [32m[Server thread/INFO][m [36m(Minecraft)[m [0mSaving chunks for level 'ServerLevel[AutoRun_20260920_151427]'/minecraft:overworld
[m[34m[15:14:50][m [32m[main/INFO][m [36m(Minecraft)[m [0mLoaded 0 advancements
[m[34m[15:14:51][m [32m[Server thread/INFO][m [36m(Minecraft)[m [0mSaving chunks for level 'ServerLevel[AutoRun_20260920_151427]'/minecraft:the_nether
[m[34m[15:14:51][m [32m[Server thread/INFO][m [36m(Minecraft)[m [0mSaving chunks for level 'ServerLevel[AutoRun_20260920_151427]'/minecraft:the_end
[m[34m[15:15:19][m [32m[ForkJoinPool.commonPool-worker-1/INFO][m [36m(Minecraft)[m [0m[STDOUT]: Saving region 0,0 to disk C:\Users\redfa\Documents\MinecraftDev\altoclef\versions\1.16.1\run\saves\AutoRun_20260920_151427\.\baritone\cache
[m[34m[15:15:19][m [32m[pool-5-thread-2/INFO][m [36m(Minecraft)[m [0m[STDOUT]: Saving region -1,0 to disk C:\Users\redfa\Documents\MinecraftDev\altoclef\versions\1.16.1\run\saves\AutoRun_20260920_151427\.\baritone\cache
[m[34m[15:15:20][m [32m[ForkJoinPool.commonPool-worker-1/INFO][m [36m(Minecraft)[m [0m[STDOUT]: Saved region successfully
[m[34m[15:15:20][m [32m[pool-5-thread-2/INFO][m [36m(Minecraft)[m [0m[STDOUT]: Saved region successfully
[m[34m[15:15:20][m [32m[pool-5-thread-2/INFO][m [36m(Minecraft)[m [0m[STDOUT]: World save took 169ms
[m